Archive member included to satisfy reference by file (symbol)

f:/quartus-lite-18.1.0.625-windows/nios2eds/bin/gnu/h-x86_64-mingw32/bin/../lib/gcc/nios2-elf/5.3.0/../../../../../H-x86_64-mingw32/nios2-elf/lib/mno-hw-mul\libc.a(lib_a-printf.o)
                              obj/default/main.o (printf)
f:/quartus-lite-18.1.0.625-windows/nios2eds/bin/gnu/h-x86_64-mingw32/bin/../lib/gcc/nios2-elf/5.3.0/../../../../../H-x86_64-mingw32/nios2-elf/lib/mno-hw-mul\libc.a(lib_a-puts.o)
                              obj/default/main.o (puts)
f:/quartus-lite-18.1.0.625-windows/nios2eds/bin/gnu/h-x86_64-mingw32/bin/../lib/gcc/nios2-elf/5.3.0/../../../../../H-x86_64-mingw32/nios2-elf/lib/mno-hw-mul\libc.a(lib_a-strlen.o)
                              f:/quartus-lite-18.1.0.625-windows/nios2eds/bin/gnu/h-x86_64-mingw32/bin/../lib/gcc/nios2-elf/5.3.0/../../../../../H-x86_64-mingw32/nios2-elf/lib/mno-hw-mul\libc.a(lib_a-puts.o) (strlen)
f:/quartus-lite-18.1.0.625-windows/nios2eds/bin/gnu/h-x86_64-mingw32/bin/../lib/gcc/nios2-elf/5.3.0/../../../../../H-x86_64-mingw32/nios2-elf/lib/mno-hw-mul\libc.a(lib_a-vfprintf.o)
                              f:/quartus-lite-18.1.0.625-windows/nios2eds/bin/gnu/h-x86_64-mingw32/bin/../lib/gcc/nios2-elf/5.3.0/../../../../../H-x86_64-mingw32/nios2-elf/lib/mno-hw-mul\libc.a(lib_a-printf.o) (___vfprintf_internal_r)
f:/quartus-lite-18.1.0.625-windows/nios2eds/bin/gnu/h-x86_64-mingw32/bin/../lib/gcc/nios2-elf/5.3.0/../../../../../H-x86_64-mingw32/nios2-elf/lib/mno-hw-mul\libc.a(lib_a-wsetup.o)
                              f:/quartus-lite-18.1.0.625-windows/nios2eds/bin/gnu/h-x86_64-mingw32/bin/../lib/gcc/nios2-elf/5.3.0/../../../../../H-x86_64-mingw32/nios2-elf/lib/mno-hw-mul\libc.a(lib_a-vfprintf.o) (__swsetup_r)
f:/quartus-lite-18.1.0.625-windows/nios2eds/bin/gnu/h-x86_64-mingw32/bin/../lib/gcc/nios2-elf/5.3.0/../../../../../H-x86_64-mingw32/nios2-elf/lib/mno-hw-mul\libc.a(lib_a-dtoa.o)
                              f:/quartus-lite-18.1.0.625-windows/nios2eds/bin/gnu/h-x86_64-mingw32/bin/../lib/gcc/nios2-elf/5.3.0/../../../../../H-x86_64-mingw32/nios2-elf/lib/mno-hw-mul\libc.a(lib_a-vfprintf.o) (_dtoa_r)
f:/quartus-lite-18.1.0.625-windows/nios2eds/bin/gnu/h-x86_64-mingw32/bin/../lib/gcc/nios2-elf/5.3.0/../../../../../H-x86_64-mingw32/nios2-elf/lib/mno-hw-mul\libc.a(lib_a-fflush.o)
                              f:/quartus-lite-18.1.0.625-windows/nios2eds/bin/gnu/h-x86_64-mingw32/bin/../lib/gcc/nios2-elf/5.3.0/../../../../../H-x86_64-mingw32/nios2-elf/lib/mno-hw-mul\libc.a(lib_a-vfprintf.o) (_fflush_r)
f:/quartus-lite-18.1.0.625-windows/nios2eds/bin/gnu/h-x86_64-mingw32/bin/../lib/gcc/nios2-elf/5.3.0/../../../../../H-x86_64-mingw32/nios2-elf/lib/mno-hw-mul\libc.a(lib_a-findfp.o)
                              f:/quartus-lite-18.1.0.625-windows/nios2eds/bin/gnu/h-x86_64-mingw32/bin/../lib/gcc/nios2-elf/5.3.0/../../../../../H-x86_64-mingw32/nios2-elf/lib/mno-hw-mul\libc.a(lib_a-puts.o) (__sinit)
f:/quartus-lite-18.1.0.625-windows/nios2eds/bin/gnu/h-x86_64-mingw32/bin/../lib/gcc/nios2-elf/5.3.0/../../../../../H-x86_64-mingw32/nios2-elf/lib/mno-hw-mul\libc.a(lib_a-freer.o)
                              f:/quartus-lite-18.1.0.625-windows/nios2eds/bin/gnu/h-x86_64-mingw32/bin/../lib/gcc/nios2-elf/5.3.0/../../../../../H-x86_64-mingw32/nios2-elf/lib/mno-hw-mul\libc.a(lib_a-wsetup.o) (_free_r)
f:/quartus-lite-18.1.0.625-windows/nios2eds/bin/gnu/h-x86_64-mingw32/bin/../lib/gcc/nios2-elf/5.3.0/../../../../../H-x86_64-mingw32/nios2-elf/lib/mno-hw-mul\libc.a(lib_a-fvwrite.o)
                              f:/quartus-lite-18.1.0.625-windows/nios2eds/bin/gnu/h-x86_64-mingw32/bin/../lib/gcc/nios2-elf/5.3.0/../../../../../H-x86_64-mingw32/nios2-elf/lib/mno-hw-mul\libc.a(lib_a-puts.o) (__sfvwrite_r)
f:/quartus-lite-18.1.0.625-windows/nios2eds/bin/gnu/h-x86_64-mingw32/bin/../lib/gcc/nios2-elf/5.3.0/../../../../../H-x86_64-mingw32/nios2-elf/lib/mno-hw-mul\libc.a(lib_a-fwalk.o)
                              f:/quartus-lite-18.1.0.625-windows/nios2eds/bin/gnu/h-x86_64-mingw32/bin/../lib/gcc/nios2-elf/5.3.0/../../../../../H-x86_64-mingw32/nios2-elf/lib/mno-hw-mul\libc.a(lib_a-findfp.o) (_fwalk)
f:/quartus-lite-18.1.0.625-windows/nios2eds/bin/gnu/h-x86_64-mingw32/bin/../lib/gcc/nios2-elf/5.3.0/../../../../../H-x86_64-mingw32/nios2-elf/lib/mno-hw-mul\libc.a(lib_a-impure.o)
                              f:/quartus-lite-18.1.0.625-windows/nios2eds/bin/gnu/h-x86_64-mingw32/bin/../lib/gcc/nios2-elf/5.3.0/../../../../../H-x86_64-mingw32/nios2-elf/lib/mno-hw-mul\libc.a(lib_a-fflush.o) (_global_impure_ptr)
f:/quartus-lite-18.1.0.625-windows/nios2eds/bin/gnu/h-x86_64-mingw32/bin/../lib/gcc/nios2-elf/5.3.0/../../../../../H-x86_64-mingw32/nios2-elf/lib/mno-hw-mul\libc.a(lib_a-locale.o)
                              f:/quartus-lite-18.1.0.625-windows/nios2eds/bin/gnu/h-x86_64-mingw32/bin/../lib/gcc/nios2-elf/5.3.0/../../../../../H-x86_64-mingw32/nios2-elf/lib/mno-hw-mul\libc.a(lib_a-vfprintf.o) (_localeconv_r)
[...]
Memory Configuration

Name             Origin             Length             Attributes
reset            0x0000000000000000 0x0000000000000020
sdram            0x0000000000000020 0x0000000007ffffe0
onchip_memory2_0 0x0000000009000000 0x0000000000002000
*default*        0x0000000000000000 0xffffffffffffffff

Linker script and memory map

LOAD ../usb_bsp//obj/HAL/src/crt0.o
LOAD obj/default/io_handler.o
LOAD obj/default/main.o
LOAD obj/default/usb.o
LOAD f:/quartus-lite-18.1.0.625-windows/nios2eds/bin/gnu/h-x86_64-mingw32/bin/../lib/gcc/nios2-elf/5.3.0/../../../../../H-x86_64-mingw32/nios2-elf/lib/mno-hw-mul\libstdc++.a
LOAD f:/quartus-lite-18.1.0.625-windows/nios2eds/bin/gnu/h-x86_64-mingw32/bin/../lib/gcc/nios2-elf/5.3.0/../../../../../H-x86_64-mingw32/nios2-elf/lib/mno-hw-mul\libm.a
LOAD f:/quartus-lite-18.1.0.625-windows/nios2eds/bin/gnu/h-x86_64-mingw32/bin/../lib/gcc/nios2-elf/5.3.0/mno-hw-mul\libgcc.a
START GROUP
LOAD f:/quartus-lite-18.1.0.625-windows/nios2eds/bin/gnu/h-x86_64-mingw32/bin/../lib/gcc/nios2-elf/5.3.0/../../../../../H-x86_64-mingw32/nios2-elf/lib/mno-hw-mul\libc.a
LOAD f:/quartus-lite-18.1.0.625-windows/nios2eds/bin/gnu/h-x86_64-mingw32/bin/../lib/gcc/nios2-elf/5.3.0/mno-hw-mul\libgcc.a
LOAD ../usb_bsp/\libhal_bsp.a
LOAD f:/quartus-lite-18.1.0.625-windows/nios2eds/bin/gnu/h-x86_64-mingw32/bin/../lib/gcc/nios2-elf/5.3.0/../../../../../H-x86_64-mingw32/nios2-elf/lib/mno-hw-mul\libm.a
END GROUP
LOAD f:/quartus-lite-18.1.0.625-windows/nios2eds/bin/gnu/h-x86_64-mingw32/bin/../lib/gcc/nios2-elf/5.3.0/mno-hw-mul\libgcc.a
                0x0000000000000000                __alt_mem_sdram = 0x0
                0x0000000009000000                __alt_mem_onchip_memory2_0 = 0x9000000

.entry          0x0000000000000000       0x20
 *(.entry)
 .entry         0x0000000000000000       0x20 ../usb_bsp//obj/HAL/src/crt0.o
                0x0000000000000000                __reset

.exceptions     0x0000000000000020      0x210
                0x0000000000000020                PROVIDE (__ram_exceptions_start, ABSOLUTE (.))
                0x0000000000000020                . = ALIGN (0x20)
 *(.irq)
 *(.exceptions.entry.label)
 .exceptions.entry.label
                0x0000000000000020        0x0 ../usb_bsp/\libhal_bsp.a(alt_irq_entry.o)
                0x0000000000000020                alt_irq_entry
 .exceptions.entry.label
                0x0000000000000020        0x0 ../usb_bsp/\libhal_bsp.a(alt_exception_entry.o)
                0x0000000000000020                alt_exception
 *(.exceptions.entry.user)
 *(.exceptions.entry.ecc_fatal)
 *(.exceptions.entry)
 .exceptions.entry
                0x0000000000000020       0x54 ../usb_bsp/\libhal_bsp.a(alt_exception_entry.o)
 *(.exceptions.irqtest.user)
 *(.exceptions.irqtest)
 .exceptions.irqtest
                0x0000000000000074       0x10 ../usb_bsp/\libhal_bsp.a(alt_irq_entry.o)
 *(.exceptions.irqhandler.user)
 *(.exceptions.irqhandler)
 .exceptions.irqhandler
                0x0000000000000084        0x4 ../usb_bsp/\libhal_bsp.a(alt_irq_entry.o)
 *(.exceptions.irqreturn.user)
 *(.exceptions.irqreturn)
 .exceptions.irqreturn
                0x0000000000000088        0x4 ../usb_bsp/\libhal_bsp.a(alt_irq_entry.o)
 *(.exceptions.notirq.label)
 .exceptions.notirq.label
                0x000000000000008c        0x0 ../usb_bsp/\libhal_bsp.a(alt_irq_entry.o)
 *(.exceptions.notirq.user)
 *(.exceptions.notirq)
 .exceptions.notirq
                0x000000000000008c        0x8 ../usb_bsp/\libhal_bsp.a(alt_exception_entry.o)
 *(.exceptions.soft.user)
 *(.exceptions.soft)
 *(.exceptions.unknown.user)
 *(.exceptions.unknown)
 .exceptions.unknown
                0x0000000000000094       0x14 ../usb_bsp/\libhal_bsp.a(alt_exception_entry.o)
 *(.exceptions.exit.label)
 .exceptions.exit.label
                0x00000000000000a8        0x0 ../usb_bsp/\libhal_bsp.a(alt_irq_entry.o)
 .exceptions.exit.label
                0x00000000000000a8        0x0 ../usb_bsp/\libhal_bsp.a(alt_exception_entry.o)
 *(.exceptions.exit.user)
 *(.exceptions.exit)
 .exceptions.exit
                0x00000000000000a8       0x54 ../usb_bsp/\libhal_bsp.a(alt_exception_entry.o)
 *(.exceptions)
 .exceptions    0x00000000000000fc       0xd4 ../usb_bsp/\libhal_bsp.a(alt_irq_handler.o)
                0x00000000000000fc                alt_irq_handler
 .exceptions    0x00000000000001d0       0x60 ../usb_bsp/\libhal_bsp.a(alt_instruction_exception_entry.o)
                0x00000000000001d0                alt_instruction_exception_entry
                0x0000000000000230                PROVIDE (__ram_exceptions_end, ABSOLUTE (.))
                0x0000000000000020                PROVIDE (__flash_exceptions_start, LOADADDR (.exceptions))

.text           0x0000000000000230    0x11810
                [!provide]                        PROVIDE (stext, ABSOLUTE (.))
 *(.interp)
 *(.hash)
 *(.dynsym)
 *(.dynstr)
 *(.gnu.version)
 *(.gnu.version_d)
 *(.gnu.version_r)
 *(.rel.init)
 *(.rela.init)
 *(.rel.text .rel.text.* .rel.gnu.linkonce.t.*)
 *(.rela.text .rela.text.* .rela.gnu.linkonce.t.*)
 *(.rel.fini)
 *(.rela.fini)
 *(.rel.rodata .rel.rodata.* .rel.gnu.linkonce.r.*)
 *(.rela.rodata .rela.rodata.* .rela.gnu.linkonce.r.*)
 *(.rel.data .rel.data.* .rel.gnu.linkonce.d.*)
 *(.rela.data .rela.data.* .rela.gnu.linkonce.d.*)
 *(.rel.tdata .rel.tdata.* .rel.gnu.linkonce.td.*)
 *(.rela.tdata .rela.tdata.* .rela.gnu.linkonce.td.*)
 *(.rel.tbss .rel.tbss.* .rel.gnu.linkonce.tb.*)
 *(.rela.tbss .rela.tbss.* .rela.gnu.linkonce.tb.*)
 *(.rel.ctors)
 *(.rela.ctors)
 *(.rel.dtors)
 *(.rela.dtors)
 *(.rel.got)
 *(.rela.got)
 *(.rel.sdata .rel.sdata.* .rel.gnu.linkonce.s.*)
 *(.rela.sdata .rela.sdata.* .rela.gnu.linkonce.s.*)
 *(.rel.sbss .rel.sbss.* .rel.gnu.linkonce.sb.*)
 *(.rela.sbss .rela.sbss.* .rela.gnu.linkonce.sb.*)
 *(.rel.sdata2 .rel.sdata2.* .rel.gnu.linkonce.s2.*)
 *(.rela.sdata2 .rela.sdata2.* .rela.gnu.linkonce.s2.*)
 *(.rel.sbss2 .rel.sbss2.* .rel.gnu.linkonce.sb2.*)
 *(.rela.sbss2 .rela.sbss2.* .rela.gnu.linkonce.sb2.*)
 *(.rel.bss .rel.bss.* .rel.gnu.linkonce.b.*)
 *(.rela.bss .rela.bss.* .rela.gnu.linkonce.b.*)
 *(.rel.plt)
 *(.rela.plt)
 *(.rel.dyn)
 *(.init)
 *(.plt)
 *(.text .stub .text.* .gnu.linkonce.t.*)
 .text          0x0000000000000230       0x3c ../usb_bsp//obj/HAL/src/crt0.o
                0x0000000000000230                _start
 .text          0x000000000000026c      0x1b8 obj/default/io_handler.o
                0x000000000000026c                IO_init
                0x000000000000031c                IO_write
                0x00000000000003a4                IO_read
 .text          0x0000000000000424      0xd48 obj/default/main.o
                0x0000000000000424                main
 .text          0x000000000000116c     0x1174 obj/default/usb.o
                0x000000000000116c                UsbWrite
                0x00000000000011c4                UsbRead
                0x0000000000001208                UsbSoftReset
                0x00000000000012bc                UsbSetAddress
                0x00000000000013bc                UsbGetDeviceDesc1
                0x0000000000001504                UsbGetDeviceDesc2
                0x00000000000016dc                UsbGetConfigDesc1
                0x000000000000186c                UsbGetConfigDesc2
                0x0000000000001ad4                UsbSetConfig
                0x0000000000001bd4                UsbClassRequest
                0x0000000000001cd4                UsbGetHidDesc
                0x0000000000001e1c                UsbGetReportDesc
                0x000000000000215c                UsbWaitTDListDone
                0x00000000000021e0                UsbGetRetryCnt
                0x0000000000002260                UsbPrintMem
 .text          0x00000000000022e0        0x0 f:/quartus-lite-18.1.0.625-windows/nios2eds/bin/gnu/h-x86_64-mingw32/bin/../lib/gcc/nios2-elf/5.3.0/../../../../../H-x86_64-mingw32/nios2-elf/lib/mno-hw-mul\libc.a(lib_a-printf.o)
 .text._printf_r
                0x00000000000022e0       0x30 f:/quartus-lite-18.1.0.625-windows/nios2eds/bin/gnu/h-x86_64-mingw32/bin/../lib/gcc/nios2-elf/5.3.0/../../../../../H-x86_64-mingw32/nios2-elf/lib/mno-hw-mul\libc.a(lib_a-printf.o)
                0x00000000000022e0                _printf_r
 .text.printf   0x0000000000002310       0x3c f:/quartus-lite-18.1.0.625-windows/nios2eds/bin/gnu/h-x86_64-mingw32/bin/../lib/gcc/nios2-elf/5.3.0/../../../../../H-x86_64-mingw32/nios2-elf/lib/mno-hw-mul\libc.a(lib_a-printf.o)
                0x0000000000002310                printf
 .text          0x000000000000234c        0x0 f:/quartus-lite-18.1.0.625-windows/nios2eds/bin/gnu/h-x86_64-mingw32/bin/../lib/gcc/nios2-elf/5.3.0/../../../../../H-x86_64-mingw32/nios2-elf/lib/mno-hw-mul\libc.a(lib_a-puts.o)
 .text._puts_r  0x000000000000234c       0xc0 f:/quartus-lite-18.1.0.625-windows/nios2eds/bin/gnu/h-x86_64-mingw32/bin/../lib/gcc/nios2-elf/5.3.0/../../../../../H-x86_64-mingw32/nios2-elf/lib/mno-hw-mul\libc.a(lib_a-puts.o)
                0x000000000000234c                _puts_r
 .text.puts     0x000000000000240c       0x14 f:/quartus-lite-18.1.0.625-windows/nios2eds/bin/gnu/h-x86_64-mingw32/bin/../lib/gcc/nios2-elf/5.3.0/../../../../../H-x86_64-mingw32/nios2-elf/lib/mno-hw-mul\libc.a(lib_a-puts.o)
                0x000000000000240c                puts
 .text          0x0000000000002420        0x0 f:/quartus-lite-18.1.0.625-windows/nios2eds/bin/gnu/h-x86_64-mingw32/bin/../lib/gcc/nios2-elf/5.3.0/../../../../../H-x86_64-mingw32/nios2-elf/lib/mno-hw-mul\libc.a(lib_a-strlen.o)
 .text.strlen   0x0000000000002420       0x98 f:/quartus-lite-18.1.0.625-windows/nios2eds/bin/gnu/h-x86_64-mingw32/bin/../lib/gcc/nios2-elf/5.3.0/../../../../../H-x86_64-mingw32/nios2-elf/lib/mno-hw-mul\libc.a(lib_a-strlen.o)
                0x0000000000002420                strlen
 .text          0x00000000000024b8        0x0 f:/quartus-lite-18.1.0.625-windows/nios2eds/bin/gnu/h-x86_64-mingw32/bin/../lib/gcc/nios2-elf/5.3.0/../../../../../H-x86_64-mingw32/nios2-elf/lib/mno-hw-mul\libc.a(lib_a-vfprintf.o)
 .text.___vfprintf_internal_r
                0x00000000000024b8     0x22dc f:/quartus-lite-18.1.0.625-windows/nios2eds/bin/gnu/h-x86_64-mingw32/bin/../lib/gcc/nios2-elf/5.3.0/../../../../../H-x86_64-mingw32/nios2-elf/lib/mno-hw-mul\libc.a(lib_a-vfprintf.o)
                0x00000000000024b8                ___vfprintf_internal_r
 .text.__vfprintf_internal
                0x0000000000004794       0x1c f:/quartus-lite-18.1.0.625-windows/nios2eds/bin/gnu/h-x86_64-mingw32/bin/../lib/gcc/nios2-elf/5.3.0/../../../../../H-x86_64-mingw32/nios2-elf/lib/mno-hw-mul\libc.a(lib_a-vfprintf.o)
                0x0000000000004794                __vfprintf_internal
 .text.__sbprintf
                0x00000000000047b0       0xbc f:/quartus-lite-18.1.0.625-windows/nios2eds/bin/gnu/h-x86_64-mingw32/bin/../lib/gcc/nios2-elf/5.3.0/../../../../../H-x86_64-mingw32/nios2-elf/lib/mno-hw-mul\libc.a(lib_a-vfprintf.o)
 .text          0x000000000000486c        0x0 f:/quartus-lite-18.1.0.625-windows/nios2eds/bin/gnu/h-x86_64-mingw32/bin/../lib/gcc/nios2-elf/5.3.0/../../../../../H-x86_64-mingw32/nios2-elf/lib/mno-hw-mul\libc.a(lib_a-wsetup.o)
 .text.__swsetup_r
                0x000000000000486c      0x154 f:/quartus-lite-18.1.0.625-windows/nios2eds/bin/gnu/h-x86_64-mingw32/bin/../lib/gcc/nios2-elf/5.3.0/../../../../../H-x86_64-mingw32/nios2-elf/lib/mno-hw-mul\libc.a(lib_a-wsetup.o)
                0x000000000000486c                __swsetup_r
 .text          0x00000000000049c0        0x0 f:/quartus-lite-18.1.0.625-windows/nios2eds/bin/gnu/h-x86_64-mingw32/bin/../lib/gcc/nios2-elf/5.3.0/../../../../../H-x86_64-mingw32/nios2-elf/lib/mno-hw-mul\libc.a(lib_a-dtoa.o)
 .text.quorem   0x00000000000049c0      0x228 f:/quartus-lite-18.1.0.625-windows/nios2eds/bin/gnu/h-x86_64-mingw32/bin/../lib/gcc/nios2-elf/5.3.0/../../../../../H-x86_64-mingw32/nios2-elf/lib/mno-hw-mul\libc.a(lib_a-dtoa.o)
 .text._dtoa_r  0x0000000000004be8     0x1688 f:/quartus-lite-18.1.0.625-windows/nios2eds/bin/gnu/h-x86_64-mingw32/bin/../lib/gcc/nios2-elf/5.3.0/../../../../../H-x86_64-mingw32/nios2-elf/lib/mno-hw-mul\libc.a(lib_a-dtoa.o)
                0x0000000000004be8                _dtoa_r
 .text          0x0000000000006270        0x0 f:/quartus-lite-18.1.0.625-windows/nios2eds/bin/gnu/h-x86_64-mingw32/bin/../lib/gcc/nios2-elf/5.3.0/../../../../../H-x86_64-mingw32/nios2-elf/lib/mno-hw-mul\libc.a(lib_a-fflush.o)
 .text.__sflush_r
                0x0000000000006270      0x21c f:/quartus-lite-18.1.0.625-windows/nios2eds/bin/gnu/h-x86_64-mingw32/bin/../lib/gcc/nios2-elf/5.3.0/../../../../../H-x86_64-mingw32/nios2-elf/lib/mno-hw-mul\libc.a(lib_a-fflush.o)
                0x0000000000006270                __sflush_r
 .text._fflush_r
                0x000000000000648c       0x5c f:/quartus-lite-18.1.0.625-windows/nios2eds/bin/gnu/h-x86_64-mingw32/bin/../lib/gcc/nios2-elf/5.3.0/../../../../../H-x86_64-mingw32/nios2-elf/lib/mno-hw-mul\libc.a(lib_a-fflush.o)
                0x000000000000648c                _fflush_r
 .text.fflush   0x00000000000064e8       0x30 f:/quartus-lite-18.1.0.625-windows/nios2eds/bin/gnu/h-x86_64-mingw32/bin/../lib/gcc/nios2-elf/5.3.0/../../../../../H-x86_64-mingw32/nios2-elf/lib/mno-hw-mul\libc.a(lib_a-fflush.o)
                0x00000000000064e8                fflush
 .text          0x0000000000006518        0x0 f:/quartus-lite-18.1.0.625-windows/nios2eds/bin/gnu/h-x86_64-mingw32/bin/../lib/gcc/nios2-elf/5.3.0/../../../../../H-x86_64-mingw32/nios2-elf/lib/mno-hw-mul\libc.a(lib_a-findfp.o)
 .text.__fp_unlock
                0x0000000000006518        0x8 f:/quartus-lite-18.1.0.625-windows/nios2eds/bin/gnu/h-x86_64-mingw32/bin/../lib/gcc/nios2-elf/5.3.0/../../../../../H-x86_64-mingw32/nios2-elf/lib/mno-hw-mul\libc.a(lib_a-findfp.o)
 .text._cleanup_r
                0x0000000000006520        0xc f:/quartus-lite-18.1.0.625-windows/nios2eds/bin/gnu/h-x86_64-mingw32/bin/../lib/gcc/nios2-elf/5.3.0/../../../../../H-x86_64-mingw32/nios2-elf/lib/mno-hw-mul\libc.a(lib_a-findfp.o)
                0x0000000000006520                _cleanup_r
 .text.__sinit.part.1
                0x000000000000652c      0x19c f:/quartus-lite-18.1.0.625-windows/nios2eds/bin/gnu/h-x86_64-mingw32/bin/../lib/gcc/nios2-elf/5.3.0/../../../../../H-x86_64-mingw32/nios2-elf/lib/mno-hw-mul\libc.a(lib_a-findfp.o)
 .text.__fp_lock
                0x00000000000066c8        0x8 f:/quartus-lite-18.1.0.625-windows/nios2eds/bin/gnu/h-x86_64-mingw32/bin/../lib/gcc/nios2-elf/5.3.0/../../../../../H-x86_64-mingw32/nios2-elf/lib/mno-hw-mul\libc.a(lib_a-findfp.o)
 .text.__sfmoreglue
                0x00000000000066d0       0x78 f:/quartus-lite-18.1.0.625-windows/nios2eds/bin/gnu/h-x86_64-mingw32/bin/../lib/gcc/nios2-elf/5.3.0/../../../../../H-x86_64-mingw32/nios2-elf/lib/mno-hw-mul\libc.a(lib_a-findfp.o)
                0x00000000000066d0                __sfmoreglue
 .text.__sfp    0x0000000000006748      0x118 f:/quartus-lite-18.1.0.625-windows/nios2eds/bin/gnu/h-x86_64-mingw32/bin/../lib/gcc/nios2-elf/5.3.0/../../../../../H-x86_64-mingw32/nios2-elf/lib/mno-hw-mul\libc.a(lib_a-findfp.o)
                0x0000000000006748                __sfp
 .text._cleanup
                0x0000000000006860       0x18 f:/quartus-lite-18.1.0.625-windows/nios2eds/bin/gnu/h-x86_64-mingw32/bin/../lib/gcc/nios2-elf/5.3.0/../../../../../H-x86_64-mingw32/nios2-elf/lib/mno-hw-mul\libc.a(lib_a-findfp.o)
                0x0000000000006860                _cleanup
 .text.__sinit  0x0000000000006878       0x10 f:/quartus-lite-18.1.0.625-windows/nios2eds/bin/gnu/h-x86_64-mingw32/bin/../lib/gcc/nios2-elf/5.3.0/../../../../../H-x86_64-mingw32/nios2-elf/lib/mno-hw-mul\libc.a(lib_a-findfp.o)
                0x0000000000006878                __sinit
 .text.__sfp_lock_acquire
                0x0000000000006888        0x4 f:/quartus-lite-18.1.0.625-windows/nios2eds/bin/gnu/h-x86_64-mingw32/bin/../lib/gcc/nios2-elf/5.3.0/../../../../../H-x86_64-mingw32/nios2-elf/lib/mno-hw-mul\libc.a(lib_a-findfp.o)
                0x0000000000006888                __sfp_lock_acquire
 .text.__sfp_lock_release
                0x000000000000688c        0x4 f:/quartus-lite-18.1.0.625-windows/nios2eds/bin/gnu/h-x86_64-mingw32/bin/../lib/gcc/nios2-elf/5.3.0/../../../../../H-x86_64-mingw32/nios2-elf/lib/mno-hw-mul\libc.a(lib_a-findfp.o)
                0x000000000000688c                __sfp_lock_release
 .text.__sinit_lock_acquire
                0x0000000000006890        0x4 f:/quartus-lite-18.1.0.625-windows/nios2eds/bin/gnu/h-x86_64-mingw32/bin/../lib/gcc/nios2-elf/5.3.0/../../../../../H-x86_64-mingw32/nios2-elf/lib/mno-hw-mul\libc.a(lib_a-findfp.o)
                0x0000000000006890                __sinit_lock_acquire
 .text.__sinit_lock_release
                0x0000000000006894        0x4 f:/quartus-lite-18.1.0.625-windows/nios2eds/bin/gnu/h-x86_64-mingw32/bin/../lib/gcc/nios2-elf/5.3.0/../../../../../H-x86_64-mingw32/nios2-elf/lib/mno-hw-mul\libc.a(lib_a-findfp.o)
                0x0000000000006894                __sinit_lock_release
 .text.__fp_lock_all
                0x0000000000006898       0x18 f:/quartus-lite-18.1.0.625-windows/nios2eds/bin/gnu/h-x86_64-mingw32/bin/../lib/gcc/nios2-elf/5.3.0/../../../../../H-x86_64-mingw32/nios2-elf/lib/mno-hw-mul\libc.a(lib_a-findfp.o)
                0x0000000000006898                __fp_lock_all
 .text.__fp_unlock_all
                0x00000000000068b0       0x18 f:/quartus-lite-18.1.0.625-windows/nios2eds/bin/gnu/h-x86_64-mingw32/bin/../lib/gcc/nios2-elf/5.3.0/../../../../../H-x86_64-mingw32/nios2-elf/lib/mno-hw-mul\libc.a(lib_a-findfp.o)
                0x00000000000068b0                __fp_unlock_all
 .text          0x00000000000068c8        0x0 f:/quartus-lite-18.1.0.625-windows/nios2eds/bin/gnu/h-x86_64-mingw32/bin/../lib/gcc/nios2-elf/5.3.0/../../../../../H-x86_64-mingw32/nios2-elf/lib/mno-hw-mul\libc.a(lib_a-freer.o)
 .text._malloc_trim_r
                0x00000000000068c8      0x124 f:/quartus-lite-18.1.0.625-windows/nios2eds/bin/gnu/h-x86_64-mingw32/bin/../lib/gcc/nios2-elf/5.3.0/../../../../../H-x86_64-mingw32/nios2-elf/lib/mno-hw-mul\libc.a(lib_a-freer.o)
                0x00000000000068c8                _malloc_trim_r
 .text._free_r  0x00000000000069ec      0x310 f:/quartus-lite-18.1.0.625-windows/nios2eds/bin/gnu/h-x86_64-mingw32/bin/../lib/gcc/nios2-elf/5.3.0/../../../../../H-x86_64-mingw32/nios2-elf/lib/mno-hw-mul\libc.a(lib_a-freer.o)
                0x00000000000069ec                _free_r
 .text          0x0000000000006cfc        0x0 f:/quartus-lite-18.1.0.625-windows/nios2eds/bin/gnu/h-x86_64-mingw32/bin/../lib/gcc/nios2-elf/5.3.0/../../../../../H-x86_64-mingw32/nios2-elf/lib/mno-hw-mul\libc.a(lib_a-fvwrite.o)
 .text.__sfvwrite_r
                0x0000000000006cfc      0x4c8 f:/quartus-lite-18.1.0.625-windows/nios2eds/bin/gnu/h-x86_64-mingw32/bin/../lib/gcc/nios2-elf/5.3.0/../../../../../H-x86_64-mingw32/nios2-elf/lib/mno-hw-mul\libc.a(lib_a-fvwrite.o)
                0x0000000000006cfc                __sfvwrite_r
 .text          0x00000000000071c4        0x0 f:/quartus-lite-18.1.0.625-windows/nios2eds/bin/gnu/h-x86_64-mingw32/bin/../lib/gcc/nios2-elf/5.3.0/../../../../../H-x86_64-mingw32/nios2-elf/lib/mno-hw-mul\libc.a(lib_a-fwalk.o)
 .text._fwalk   0x00000000000071c4       0xc4 f:/quartus-lite-18.1.0.625-windows/nios2eds/bin/gnu/h-x86_64-mingw32/bin/../lib/gcc/nios2-elf/5.3.0/../../../../../H-x86_64-mingw32/nios2-elf/lib/mno-hw-mul\libc.a(lib_a-fwalk.o)
                0x00000000000071c4                _fwalk
 .text._fwalk_reent
                0x0000000000007288       0xc4 f:/quartus-lite-18.1.0.625-windows/nios2eds/bin/gnu/h-x86_64-mingw32/bin/../lib/gcc/nios2-elf/5.3.0/../../../../../H-x86_64-mingw32/nios2-elf/lib/mno-hw-mul\libc.a(lib_a-fwalk.o)
                0x0000000000007288                _fwalk_reent
 .text          0x000000000000734c        0x0 f:/quartus-lite-18.1.0.625-windows/nios2eds/bin/gnu/h-x86_64-mingw32/bin/../lib/gcc/nios2-elf/5.3.0/../../../../../H-x86_64-mingw32/nios2-elf/lib/mno-hw-mul\libc.a(lib_a-impure.o)
 .text          0x000000000000734c        0x0 f:/quartus-lite-18.1.0.625-windows/nios2eds/bin/gnu/h-x86_64-mingw32/bin/../lib/gcc/nios2-elf/5.3.0/../../../../../H-x86_64-mingw32/nios2-elf/lib/mno-hw-mul\libc.a(lib_a-locale.o)
 .text._setlocale_r
                0x000000000000734c       0x7c f:/quartus-lite-18.1.0.625-windows/nios2eds/bin/gnu/h-x86_64-mingw32/bin/../lib/gcc/nios2-elf/5.3.0/../../../../../H-x86_64-mingw32/nios2-elf/lib/mno-hw-mul\libc.a(lib_a-locale.o)
                0x000000000000734c                _setlocale_r
 .text.__locale_charset
                0x00000000000073c8        0xc f:/quartus-lite-18.1.0.625-windows/nios2eds/bin/gnu/h-x86_64-mingw32/bin/../lib/gcc/nios2-elf/5.3.0/../../../../../H-x86_64-mingw32/nios2-elf/lib/mno-hw-mul\libc.a(lib_a-locale.o)
                0x00000000000073c8                __locale_charset
 .text.__locale_mb_cur_max
                0x00000000000073d4       0x10 f:/quartus-lite-18.1.0.625-windows/nios2eds/bin/gnu/h-x86_64-mingw32/bin/../lib/gcc/nios2-elf/5.3.0/../../../../../H-x86_64-mingw32/nios2-elf/lib/mno-hw-mul\libc.a(lib_a-locale.o)
                0x00000000000073d4                __locale_mb_cur_max
 .text.__locale_msgcharset
                0x00000000000073e4        0xc f:/quartus-lite-18.1.0.625-windows/nios2eds/bin/gnu/h-x86_64-mingw32/bin/../lib/gcc/nios2-elf/5.3.0/../../../../../H-x86_64-mingw32/nios2-elf/lib/mno-hw-mul\libc.a(lib_a-locale.o)
                0x00000000000073e4                __locale_msgcharset
 .text.__locale_cjk_lang
                0x00000000000073f0        0x8 f:/quartus-lite-18.1.0.625-windows/nios2eds/bin/gnu/h-x86_64-mingw32/bin/../lib/gcc/nios2-elf/5.3.0/../../../../../H-x86_64-mingw32/nios2-elf/lib/mno-hw-mul\libc.a(lib_a-locale.o)
                0x00000000000073f0                __locale_cjk_lang
 .text._localeconv_r
                0x00000000000073f8        0xc f:/quartus-lite-18.1.0.625-windows/nios2eds/bin/gnu/h-x86_64-mingw32/bin/../lib/gcc/nios2-elf/5.3.0/../../../../../H-x86_64-mingw32/nios2-elf/lib/mno-hw-mul\libc.a(lib_a-locale.o)
                0x00000000000073f8                _localeconv_r
 .text.setlocale
                0x0000000000007404       0x18 f:/quartus-lite-18.1.0.625-windows/nios2eds/bin/gnu/h-x86_64-mingw32/bin/../lib/gcc/nios2-elf/5.3.0/../../../../../H-x86_64-mingw32/nios2-elf/lib/mno-hw-mul\libc.a(lib_a-locale.o)
                0x0000000000007404                setlocale
 .text.localeconv
                0x000000000000741c        0xc f:/quartus-lite-18.1.0.625-windows/nios2eds/bin/gnu/h-x86_64-mingw32/bin/../lib/gcc/nios2-elf/5.3.0/../../../../../H-x86_64-mingw32/nios2-elf/lib/mno-hw-mul\libc.a(lib_a-locale.o)
                0x000000000000741c                localeconv
 .text          0x0000000000007428        0x0 f:/quartus-lite-18.1.0.625-windows/nios2eds/bin/gnu/h-x86_64-mingw32/bin/../lib/gcc/nios2-elf/5.3.0/../../../../../H-x86_64-mingw32/nios2-elf/lib/mno-hw-mul\libc.a(lib_a-makebuf.o)
 .text.__smakebuf_r
                0x0000000000007428      0x1bc f:/quartus-lite-18.1.0.625-windows/nios2eds/bin/gnu/h-x86_64-mingw32/bin/../lib/gcc/nios2-elf/5.3.0/../../../../../H-x86_64-mingw32/nios2-elf/lib/mno-hw-mul\libc.a(lib_a-makebuf.o)
                0x0000000000007428                __smakebuf_r
 .text          0x00000000000075e4        0x0 f:/quartus-lite-18.1.0.625-windows/nios2eds/bin/gnu/h-x86_64-mingw32/bin/../lib/gcc/nios2-elf/5.3.0/../../../../../H-x86_64-mingw32/nios2-elf/lib/mno-hw-mul\libc.a(lib_a-mallocr.o)
 .text._malloc_r
                0x00000000000075e4      0x80c f:/quartus-lite-18.1.0.625-windows/nios2eds/bin/gnu/h-x86_64-mingw32/bin/../lib/gcc/nios2-elf/5.3.0/../../../../../H-x86_64-mingw32/nios2-elf/lib/mno-hw-mul\libc.a(lib_a-mallocr.o)
                0x00000000000075e4                _malloc_r
 .text          0x0000000000007df0        0x0 f:/quartus-lite-18.1.0.625-windows/nios2eds/bin/gnu/h-x86_64-mingw32/bin/../lib/gcc/nios2-elf/5.3.0/../../../../../H-x86_64-mingw32/nios2-elf/lib/mno-hw-mul\libc.a(lib_a-memchr.o)
 .text.memchr   0x0000000000007df0       0xe4 f:/quartus-lite-18.1.0.625-windows/nios2eds/bin/gnu/h-x86_64-mingw32/bin/../lib/gcc/nios2-elf/5.3.0/../../../../../H-x86_64-mingw32/nios2-elf/lib/mno-hw-mul\libc.a(lib_a-memchr.o)
                0x0000000000007df0                memchr
 .text          0x0000000000007ed4        0x0 f:/quartus-lite-18.1.0.625-windows/nios2eds/bin/gnu/h-x86_64-mingw32/bin/../lib/gcc/nios2-elf/5.3.0/../../../../../H-x86_64-mingw32/nios2-elf/lib/mno-hw-mul\libc.a(lib_a-memcpy.o)
 .text.memcpy   0x0000000000007ed4      0x148 f:/quartus-lite-18.1.0.625-windows/nios2eds/bin/gnu/h-x86_64-mingw32/bin/../lib/gcc/nios2-elf/5.3.0/../../../../../H-x86_64-mingw32/nios2-elf/lib/mno-hw-mul\libc.a(lib_a-memcpy.o)
                0x0000000000007ed4                memcpy
 .text          0x000000000000801c        0x0 f:/quartus-lite-18.1.0.625-windows/nios2eds/bin/gnu/h-x86_64-mingw32/bin/../lib/gcc/nios2-elf/5.3.0/../../../../../H-x86_64-mingw32/nios2-elf/lib/mno-hw-mul\libc.a(lib_a-memmove.o)
 .text.memmove  0x000000000000801c      0x15c f:/quartus-lite-18.1.0.625-windows/nios2eds/bin/gnu/h-x86_64-mingw32/bin/../lib/gcc/nios2-elf/5.3.0/../../../../../H-x86_64-mingw32/nios2-elf/lib/mno-hw-mul\libc.a(lib_a-memmove.o)
                0x000000000000801c                memmove
 .text          0x0000000000008178        0x0 f:/quartus-lite-18.1.0.625-windows/nios2eds/bin/gnu/h-x86_64-mingw32/bin/../lib/gcc/nios2-elf/5.3.0/../../../../../H-x86_64-mingw32/nios2-elf/lib/mno-hw-mul\libc.a(lib_a-memset.o)
 .text.memset   0x0000000000008178      0x128 f:/quartus-lite-18.1.0.625-windows/nios2eds/bin/gnu/h-x86_64-mingw32/bin/../lib/gcc/nios2-elf/5.3.0/../../../../../H-x86_64-mingw32/nios2-elf/lib/mno-hw-mul\libc.a(lib_a-memset.o)
                0x0000000000008178                memset
 .text          0x00000000000082a0        0x0 f:/quartus-lite-18.1.0.625-windows/nios2eds/bin/gnu/h-x86_64-mingw32/bin/../lib/gcc/nios2-elf/5.3.0/../../../../../H-x86_64-mingw32/nios2-elf/lib/mno-hw-mul\libc.a(lib_a-mprec.o)
 .text._Balloc  0x00000000000082a0       0xa8 f:/quartus-lite-18.1.0.625-windows/nios2eds/bin/gnu/h-x86_64-mingw32/bin/../lib/gcc/nios2-elf/5.3.0/../../../../../H-x86_64-mingw32/nios2-elf/lib/mno-hw-mul\libc.a(lib_a-mprec.o)
                0x00000000000082a0                _Balloc
 .text._Bfree   0x0000000000008348       0x28 f:/quartus-lite-18.1.0.625-windows/nios2eds/bin/gnu/h-x86_64-mingw32/bin/../lib/gcc/nios2-elf/5.3.0/../../../../../H-x86_64-mingw32/nios2-elf/lib/mno-hw-mul\libc.a(lib_a-mprec.o)
                0x0000000000008348                _Bfree
 .text.__multadd
                0x0000000000008370      0x148 f:/quartus-lite-18.1.0.625-windows/nios2eds/bin/gnu/h-x86_64-mingw32/bin/../lib/gcc/nios2-elf/5.3.0/../../../../../H-x86_64-mingw32/nios2-elf/lib/mno-hw-mul\libc.a(lib_a-mprec.o)
                0x0000000000008370                __multadd
 .text.__s2b    0x00000000000084b8      0x104 f:/quartus-lite-18.1.0.625-windows/nios2eds/bin/gnu/h-x86_64-mingw32/bin/../lib/gcc/nios2-elf/5.3.0/../../../../../H-x86_64-mingw32/nios2-elf/lib/mno-hw-mul\libc.a(lib_a-mprec.o)
                0x00000000000084b8                __s2b
 .text.__hi0bits
                0x00000000000085bc       0x68 f:/quartus-lite-18.1.0.625-windows/nios2eds/bin/gnu/h-x86_64-mingw32/bin/../lib/gcc/nios2-elf/5.3.0/../../../../../H-x86_64-mingw32/nios2-elf/lib/mno-hw-mul\libc.a(lib_a-mprec.o)
                0x00000000000085bc                __hi0bits
 .text.__lo0bits
                0x0000000000008624       0xb0 f:/quartus-lite-18.1.0.625-windows/nios2eds/bin/gnu/h-x86_64-mingw32/bin/../lib/gcc/nios2-elf/5.3.0/../../../../../H-x86_64-mingw32/nios2-elf/lib/mno-hw-mul\libc.a(lib_a-mprec.o)
                0x0000000000008624                __lo0bits
 .text.__i2b    0x00000000000086d4       0x3c f:/quartus-lite-18.1.0.625-windows/nios2eds/bin/gnu/h-x86_64-mingw32/bin/../lib/gcc/nios2-elf/5.3.0/../../../../../H-x86_64-mingw32/nios2-elf/lib/mno-hw-mul\libc.a(lib_a-mprec.o)
                0x00000000000086d4                __i2b
 .text.__multiply
                0x0000000000008710      0x28c f:/quartus-lite-18.1.0.625-windows/nios2eds/bin/gnu/h-x86_64-mingw32/bin/../lib/gcc/nios2-elf/5.3.0/../../../../../H-x86_64-mingw32/nios2-elf/lib/mno-hw-mul\libc.a(lib_a-mprec.o)
                0x0000000000008710                __multiply
 .text.__pow5mult
                0x000000000000899c      0x140 f:/quartus-lite-18.1.0.625-windows/nios2eds/bin/gnu/h-x86_64-mingw32/bin/../lib/gcc/nios2-elf/5.3.0/../../../../../H-x86_64-mingw32/nios2-elf/lib/mno-hw-mul\libc.a(lib_a-mprec.o)
                0x000000000000899c                __pow5mult
 .text.__lshift
                0x0000000000008adc      0x148 f:/quartus-lite-18.1.0.625-windows/nios2eds/bin/gnu/h-x86_64-mingw32/bin/../lib/gcc/nios2-elf/5.3.0/../../../../../H-x86_64-mingw32/nios2-elf/lib/mno-hw-mul\libc.a(lib_a-mprec.o)
                0x0000000000008adc                __lshift
 .text.__mcmp   0x0000000000008c24       0x60 f:/quartus-lite-18.1.0.625-windows/nios2eds/bin/gnu/h-x86_64-mingw32/bin/../lib/gcc/nios2-elf/5.3.0/../../../../../H-x86_64-mingw32/nios2-elf/lib/mno-hw-mul\libc.a(lib_a-mprec.o)
                0x0000000000008c24                __mcmp
 .text.__mdiff  0x0000000000008c84      0x1fc f:/quartus-lite-18.1.0.625-windows/nios2eds/bin/gnu/h-x86_64-mingw32/bin/../lib/gcc/nios2-elf/5.3.0/../../../../../H-x86_64-mingw32/nios2-elf/lib/mno-hw-mul\libc.a(lib_a-mprec.o)
                0x0000000000008c84                __mdiff
 .text.__ulp    0x0000000000008e80       0x64 f:/quartus-lite-18.1.0.625-windows/nios2eds/bin/gnu/h-x86_64-mingw32/bin/../lib/gcc/nios2-elf/5.3.0/../../../../../H-x86_64-mingw32/nios2-elf/lib/mno-hw-mul\libc.a(lib_a-mprec.o)
                0x0000000000008e80                __ulp
 .text.__b2d    0x0000000000008ee4      0x10c f:/quartus-lite-18.1.0.625-windows/nios2eds/bin/gnu/h-x86_64-mingw32/bin/../lib/gcc/nios2-elf/5.3.0/../../../../../H-x86_64-mingw32/nios2-elf/lib/mno-hw-mul\libc.a(lib_a-mprec.o)
                0x0000000000008ee4                __b2d
 .text.__d2b    0x0000000000008ff0      0x14c f:/quartus-lite-18.1.0.625-windows/nios2eds/bin/gnu/h-x86_64-mingw32/bin/../lib/gcc/nios2-elf/5.3.0/../../../../../H-x86_64-mingw32/nios2-elf/lib/mno-hw-mul\libc.a(lib_a-mprec.o)
                0x0000000000008ff0                __d2b
 .text.__ratio  0x000000000000913c       0xa4 f:/quartus-lite-18.1.0.625-windows/nios2eds/bin/gnu/h-x86_64-mingw32/bin/../lib/gcc/nios2-elf/5.3.0/../../../../../H-x86_64-mingw32/nios2-elf/lib/mno-hw-mul\libc.a(lib_a-mprec.o)
                0x000000000000913c                __ratio
 .text._mprec_log10
                0x00000000000091e0       0x74 f:/quartus-lite-18.1.0.625-windows/nios2eds/bin/gnu/h-x86_64-mingw32/bin/../lib/gcc/nios2-elf/5.3.0/../../../../../H-x86_64-mingw32/nios2-elf/lib/mno-hw-mul\libc.a(lib_a-mprec.o)
                0x00000000000091e0                _mprec_log10
 .text.__copybits
                0x0000000000009254       0x78 f:/quartus-lite-18.1.0.625-windows/nios2eds/bin/gnu/h-x86_64-mingw32/bin/../lib/gcc/nios2-elf/5.3.0/../../../../../H-x86_64-mingw32/nios2-elf/lib/mno-hw-mul\libc.a(lib_a-mprec.o)
                0x0000000000009254                __copybits
 .text.__any_on
                0x00000000000092cc       0x8c f:/quartus-lite-18.1.0.625-windows/nios2eds/bin/gnu/h-x86_64-mingw32/bin/../lib/gcc/nios2-elf/5.3.0/../../../../../H-x86_64-mingw32/nios2-elf/lib/mno-hw-mul\libc.a(lib_a-mprec.o)
                0x00000000000092cc                __any_on
 .text          0x0000000000009358        0x0 f:/quartus-lite-18.1.0.625-windows/nios2eds/bin/gnu/h-x86_64-mingw32/bin/../lib/gcc/nios2-elf/5.3.0/../../../../../H-x86_64-mingw32/nios2-elf/lib/mno-hw-mul\libc.a(lib_a-reallocr.o)
 .text._realloc_r
                0x0000000000009358      0x564 f:/quartus-lite-18.1.0.625-windows/nios2eds/bin/gnu/h-x86_64-mingw32/bin/../lib/gcc/nios2-elf/5.3.0/../../../../../H-x86_64-mingw32/nios2-elf/lib/mno-hw-mul\libc.a(lib_a-reallocr.o)
                0x0000000000009358                _realloc_r
 .text          0x00000000000098bc        0x0 f:/quartus-lite-18.1.0.625-windows/nios2eds/bin/gnu/h-x86_64-mingw32/bin/../lib/gcc/nios2-elf/5.3.0/../../../../../H-x86_64-mingw32/nios2-elf/lib/mno-hw-mul\libc.a(lib_a-s_fpclassify.o)
 .text.__fpclassifyd
                0x00000000000098bc       0x74 f:/quartus-lite-18.1.0.625-windows/nios2eds/bin/gnu/h-x86_64-mingw32/bin/../lib/gcc/nios2-elf/5.3.0/../../../../../H-x86_64-mingw32/nios2-elf/lib/mno-hw-mul\libc.a(lib_a-s_fpclassify.o)
                0x00000000000098bc                __fpclassifyd
 .text          0x0000000000009930        0x0 f:/quartus-lite-18.1.0.625-windows/nios2eds/bin/gnu/h-x86_64-mingw32/bin/../lib/gcc/nios2-elf/5.3.0/../../../../../H-x86_64-mingw32/nios2-elf/lib/mno-hw-mul\libc.a(lib_a-sbrkr.o)
 .text._sbrk_r  0x0000000000009930       0x54 f:/quartus-lite-18.1.0.625-windows/nios2eds/bin/gnu/h-x86_64-mingw32/bin/../lib/gcc/nios2-elf/5.3.0/../../../../../H-x86_64-mingw32/nios2-elf/lib/mno-hw-mul\libc.a(lib_a-sbrkr.o)
                0x0000000000009930                _sbrk_r
 .text          0x0000000000009984        0x0 f:/quartus-lite-18.1.0.625-windows/nios2eds/bin/gnu/h-x86_64-mingw32/bin/../lib/gcc/nios2-elf/5.3.0/../../../../../H-x86_64-mingw32/nios2-elf/lib/mno-hw-mul\libc.a(lib_a-stdio.o)
 .text.__sread  0x0000000000009984       0x54 f:/quartus-lite-18.1.0.625-windows/nios2eds/bin/gnu/h-x86_64-mingw32/bin/../lib/gcc/nios2-elf/5.3.0/../../../../../H-x86_64-mingw32/nios2-elf/lib/mno-hw-mul\libc.a(lib_a-stdio.o)
                0x0000000000009984                __sread
 .text.__seofread
                0x00000000000099d8        0x8 f:/quartus-lite-18.1.0.625-windows/nios2eds/bin/gnu/h-x86_64-mingw32/bin/../lib/gcc/nios2-elf/5.3.0/../../../../../H-x86_64-mingw32/nios2-elf/lib/mno-hw-mul\libc.a(lib_a-stdio.o)
                0x00000000000099d8                __seofread
 .text.__swrite
                0x00000000000099e0       0x7c f:/quartus-lite-18.1.0.625-windows/nios2eds/bin/gnu/h-x86_64-mingw32/bin/../lib/gcc/nios2-elf/5.3.0/../../../../../H-x86_64-mingw32/nios2-elf/lib/mno-hw-mul\libc.a(lib_a-stdio.o)
                0x00000000000099e0                __swrite
 .text.__sseek  0x0000000000009a5c       0x5c f:/quartus-lite-18.1.0.625-windows/nios2eds/bin/gnu/h-x86_64-mingw32/bin/../lib/gcc/nios2-elf/5.3.0/../../../../../H-x86_64-mingw32/nios2-elf/lib/mno-hw-mul\libc.a(lib_a-stdio.o)
                0x0000000000009a5c                __sseek
 .text.__sclose
                0x0000000000009ab8        0x8 f:/quartus-lite-18.1.0.625-windows/nios2eds/bin/gnu/h-x86_64-mingw32/bin/../lib/gcc/nios2-elf/5.3.0/../../../../../H-x86_64-mingw32/nios2-elf/lib/mno-hw-mul\libc.a(lib_a-stdio.o)
                0x0000000000009ab8                __sclose
 .text          0x0000000000009ac0        0x0 f:/quartus-lite-18.1.0.625-windows/nios2eds/bin/gnu/h-x86_64-mingw32/bin/../lib/gcc/nios2-elf/5.3.0/../../../../../H-x86_64-mingw32/nios2-elf/lib/mno-hw-mul\libc.a(lib_a-strcmp.o)
 .text.strcmp   0x0000000000009ac0       0xdc f:/quartus-lite-18.1.0.625-windows/nios2eds/bin/gnu/h-x86_64-mingw32/bin/../lib/gcc/nios2-elf/5.3.0/../../../../../H-x86_64-mingw32/nios2-elf/lib/mno-hw-mul\libc.a(lib_a-strcmp.o)
                0x0000000000009ac0                strcmp
 .text          0x0000000000009b9c        0x0 f:/quartus-lite-18.1.0.625-windows/nios2eds/bin/gnu/h-x86_64-mingw32/bin/../lib/gcc/nios2-elf/5.3.0/../../../../../H-x86_64-mingw32/nios2-elf/lib/mno-hw-mul\libc.a(lib_a-vfiprintf.o)
 .text.__sprint_r.part.0
                0x0000000000009b9c       0xfc f:/quartus-lite-18.1.0.625-windows/nios2eds/bin/gnu/h-x86_64-mingw32/bin/../lib/gcc/nios2-elf/5.3.0/../../../../../H-x86_64-mingw32/nios2-elf/lib/mno-hw-mul\libc.a(lib_a-vfiprintf.o)
 .text.__sprint_r
                0x0000000000009c98       0x18 f:/quartus-lite-18.1.0.625-windows/nios2eds/bin/gnu/h-x86_64-mingw32/bin/../lib/gcc/nios2-elf/5.3.0/../../../../../H-x86_64-mingw32/nios2-elf/lib/mno-hw-mul\libc.a(lib_a-vfiprintf.o)
                0x0000000000009c98                __sprint_r
 .text.___vfiprintf_internal_r
                0x0000000000009cb0     0x150c f:/quartus-lite-18.1.0.625-windows/nios2eds/bin/gnu/h-x86_64-mingw32/bin/../lib/gcc/nios2-elf/5.3.0/../../../../../H-x86_64-mingw32/nios2-elf/lib/mno-hw-mul\libc.a(lib_a-vfiprintf.o)
                0x0000000000009cb0                ___vfiprintf_internal_r
 .text.__vfiprintf_internal
                0x000000000000b1bc       0x1c f:/quartus-lite-18.1.0.625-windows/nios2eds/bin/gnu/h-x86_64-mingw32/bin/../lib/gcc/nios2-elf/5.3.0/../../../../../H-x86_64-mingw32/nios2-elf/lib/mno-hw-mul\libc.a(lib_a-vfiprintf.o)
                0x000000000000b1bc                __vfiprintf_internal
 .text.__sbprintf
                0x000000000000b1d8       0xbc f:/quartus-lite-18.1.0.625-windows/nios2eds/bin/gnu/h-x86_64-mingw32/bin/../lib/gcc/nios2-elf/5.3.0/../../../../../H-x86_64-mingw32/nios2-elf/lib/mno-hw-mul\libc.a(lib_a-vfiprintf.o)
 .text          0x000000000000b294        0x0 f:/quartus-lite-18.1.0.625-windows/nios2eds/bin/gnu/h-x86_64-mingw32/bin/../lib/gcc/nios2-elf/5.3.0/../../../../../H-x86_64-mingw32/nios2-elf/lib/mno-hw-mul\libc.a(lib_a-writer.o)
 .text._write_r
                0x000000000000b294       0x60 f:/quartus-lite-18.1.0.625-windows/nios2eds/bin/gnu/h-x86_64-mingw32/bin/../lib/gcc/nios2-elf/5.3.0/../../../../../H-x86_64-mingw32/nios2-elf/lib/mno-hw-mul\libc.a(lib_a-writer.o)
                0x000000000000b294                _write_r
 .text          0x000000000000b2f4        0x0 f:/quartus-lite-18.1.0.625-windows/nios2eds/bin/gnu/h-x86_64-mingw32/bin/../lib/gcc/nios2-elf/5.3.0/../../../../../H-x86_64-mingw32/nios2-elf/lib/mno-hw-mul\libc.a(closer.o)
 .text._close_r
                0x000000000000b2f4       0x54 f:/quartus-lite-18.1.0.625-windows/nios2eds/bin/gnu/h-x86_64-mingw32/bin/../lib/gcc/nios2-elf/5.3.0/../../../../../H-x86_64-mingw32/nios2-elf/lib/mno-hw-mul\libc.a(closer.o)
                0x000000000000b2f4                _close_r
 .text          0x000000000000b348        0x0 f:/quartus-lite-18.1.0.625-windows/nios2eds/bin/gnu/h-x86_64-mingw32/bin/../lib/gcc/nios2-elf/5.3.0/../../../../../H-x86_64-mingw32/nios2-elf/lib/mno-hw-mul\libc.a(lib_a-callocr.o)
 .text._calloc_r
                0x000000000000b348       0xdc f:/quartus-lite-18.1.0.625-windows/nios2eds/bin/gnu/h-x86_64-mingw32/bin/../lib/gcc/nios2-elf/5.3.0/../../../../../H-x86_64-mingw32/nios2-elf/lib/mno-hw-mul\libc.a(lib_a-callocr.o)
                0x000000000000b348                _calloc_r
 .text          0x000000000000b424        0x0 f:/quartus-lite-18.1.0.625-windows/nios2eds/bin/gnu/h-x86_64-mingw32/bin/../lib/gcc/nios2-elf/5.3.0/../../../../../H-x86_64-mingw32/nios2-elf/lib/mno-hw-mul\libc.a(lib_a-fclose.o)
 .text._fclose_r
                0x000000000000b424       0xf0 f:/quartus-lite-18.1.0.625-windows/nios2eds/bin/gnu/h-x86_64-mingw32/bin/../lib/gcc/nios2-elf/5.3.0/../../../../../H-x86_64-mingw32/nios2-elf/lib/mno-hw-mul\libc.a(lib_a-fclose.o)
                0x000000000000b424                _fclose_r
 .text.fclose   0x000000000000b514       0x14 f:/quartus-lite-18.1.0.625-windows/nios2eds/bin/gnu/h-x86_64-mingw32/bin/../lib/gcc/nios2-elf/5.3.0/../../../../../H-x86_64-mingw32/nios2-elf/lib/mno-hw-mul\libc.a(lib_a-fclose.o)
                0x000000000000b514                fclose
 .text          0x000000000000b528        0x0 f:/quartus-lite-18.1.0.625-windows/nios2eds/bin/gnu/h-x86_64-mingw32/bin/../lib/gcc/nios2-elf/5.3.0/../../../../../H-x86_64-mingw32/nios2-elf/lib/mno-hw-mul\libc.a(lib_a-fputwc.o)
 .text.__fputwc
                0x000000000000b528      0x164 f:/quartus-lite-18.1.0.625-windows/nios2eds/bin/gnu/h-x86_64-mingw32/bin/../lib/gcc/nios2-elf/5.3.0/../../../../../H-x86_64-mingw32/nios2-elf/lib/mno-hw-mul\libc.a(lib_a-fputwc.o)
                0x000000000000b528                __fputwc
 .text._fputwc_r
                0x000000000000b68c       0x24 f:/quartus-lite-18.1.0.625-windows/nios2eds/bin/gnu/h-x86_64-mingw32/bin/../lib/gcc/nios2-elf/5.3.0/../../../../../H-x86_64-mingw32/nios2-elf/lib/mno-hw-mul\libc.a(lib_a-fputwc.o)
                0x000000000000b68c                _fputwc_r
 .text.fputwc   0x000000000000b6b0       0x80 f:/quartus-lite-18.1.0.625-windows/nios2eds/bin/gnu/h-x86_64-mingw32/bin/../lib/gcc/nios2-elf/5.3.0/../../../../../H-x86_64-mingw32/nios2-elf/lib/mno-hw-mul\libc.a(lib_a-fputwc.o)
                0x000000000000b6b0                fputwc
 .text          0x000000000000b730        0x0 f:/quartus-lite-18.1.0.625-windows/nios2eds/bin/gnu/h-x86_64-mingw32/bin/../lib/gcc/nios2-elf/5.3.0/../../../../../H-x86_64-mingw32/nios2-elf/lib/mno-hw-mul\libc.a(lib_a-fstatr.o)
 .text._fstat_r
                0x000000000000b730       0x5c f:/quartus-lite-18.1.0.625-windows/nios2eds/bin/gnu/h-x86_64-mingw32/bin/../lib/gcc/nios2-elf/5.3.0/../../../../../H-x86_64-mingw32/nios2-elf/lib/mno-hw-mul\libc.a(lib_a-fstatr.o)
                0x000000000000b730                _fstat_r
 .text          0x000000000000b78c        0x0 f:/quartus-lite-18.1.0.625-windows/nios2eds/bin/gnu/h-x86_64-mingw32/bin/../lib/gcc/nios2-elf/5.3.0/../../../../../H-x86_64-mingw32/nios2-elf/lib/mno-hw-mul\libc.a(lib_a-int_errno.o)
 .text          0x000000000000b78c        0x0 f:/quartus-lite-18.1.0.625-windows/nios2eds/bin/gnu/h-x86_64-mingw32/bin/../lib/gcc/nios2-elf/5.3.0/../../../../../H-x86_64-mingw32/nios2-elf/lib/mno-hw-mul\libc.a(lib_a-isattyr.o)
 .text._isatty_r
                0x000000000000b78c       0x54 f:/quartus-lite-18.1.0.625-windows/nios2eds/bin/gnu/h-x86_64-mingw32/bin/../lib/gcc/nios2-elf/5.3.0/../../../../../H-x86_64-mingw32/nios2-elf/lib/mno-hw-mul\libc.a(lib_a-isattyr.o)
                0x000000000000b78c                _isatty_r
 .text          0x000000000000b7e0        0x0 f:/quartus-lite-18.1.0.625-windows/nios2eds/bin/gnu/h-x86_64-mingw32/bin/../lib/gcc/nios2-elf/5.3.0/../../../../../H-x86_64-mingw32/nios2-elf/lib/mno-hw-mul\libc.a(lib_a-lseekr.o)
 .text._lseek_r
                0x000000000000b7e0       0x60 f:/quartus-lite-18.1.0.625-windows/nios2eds/bin/gnu/h-x86_64-mingw32/bin/../lib/gcc/nios2-elf/5.3.0/../../../../../H-x86_64-mingw32/nios2-elf/lib/mno-hw-mul\libc.a(lib_a-lseekr.o)
                0x000000000000b7e0                _lseek_r
 .text          0x000000000000b840        0x0 f:/quartus-lite-18.1.0.625-windows/nios2eds/bin/gnu/h-x86_64-mingw32/bin/../lib/gcc/nios2-elf/5.3.0/../../../../../H-x86_64-mingw32/nios2-elf/lib/mno-hw-mul\libc.a(lib_a-readr.o)
 .text._read_r  0x000000000000b840       0x60 f:/quartus-lite-18.1.0.625-windows/nios2eds/bin/gnu/h-x86_64-mingw32/bin/../lib/gcc/nios2-elf/5.3.0/../../../../../H-x86_64-mingw32/nios2-elf/lib/mno-hw-mul\libc.a(lib_a-readr.o)
                0x000000000000b840                _read_r
 .text          0x000000000000b8a0        0x0 f:/quartus-lite-18.1.0.625-windows/nios2eds/bin/gnu/h-x86_64-mingw32/bin/../lib/gcc/nios2-elf/5.3.0/../../../../../H-x86_64-mingw32/nios2-elf/lib/mno-hw-mul\libc.a(lib_a-wbuf.o)
 .text.__swbuf_r
                0x000000000000b8a0      0x140 f:/quartus-lite-18.1.0.625-windows/nios2eds/bin/gnu/h-x86_64-mingw32/bin/../lib/gcc/nios2-elf/5.3.0/../../../../../H-x86_64-mingw32/nios2-elf/lib/mno-hw-mul\libc.a(lib_a-wbuf.o)
                0x000000000000b8a0                __swbuf_r
 .text.__swbuf  0x000000000000b9e0       0x18 f:/quartus-lite-18.1.0.625-windows/nios2eds/bin/gnu/h-x86_64-mingw32/bin/../lib/gcc/nios2-elf/5.3.0/../../../../../H-x86_64-mingw32/nios2-elf/lib/mno-hw-mul\libc.a(lib_a-wbuf.o)
                0x000000000000b9e0                __swbuf
 .text          0x000000000000b9f8        0x0 f:/quartus-lite-18.1.0.625-windows/nios2eds/bin/gnu/h-x86_64-mingw32/bin/../lib/gcc/nios2-elf/5.3.0/../../../../../H-x86_64-mingw32/nios2-elf/lib/mno-hw-mul\libc.a(lib_a-wcrtomb.o)
 .text._wcrtomb_r
                0x000000000000b9f8       0x9c f:/quartus-lite-18.1.0.625-windows/nios2eds/bin/gnu/h-x86_64-mingw32/bin/../lib/gcc/nios2-elf/5.3.0/../../../../../H-x86_64-mingw32/nios2-elf/lib/mno-hw-mul\libc.a(lib_a-wcrtomb.o)
                0x000000000000b9f8                _wcrtomb_r
 .text.wcrtomb  0x000000000000ba94       0xc0 f:/quartus-lite-18.1.0.625-windows/nios2eds/bin/gnu/h-x86_64-mingw32/bin/../lib/gcc/nios2-elf/5.3.0/../../../../../H-x86_64-mingw32/nios2-elf/lib/mno-hw-mul\libc.a(lib_a-wcrtomb.o)
                0x000000000000ba94                wcrtomb
 .text          0x000000000000bb54        0x0 f:/quartus-lite-18.1.0.625-windows/nios2eds/bin/gnu/h-x86_64-mingw32/bin/../lib/gcc/nios2-elf/5.3.0/../../../../../H-x86_64-mingw32/nios2-elf/lib/mno-hw-mul\libc.a(lib_a-wctomb_r.o)
 .text.__ascii_wctomb
                0x000000000000bb54       0x30 f:/quartus-lite-18.1.0.625-windows/nios2eds/bin/gnu/h-x86_64-mingw32/bin/../lib/gcc/nios2-elf/5.3.0/../../../../../H-x86_64-mingw32/nios2-elf/lib/mno-hw-mul\libc.a(lib_a-wctomb_r.o)
                0x000000000000bb54                __ascii_wctomb
 .text._wctomb_r
                0x000000000000bb84       0x5c f:/quartus-lite-18.1.0.625-windows/nios2eds/bin/gnu/h-x86_64-mingw32/bin/../lib/gcc/nios2-elf/5.3.0/../../../../../H-x86_64-mingw32/nios2-elf/lib/mno-hw-mul\libc.a(lib_a-wctomb_r.o)
                0x000000000000bb84                _wctomb_r
 .text          0x000000000000bbe0      0x5fc f:/quartus-lite-18.1.0.625-windows/nios2eds/bin/gnu/h-x86_64-mingw32/bin/../lib/gcc/nios2-elf/5.3.0/mno-hw-mul\libgcc.a(_udivdi3.o)
                0x000000000000bbe0                __udivdi3
 .text          0x000000000000c1dc      0x5c4 f:/quartus-lite-18.1.0.625-windows/nios2eds/bin/gnu/h-x86_64-mingw32/bin/../lib/gcc/nios2-elf/5.3.0/mno-hw-mul\libgcc.a(_umoddi3.o)
                0x000000000000c1dc                __umoddi3
 .text          0x000000000000c7a0      0x1b4 f:/quartus-lite-18.1.0.625-windows/nios2eds/bin/gnu/h-x86_64-mingw32/bin/../lib/gcc/nios2-elf/5.3.0/mno-hw-mul\libgcc.a(lib2-divmod.o)
                0x000000000000c7a0                __divsi3
                0x000000000000c824                __modsi3
                0x000000000000c898                __udivsi3
                0x000000000000c8fc                __umodsi3
 .text          0x000000000000c954       0x28 f:/quartus-lite-18.1.0.625-windows/nios2eds/bin/gnu/h-x86_64-mingw32/bin/../lib/gcc/nios2-elf/5.3.0/mno-hw-mul\libgcc.a(lib2-mul.o)
                0x000000000000c954                __mulsi3
 .text          0x000000000000c97c      0x8ac f:/quartus-lite-18.1.0.625-windows/nios2eds/bin/gnu/h-x86_64-mingw32/bin/../lib/gcc/nios2-elf/5.3.0/mno-hw-mul\libgcc.a(adddf3.o)
                0x000000000000c97c                __adddf3
 .text          0x000000000000d228      0x9d0 f:/quartus-lite-18.1.0.625-windows/nios2eds/bin/gnu/h-x86_64-mingw32/bin/../lib/gcc/nios2-elf/5.3.0/mno-hw-mul\libgcc.a(divdf3.o)
                0x000000000000d228                __divdf3
 .text          0x000000000000dbf8       0x88 f:/quartus-lite-18.1.0.625-windows/nios2eds/bin/gnu/h-x86_64-mingw32/bin/../lib/gcc/nios2-elf/5.3.0/mno-hw-mul\libgcc.a(eqdf2.o)
                0x000000000000dbf8                __nedf2
                0x000000000000dbf8                __eqdf2
 .text          0x000000000000dc80       0xdc f:/quartus-lite-18.1.0.625-windows/nios2eds/bin/gnu/h-x86_64-mingw32/bin/../lib/gcc/nios2-elf/5.3.0/mno-hw-mul\libgcc.a(gedf2.o)
                0x000000000000dc80                __gedf2
                0x000000000000dc80                __gtdf2
 .text          0x000000000000dd5c       0xf4 f:/quartus-lite-18.1.0.625-windows/nios2eds/bin/gnu/h-x86_64-mingw32/bin/../lib/gcc/nios2-elf/5.3.0/mno-hw-mul\libgcc.a(ledf2.o)
                0x000000000000dd5c                __ledf2
                0x000000000000dd5c                __ltdf2
 .text          0x000000000000de50      0x86c f:/quartus-lite-18.1.0.625-windows/nios2eds/bin/gnu/h-x86_64-mingw32/bin/../lib/gcc/nios2-elf/5.3.0/mno-hw-mul\libgcc.a(muldf3.o)
                0x000000000000de50                __muldf3
 .text          0x000000000000e6bc      0x8fc f:/quartus-lite-18.1.0.625-windows/nios2eds/bin/gnu/h-x86_64-mingw32/bin/../lib/gcc/nios2-elf/5.3.0/mno-hw-mul\libgcc.a(subdf3.o)
                0x000000000000e6bc                __subdf3
 .text          0x000000000000efb8       0x80 f:/quartus-lite-18.1.0.625-windows/nios2eds/bin/gnu/h-x86_64-mingw32/bin/../lib/gcc/nios2-elf/5.3.0/mno-hw-mul\libgcc.a(fixdfsi.o)
                0x000000000000efb8                __fixdfsi
 .text          0x000000000000f038       0xdc f:/quartus-lite-18.1.0.625-windows/nios2eds/bin/gnu/h-x86_64-mingw32/bin/../lib/gcc/nios2-elf/5.3.0/mno-hw-mul\libgcc.a(floatsidf.o)
                0x000000000000f038                __floatsidf
 .text          0x000000000000f114       0xa8 f:/quartus-lite-18.1.0.625-windows/nios2eds/bin/gnu/h-x86_64-mingw32/bin/../lib/gcc/nios2-elf/5.3.0/mno-hw-mul\libgcc.a(floatunsidf.o)
                0x000000000000f114                __floatunsidf
 .text          0x000000000000f1bc        0x0 f:/quartus-lite-18.1.0.625-windows/nios2eds/bin/gnu/h-x86_64-mingw32/bin/../lib/gcc/nios2-elf/5.3.0/mno-hw-mul\libgcc.a(_clz.o)
 .text          0x000000000000f1bc       0x64 f:/quartus-lite-18.1.0.625-windows/nios2eds/bin/gnu/h-x86_64-mingw32/bin/../lib/gcc/nios2-elf/5.3.0/mno-hw-mul\libgcc.a(_clzsi2.o)
                0x000000000000f1bc                __clzsi2
 .text          0x000000000000f220      0x114 ../usb_bsp/\libhal_bsp.a(alt_close.o)
                0x000000000000f25c                close
 .text          0x000000000000f334       0x2c ../usb_bsp/\libhal_bsp.a(alt_dev.o)
 .text          0x000000000000f360        0x0 ../usb_bsp/\libhal_bsp.a(alt_errno.o)
 .text          0x000000000000f360       0xf4 ../usb_bsp/\libhal_bsp.a(alt_fstat.o)
                0x000000000000f39c                fstat
 .text          0x000000000000f454       0xe8 ../usb_bsp/\libhal_bsp.a(alt_isatty.o)
                0x000000000000f490                isatty
 .text          0x000000000000f53c       0xec ../usb_bsp/\libhal_bsp.a(alt_load.o)
                0x000000000000f5a4                alt_load
 .text          0x000000000000f628      0x118 ../usb_bsp/\libhal_bsp.a(alt_lseek.o)
                0x000000000000f664                lseek
 .text          0x000000000000f740       0x7c ../usb_bsp/\libhal_bsp.a(alt_main.o)
                0x000000000000f740                alt_main
 .text          0x000000000000f7bc       0x48 ../usb_bsp/\libhal_bsp.a(alt_malloc_lock.o)
                0x000000000000f7bc                __malloc_lock
                0x000000000000f7e0                __malloc_unlock
 .text          0x000000000000f804      0x140 ../usb_bsp/\libhal_bsp.a(alt_read.o)
                0x000000000000f840                read
 .text          0x000000000000f944       0x84 ../usb_bsp/\libhal_bsp.a(alt_release_fd.o)
                0x000000000000f944                alt_release_fd
 .text          0x000000000000f9c8       0xb0 ../usb_bsp/\libhal_bsp.a(alt_sbrk.o)
                0x000000000000f9c8                sbrk
 .text          0x000000000000fa78       0x30 ../usb_bsp/\libhal_bsp.a(alt_usleep.o)
                0x000000000000fa78                usleep
 .text          0x000000000000faa8      0x13c ../usb_bsp/\libhal_bsp.a(alt_write.o)
                0x000000000000fae4                write
 .text          0x000000000000fbe4       0xb8 ../usb_bsp/\libhal_bsp.a(alt_sys_init.o)
                0x000000000000fc18                alt_irq_init
                0x000000000000fc50                alt_sys_init
 .text          0x000000000000fc9c      0x164 ../usb_bsp/\libhal_bsp.a(altera_avalon_jtag_uart_fd.o)
                0x000000000000fc9c                altera_avalon_jtag_uart_read_fd
                0x000000000000fcfc                altera_avalon_jtag_uart_write_fd
                0x000000000000fd5c                altera_avalon_jtag_uart_close_fd
                0x000000000000fdac                altera_avalon_jtag_uart_ioctl_fd
 .text          0x000000000000fe00      0x3d4 ../usb_bsp/\libhal_bsp.a(altera_avalon_jtag_uart_init.o)
                0x000000000000fe00                altera_avalon_jtag_uart_init
                0x000000000001016c                altera_avalon_jtag_uart_close
 .text          0x00000000000101d4       0xf0 ../usb_bsp/\libhal_bsp.a(altera_avalon_jtag_uart_ioctl.o)
                0x00000000000101d4                altera_avalon_jtag_uart_ioctl
 .text          0x00000000000102c4      0x21c ../usb_bsp/\libhal_bsp.a(altera_avalon_jtag_uart_read.o)
                0x00000000000102c4                altera_avalon_jtag_uart_read
 .text          0x00000000000104e0      0x224 ../usb_bsp/\libhal_bsp.a(altera_avalon_jtag_uart_write.o)
                0x00000000000104e0                altera_avalon_jtag_uart_write
 .text          0x0000000000010704      0x12c ../usb_bsp/\libhal_bsp.a(alt_alarm_start.o)
                0x0000000000010704                alt_alarm_start
 .text          0x0000000000010830      0x158 ../usb_bsp/\libhal_bsp.a(alt_busy_sleep.o)
                0x0000000000010830                alt_busy_sleep
 .text          0x0000000000010988       0x20 ../usb_bsp/\libhal_bsp.a(alt_dcache_flush_all.o)
                0x0000000000010988                alt_dcache_flush_all
 .text          0x00000000000109a8       0xe0 ../usb_bsp/\libhal_bsp.a(alt_dev_llist_insert.o)
                0x00000000000109e4                alt_dev_llist_insert
 .text          0x0000000000010a88       0x60 ../usb_bsp/\libhal_bsp.a(alt_do_ctors.o)
                0x0000000000010a88                _do_ctors
 .text          0x0000000000010ae8       0x60 ../usb_bsp/\libhal_bsp.a(alt_do_dtors.o)
                0x0000000000010ae8                _do_dtors
 .text          0x0000000000010b48       0x20 ../usb_bsp/\libhal_bsp.a(alt_icache_flush_all.o)
                0x0000000000010b48                alt_icache_flush_all
 .text          0x0000000000010b68      0x1b0 ../usb_bsp/\libhal_bsp.a(alt_iic.o)
                0x0000000000010b68                alt_ic_isr_register
                0x0000000000010bb8                alt_ic_irq_enable
                0x0000000000010c40                alt_ic_irq_disable
                0x0000000000010ccc                alt_ic_irq_enabled
 .text          0x0000000000010d18       0xf0 ../usb_bsp/\libhal_bsp.a(alt_iic_isr_register.o)
                0x0000000000010d18                alt_iic_isr_register
 .text          0x0000000000010e08      0x160 ../usb_bsp/\libhal_bsp.a(alt_io_redirect.o)
                0x0000000000010eec                alt_io_redirect
 .text          0x0000000000010f68        0x0 ../usb_bsp/\libhal_bsp.a(alt_irq_entry.o)
 .text          0x0000000000010f68        0x0 ../usb_bsp/\libhal_bsp.a(alt_irq_handler.o)
 .text          0x0000000000010f68        0x0 ../usb_bsp/\libhal_bsp.a(alt_irq_vars.o)
 .text          0x0000000000010f68      0x284 ../usb_bsp/\libhal_bsp.a(alt_open.o)
                0x0000000000011090                open
 .text          0x00000000000111ec      0x1a4 ../usb_bsp/\libhal_bsp.a(alt_tick.o)
                0x00000000000111ec                alt_alarm_stop
                0x0000000000011288                alt_tick
 .text          0x0000000000011390       0x24 ../usb_bsp/\libhal_bsp.a(altera_nios2_gen2_irq.o)
                0x0000000000011390                altera_nios2_gen2_irq_init
 .text          0x00000000000113b4        0x0 ../usb_bsp/\libhal_bsp.a(alt_exception_entry.o)
 .text          0x00000000000113b4       0x90 ../usb_bsp/\libhal_bsp.a(alt_find_dev.o)
                0x00000000000113b4                alt_find_dev
 .text          0x0000000000011444      0x108 ../usb_bsp/\libhal_bsp.a(alt_find_file.o)
                0x0000000000011444                alt_find_file
 .text          0x000000000001154c       0xc4 ../usb_bsp/\libhal_bsp.a(alt_get_fd.o)
                0x000000000001154c                alt_get_fd
 .text          0x0000000000011610       0x9c ../usb_bsp/\libhal_bsp.a(alt_instruction_exception_entry.o)
                0x0000000000011610                alt_exception_cause_generated_bad_addr
 .text          0x00000000000116ac        0x0 f:/quartus-lite-18.1.0.625-windows/nios2eds/bin/gnu/h-x86_64-mingw32/bin/../lib/gcc/nios2-elf/5.3.0/../../../../../H-x86_64-mingw32/nios2-elf/lib/mno-hw-mul\libc.a(lib_a-atexit.o)
 .text.atexit   0x00000000000116ac       0x14 f:/quartus-lite-18.1.0.625-windows/nios2eds/bin/gnu/h-x86_64-mingw32/bin/../lib/gcc/nios2-elf/5.3.0/../../../../../H-x86_64-mingw32/nios2-elf/lib/mno-hw-mul\libc.a(lib_a-atexit.o)
                0x00000000000116ac                atexit
 .text          0x00000000000116c0        0x0 f:/quartus-lite-18.1.0.625-windows/nios2eds/bin/gnu/h-x86_64-mingw32/bin/../lib/gcc/nios2-elf/5.3.0/../../../../../H-x86_64-mingw32/nios2-elf/lib/mno-hw-mul\libc.a(lib_a-exit.o)
 .text.exit     0x00000000000116c0       0x38 f:/quartus-lite-18.1.0.625-windows/nios2eds/bin/gnu/h-x86_64-mingw32/bin/../lib/gcc/nios2-elf/5.3.0/../../../../../H-x86_64-mingw32/nios2-elf/lib/mno-hw-mul\libc.a(lib_a-exit.o)
                0x00000000000116c0                exit
 .text          0x00000000000116f8        0x0 f:/quartus-lite-18.1.0.625-windows/nios2eds/bin/gnu/h-x86_64-mingw32/bin/../lib/gcc/nios2-elf/5.3.0/../../../../../H-x86_64-mingw32/nios2-elf/lib/mno-hw-mul\libc.a(lib_a-memcmp.o)
 .text.memcmp   0x00000000000116f8       0x7c f:/quartus-lite-18.1.0.625-windows/nios2eds/bin/gnu/h-x86_64-mingw32/bin/../lib/gcc/nios2-elf/5.3.0/../../../../../H-x86_64-mingw32/nios2-elf/lib/mno-hw-mul\libc.a(lib_a-memcmp.o)
                0x00000000000116f8                memcmp
 .text          0x0000000000011774        0x0 f:/quartus-lite-18.1.0.625-windows/nios2eds/bin/gnu/h-x86_64-mingw32/bin/../lib/gcc/nios2-elf/5.3.0/../../../../../H-x86_64-mingw32/nios2-elf/lib/mno-hw-mul\libc.a(lib_a-__atexit.o)
 .text.__register_exitproc
                0x0000000000011774      0x118 f:/quartus-lite-18.1.0.625-windows/nios2eds/bin/gnu/h-x86_64-mingw32/bin/../lib/gcc/nios2-elf/5.3.0/../../../../../H-x86_64-mingw32/nios2-elf/lib/mno-hw-mul\libc.a(lib_a-__atexit.o)
                0x0000000000011774                __register_exitproc
 .text          0x000000000001188c        0x0 f:/quartus-lite-18.1.0.625-windows/nios2eds/bin/gnu/h-x86_64-mingw32/bin/../lib/gcc/nios2-elf/5.3.0/../../../../../H-x86_64-mingw32/nios2-elf/lib/mno-hw-mul\libc.a(lib_a-__call_atexit.o)
 .text.__call_exitprocs
                0x000000000001188c      0x180 f:/quartus-lite-18.1.0.625-windows/nios2eds/bin/gnu/h-x86_64-mingw32/bin/../lib/gcc/nios2-elf/5.3.0/../../../../../H-x86_64-mingw32/nios2-elf/lib/mno-hw-mul\libc.a(lib_a-__call_atexit.o)
                0x000000000001188c                __call_exitprocs
 .text          0x0000000000011a0c       0x34 ../usb_bsp/\libhal_bsp.a(alt_exit.o)
                0x0000000000011a0c                _exit
 *(.gnu.warning.*)
 *(.fini)
                [!provide]                        PROVIDE (__etext, ABSOLUTE (.))
                [!provide]                        PROVIDE (_etext, ABSOLUTE (.))
                [!provide]                        PROVIDE (etext, ABSOLUTE (.))
 *(.eh_frame_hdr)
                0x0000000000011a40                . = ALIGN (0x4)
                [!provide]                        PROVIDE (__preinit_array_start, ABSOLUTE (.))
 *(.preinit_array)
                [!provide]                        PROVIDE (__preinit_array_end, ABSOLUTE (.))
                [!provide]                        PROVIDE (__init_array_start, ABSOLUTE (.))
 *(.init_array)
                [!provide]                        PROVIDE (__init_array_end, ABSOLUTE (.))
                [!provide]                        PROVIDE (__fini_array_start, ABSOLUTE (.))
 *(.fini_array)
                [!provide]                        PROVIDE (__fini_array_end, ABSOLUTE (.))
 *(.eh_frame)
 *(.gcc_except_table .gcc_except_table.*)
 *(.dynamic)
                0x0000000000011a40                PROVIDE (__CTOR_LIST__, ABSOLUTE (.))
 *(.ctors)
 *(SORT(.ctors.*))
                0x0000000000011a40                PROVIDE (__CTOR_END__, ABSOLUTE (.))
                0x0000000000011a40                PROVIDE (__DTOR_LIST__, ABSOLUTE (.))
 *(.dtors)
 *(SORT(.dtors.*))
                0x0000000000011a40                PROVIDE (__DTOR_END__, ABSOLUTE (.))
 *(.jcr)
                0x0000000000011a40                . = ALIGN (0x4)

.rodata         0x0000000000011a40      0xa78
                0x0000000000011a40                PROVIDE (__ram_rodata_start, ABSOLUTE (.))
                0x0000000000011a40                . = ALIGN (0x4)
 *(.rodata .rodata.* .gnu.linkonce.r.*)
 .rodata        0x0000000000011a40      0x704 obj/default/main.o
 .rodata        0x0000000000012144       0x71 obj/default/usb.o
 *fill*         0x00000000000121b5        0x3 
 .rodata.str1.4
                0x00000000000121b8        0x2 f:/quartus-lite-18.1.0.625-windows/nios2eds/bin/gnu/h-x86_64-mingw32/bin/../lib/gcc/nios2-elf/5.3.0/../../../../../H-x86_64-mingw32/nios2-elf/lib/mno-hw-mul\libc.a(lib_a-puts.o)
 *fill*         0x00000000000121ba        0x2 
 .rodata.str1.4
                0x00000000000121bc       0x42 f:/quartus-lite-18.1.0.625-windows/nios2eds/bin/gnu/h-x86_64-mingw32/bin/../lib/gcc/nios2-elf/5.3.0/../../../../../H-x86_64-mingw32/nios2-elf/lib/mno-hw-mul\libc.a(lib_a-vfprintf.o)
 .rodata.zeroes.4404
                0x00000000000121fe       0x10 f:/quartus-lite-18.1.0.625-windows/nios2eds/bin/gnu/h-x86_64-mingw32/bin/../lib/gcc/nios2-elf/5.3.0/../../../../../H-x86_64-mingw32/nios2-elf/lib/mno-hw-mul\libc.a(lib_a-vfprintf.o)
 .rodata.blanks.4403
                0x000000000001220e       0x10 f:/quartus-lite-18.1.0.625-windows/nios2eds/bin/gnu/h-x86_64-mingw32/bin/../lib/gcc/nios2-elf/5.3.0/../../../../../H-x86_64-mingw32/nios2-elf/lib/mno-hw-mul\libc.a(lib_a-vfprintf.o)
 *fill*         0x000000000001221e        0x2 
 .rodata.str1.4
                0x0000000000012220       0x10 f:/quartus-lite-18.1.0.625-windows/nios2eds/bin/gnu/h-x86_64-mingw32/bin/../lib/gcc/nios2-elf/5.3.0/../../../../../H-x86_64-mingw32/nios2-elf/lib/mno-hw-mul\libc.a(lib_a-dtoa.o)
                                         0x12 (size before relaxing)
 .rodata.str1.4
                0x0000000000012230        0x2 f:/quartus-lite-18.1.0.625-windows/nios2eds/bin/gnu/h-x86_64-mingw32/bin/../lib/gcc/nios2-elf/5.3.0/../../../../../H-x86_64-mingw32/nios2-elf/lib/mno-hw-mul\libc.a(lib_a-impure.o)
 *fill*         0x0000000000012232        0x2 
 .rodata.str1.4
                0x0000000000012234        0xc f:/quartus-lite-18.1.0.625-windows/nios2eds/bin/gnu/h-x86_64-mingw32/bin/../lib/gcc/nios2-elf/5.3.0/../../../../../H-x86_64-mingw32/nios2-elf/lib/mno-hw-mul\libc.a(lib_a-locale.o)
                                         0x12 (size before relaxing)
 .rodata.p05.2768
                0x0000000000012240        0xc f:/quartus-lite-18.1.0.625-windows/nios2eds/bin/gnu/h-x86_64-mingw32/bin/../lib/gcc/nios2-elf/5.3.0/../../../../../H-x86_64-mingw32/nios2-elf/lib/mno-hw-mul\libc.a(lib_a-mprec.o)
 .rodata.__mprec_tinytens
                0x000000000001224c       0x28 f:/quartus-lite-18.1.0.625-windows/nios2eds/bin/gnu/h-x86_64-mingw32/bin/../lib/gcc/nios2-elf/5.3.0/../../../../../H-x86_64-mingw32/nios2-elf/lib/mno-hw-mul\libc.a(lib_a-mprec.o)
                0x000000000001224c                __mprec_tinytens
 .rodata.__mprec_bigtens
                0x0000000000012274       0x28 f:/quartus-lite-18.1.0.625-windows/nios2eds/bin/gnu/h-x86_64-mingw32/bin/../lib/gcc/nios2-elf/5.3.0/../../../../../H-x86_64-mingw32/nios2-elf/lib/mno-hw-mul\libc.a(lib_a-mprec.o)
                0x0000000000012274                __mprec_bigtens
 .rodata.__mprec_tens
                0x000000000001229c       0xc8 f:/quartus-lite-18.1.0.625-windows/nios2eds/bin/gnu/h-x86_64-mingw32/bin/../lib/gcc/nios2-elf/5.3.0/../../../../../H-x86_64-mingw32/nios2-elf/lib/mno-hw-mul\libc.a(lib_a-mprec.o)
                0x000000000001229c                __mprec_tens
 .rodata.str1.4
                0x0000000000012364       0x2f f:/quartus-lite-18.1.0.625-windows/nios2eds/bin/gnu/h-x86_64-mingw32/bin/../lib/gcc/nios2-elf/5.3.0/../../../../../H-x86_64-mingw32/nios2-elf/lib/mno-hw-mul\libc.a(lib_a-vfiprintf.o)
 .rodata.zeroes.4349
                0x0000000000012364       0x10 f:/quartus-lite-18.1.0.625-windows/nios2eds/bin/gnu/h-x86_64-mingw32/bin/../lib/gcc/nios2-elf/5.3.0/../../../../../H-x86_64-mingw32/nios2-elf/lib/mno-hw-mul\libc.a(lib_a-vfiprintf.o)
 .rodata.blanks.4348
                0x0000000000012374       0x10 f:/quartus-lite-18.1.0.625-windows/nios2eds/bin/gnu/h-x86_64-mingw32/bin/../lib/gcc/nios2-elf/5.3.0/../../../../../H-x86_64-mingw32/nios2-elf/lib/mno-hw-mul\libc.a(lib_a-vfiprintf.o)
 .rodata        0x0000000000012384      0x100 f:/quartus-lite-18.1.0.625-windows/nios2eds/bin/gnu/h-x86_64-mingw32/bin/../lib/gcc/nios2-elf/5.3.0/mno-hw-mul\libgcc.a(_clz.o)
                0x0000000000012384                __clz_tab
 .rodata        0x0000000000012484        0xa ../usb_bsp/\libhal_bsp.a(alt_dev.o)
 *fill*         0x000000000001248e        0x2 
 .rodata        0x0000000000012490       0x11 ../usb_bsp/\libhal_bsp.a(alt_main.o)
 *fill*         0x00000000000124a1        0x3 
 .rodata        0x00000000000124a4       0x11 ../usb_bsp/\libhal_bsp.a(alt_sys_init.o)
 *(.rodata1)
                0x00000000000124b8                . = ALIGN (0x4)
 *fill*         0x00000000000124b5        0x3 
                0x00000000000124b8                PROVIDE (__ram_rodata_end, ABSOLUTE (.))
                0x0000000000011a40                PROVIDE (__flash_rodata_start, LOADADDR (.rodata))

.rwdata         0x00000000000124b8     0x1aec load address 0x0000000000013fa4
                0x00000000000124b8                PROVIDE (__ram_rwdata_start, ABSOLUTE (.))
                0x00000000000124b8                . = ALIGN (0x4)
 *(.got.plt)
 *(.got)
 *(.data1)
 *(.data .data.* .gnu.linkonce.d.*)
 .data          0x00000000000124b8        0x0 ../usb_bsp//obj/HAL/src/crt0.o
 .data          0x00000000000124b8        0x0 obj/default/io_handler.o
 .data          0x00000000000124b8        0x0 obj/default/main.o
 .data          0x00000000000124b8        0x0 obj/default/usb.o
 .data          0x00000000000124b8        0x0 f:/quartus-lite-18.1.0.625-windows/nios2eds/bin/gnu/h-x86_64-mingw32/bin/../lib/gcc/nios2-elf/5.3.0/../../../../../H-x86_64-mingw32/nios2-elf/lib/mno-hw-mul\libc.a(lib_a-printf.o)
 .data          0x00000000000124b8        0x0 f:/quartus-lite-18.1.0.625-windows/nios2eds/bin/gnu/h-x86_64-mingw32/bin/../lib/gcc/nios2-elf/5.3.0/../../../../../H-x86_64-mingw32/nios2-elf/lib/mno-hw-mul\libc.a(lib_a-puts.o)
 .data          0x00000000000124b8        0x0 f:/quartus-lite-18.1.0.625-windows/nios2eds/bin/gnu/h-x86_64-mingw32/bin/../lib/gcc/nios2-elf/5.3.0/../../../../../H-x86_64-mingw32/nios2-elf/lib/mno-hw-mul\libc.a(lib_a-strlen.o)
 .data          0x00000000000124b8        0x0 f:/quartus-lite-18.1.0.625-windows/nios2eds/bin/gnu/h-x86_64-mingw32/bin/../lib/gcc/nios2-elf/5.3.0/../../../../../H-x86_64-mingw32/nios2-elf/lib/mno-hw-mul\libc.a(lib_a-vfprintf.o)
 .data          0x00000000000124b8        0x0 f:/quartus-lite-18.1.0.625-windows/nios2eds/bin/gnu/h-x86_64-mingw32/bin/../lib/gcc/nios2-elf/5.3.0/../../../../../H-x86_64-mingw32/nios2-elf/lib/mno-hw-mul\libc.a(lib_a-wsetup.o)
 .data          0x00000000000124b8        0x0 f:/quartus-lite-18.1.0.625-windows/nios2eds/bin/gnu/h-x86_64-mingw32/bin/../lib/gcc/nios2-elf/5.3.0/../../../../../H-x86_64-mingw32/nios2-elf/lib/mno-hw-mul\libc.a(lib_a-dtoa.o)
 .data          0x00000000000124b8        0x0 f:/quartus-lite-18.1.0.625-windows/nios2eds/bin/gnu/h-x86_64-mingw32/bin/../lib/gcc/nios2-elf/5.3.0/../../../../../H-x86_64-mingw32/nios2-elf/lib/mno-hw-mul\libc.a(lib_a-fflush.o)
 .data          0x00000000000124b8        0x0 f:/quartus-lite-18.1.0.625-windows/nios2eds/bin/gnu/h-x86_64-mingw32/bin/../lib/gcc/nios2-elf/5.3.0/../../../../../H-x86_64-mingw32/nios2-elf/lib/mno-hw-mul\libc.a(lib_a-findfp.o)
 .data          0x00000000000124b8        0x0 f:/quartus-lite-18.1.0.625-windows/nios2eds/bin/gnu/h-x86_64-mingw32/bin/../lib/gcc/nios2-elf/5.3.0/../../../../../H-x86_64-mingw32/nios2-elf/lib/mno-hw-mul\libc.a(lib_a-freer.o)
 .data          0x00000000000124b8        0x0 f:/quartus-lite-18.1.0.625-windows/nios2eds/bin/gnu/h-x86_64-mingw32/bin/../lib/gcc/nios2-elf/5.3.0/../../../../../H-x86_64-mingw32/nios2-elf/lib/mno-hw-mul\libc.a(lib_a-fvwrite.o)
 .data          0x00000000000124b8        0x0 f:/quartus-lite-18.1.0.625-windows/nios2eds/bin/gnu/h-x86_64-mingw32/bin/../lib/gcc/nios2-elf/5.3.0/../../../../../H-x86_64-mingw32/nios2-elf/lib/mno-hw-mul\libc.a(lib_a-fwalk.o)
 .data          0x00000000000124b8        0x0 f:/quartus-lite-18.1.0.625-windows/nios2eds/bin/gnu/h-x86_64-mingw32/bin/../lib/gcc/nios2-elf/5.3.0/../../../../../H-x86_64-mingw32/nios2-elf/lib/mno-hw-mul\libc.a(lib_a-impure.o)
 .data.impure_data
                0x00000000000124b8      0x424 f:/quartus-lite-18.1.0.625-windows/nios2eds/bin/gnu/h-x86_64-mingw32/bin/../lib/gcc/nios2-elf/5.3.0/../../../../../H-x86_64-mingw32/nios2-elf/lib/mno-hw-mul\libc.a(lib_a-impure.o)
 .data          0x00000000000128dc        0x0 f:/quartus-lite-18.1.0.625-windows/nios2eds/bin/gnu/h-x86_64-mingw32/bin/../lib/gcc/nios2-elf/5.3.0/../../../../../H-x86_64-mingw32/nios2-elf/lib/mno-hw-mul\libc.a(lib_a-locale.o)
 .data.lc_message_charset
                0x00000000000128dc       0x20 f:/quartus-lite-18.1.0.625-windows/nios2eds/bin/gnu/h-x86_64-mingw32/bin/../lib/gcc/nios2-elf/5.3.0/../../../../../H-x86_64-mingw32/nios2-elf/lib/mno-hw-mul\libc.a(lib_a-locale.o)
 .data.lc_ctype_charset
                0x00000000000128fc       0x20 f:/quartus-lite-18.1.0.625-windows/nios2eds/bin/gnu/h-x86_64-mingw32/bin/../lib/gcc/nios2-elf/5.3.0/../../../../../H-x86_64-mingw32/nios2-elf/lib/mno-hw-mul\libc.a(lib_a-locale.o)
 .data.lconv    0x000000000001291c       0x38 f:/quartus-lite-18.1.0.625-windows/nios2eds/bin/gnu/h-x86_64-mingw32/bin/../lib/gcc/nios2-elf/5.3.0/../../../../../H-x86_64-mingw32/nios2-elf/lib/mno-hw-mul\libc.a(lib_a-locale.o)
 .data          0x0000000000012954        0x0 f:/quartus-lite-18.1.0.625-windows/nios2eds/bin/gnu/h-x86_64-mingw32/bin/../lib/gcc/nios2-elf/5.3.0/../../../../../H-x86_64-mingw32/nios2-elf/lib/mno-hw-mul\libc.a(lib_a-makebuf.o)
 .data          0x0000000000012954        0x0 f:/quartus-lite-18.1.0.625-windows/nios2eds/bin/gnu/h-x86_64-mingw32/bin/../lib/gcc/nios2-elf/5.3.0/../../../../../H-x86_64-mingw32/nios2-elf/lib/mno-hw-mul\libc.a(lib_a-mallocr.o)
 .data.__malloc_av_
                0x0000000000012954      0x408 f:/quartus-lite-18.1.0.625-windows/nios2eds/bin/gnu/h-x86_64-mingw32/bin/../lib/gcc/nios2-elf/5.3.0/../../../../../H-x86_64-mingw32/nios2-elf/lib/mno-hw-mul\libc.a(lib_a-mallocr.o)
                0x0000000000012954                __malloc_av_
 .data          0x0000000000012d5c        0x0 f:/quartus-lite-18.1.0.625-windows/nios2eds/bin/gnu/h-x86_64-mingw32/bin/../lib/gcc/nios2-elf/5.3.0/../../../../../H-x86_64-mingw32/nios2-elf/lib/mno-hw-mul\libc.a(lib_a-memchr.o)
 .data          0x0000000000012d5c        0x0 f:/quartus-lite-18.1.0.625-windows/nios2eds/bin/gnu/h-x86_64-mingw32/bin/../lib/gcc/nios2-elf/5.3.0/../../../../../H-x86_64-mingw32/nios2-elf/lib/mno-hw-mul\libc.a(lib_a-memcpy.o)
 .data          0x0000000000012d5c        0x0 f:/quartus-lite-18.1.0.625-windows/nios2eds/bin/gnu/h-x86_64-mingw32/bin/../lib/gcc/nios2-elf/5.3.0/../../../../../H-x86_64-mingw32/nios2-elf/lib/mno-hw-mul\libc.a(lib_a-memmove.o)
 .data          0x0000000000012d5c        0x0 f:/quartus-lite-18.1.0.625-windows/nios2eds/bin/gnu/h-x86_64-mingw32/bin/../lib/gcc/nios2-elf/5.3.0/../../../../../H-x86_64-mingw32/nios2-elf/lib/mno-hw-mul\libc.a(lib_a-memset.o)
 .data          0x0000000000012d5c        0x0 f:/quartus-lite-18.1.0.625-windows/nios2eds/bin/gnu/h-x86_64-mingw32/bin/../lib/gcc/nios2-elf/5.3.0/../../../../../H-x86_64-mingw32/nios2-elf/lib/mno-hw-mul\libc.a(lib_a-mprec.o)
 .data          0x0000000000012d5c        0x0 f:/quartus-lite-18.1.0.625-windows/nios2eds/bin/gnu/h-x86_64-mingw32/bin/../lib/gcc/nios2-elf/5.3.0/../../../../../H-x86_64-mingw32/nios2-elf/lib/mno-hw-mul\libc.a(lib_a-reallocr.o)
 .data          0x0000000000012d5c        0x0 f:/quartus-lite-18.1.0.625-windows/nios2eds/bin/gnu/h-x86_64-mingw32/bin/../lib/gcc/nios2-elf/5.3.0/../../../../../H-x86_64-mingw32/nios2-elf/lib/mno-hw-mul\libc.a(lib_a-s_fpclassify.o)
 .data          0x0000000000012d5c        0x0 f:/quartus-lite-18.1.0.625-windows/nios2eds/bin/gnu/h-x86_64-mingw32/bin/../lib/gcc/nios2-elf/5.3.0/../../../../../H-x86_64-mingw32/nios2-elf/lib/mno-hw-mul\libc.a(lib_a-sbrkr.o)
 .data          0x0000000000012d5c        0x0 f:/quartus-lite-18.1.0.625-windows/nios2eds/bin/gnu/h-x86_64-mingw32/bin/../lib/gcc/nios2-elf/5.3.0/../../../../../H-x86_64-mingw32/nios2-elf/lib/mno-hw-mul\libc.a(lib_a-stdio.o)
 .data          0x0000000000012d5c        0x0 f:/quartus-lite-18.1.0.625-windows/nios2eds/bin/gnu/h-x86_64-mingw32/bin/../lib/gcc/nios2-elf/5.3.0/../../../../../H-x86_64-mingw32/nios2-elf/lib/mno-hw-mul\libc.a(lib_a-strcmp.o)
 .data          0x0000000000012d5c        0x0 f:/quartus-lite-18.1.0.625-windows/nios2eds/bin/gnu/h-x86_64-mingw32/bin/../lib/gcc/nios2-elf/5.3.0/../../../../../H-x86_64-mingw32/nios2-elf/lib/mno-hw-mul\libc.a(lib_a-vfiprintf.o)
 .data          0x0000000000012d5c        0x0 f:/quartus-lite-18.1.0.625-windows/nios2eds/bin/gnu/h-x86_64-mingw32/bin/../lib/gcc/nios2-elf/5.3.0/../../../../../H-x86_64-mingw32/nios2-elf/lib/mno-hw-mul\libc.a(lib_a-writer.o)
 .data          0x0000000000012d5c        0x0 f:/quartus-lite-18.1.0.625-windows/nios2eds/bin/gnu/h-x86_64-mingw32/bin/../lib/gcc/nios2-elf/5.3.0/../../../../../H-x86_64-mingw32/nios2-elf/lib/mno-hw-mul\libc.a(closer.o)
 .data          0x0000000000012d5c        0x0 f:/quartus-lite-18.1.0.625-windows/nios2eds/bin/gnu/h-x86_64-mingw32/bin/../lib/gcc/nios2-elf/5.3.0/../../../../../H-x86_64-mingw32/nios2-elf/lib/mno-hw-mul\libc.a(lib_a-callocr.o)
 .data          0x0000000000012d5c        0x0 f:/quartus-lite-18.1.0.625-windows/nios2eds/bin/gnu/h-x86_64-mingw32/bin/../lib/gcc/nios2-elf/5.3.0/../../../../../H-x86_64-mingw32/nios2-elf/lib/mno-hw-mul\libc.a(lib_a-fclose.o)
 .data          0x0000000000012d5c        0x0 f:/quartus-lite-18.1.0.625-windows/nios2eds/bin/gnu/h-x86_64-mingw32/bin/../lib/gcc/nios2-elf/5.3.0/../../../../../H-x86_64-mingw32/nios2-elf/lib/mno-hw-mul\libc.a(lib_a-fputwc.o)
 .data          0x0000000000012d5c        0x0 f:/quartus-lite-18.1.0.625-windows/nios2eds/bin/gnu/h-x86_64-mingw32/bin/../lib/gcc/nios2-elf/5.3.0/../../../../../H-x86_64-mingw32/nios2-elf/lib/mno-hw-mul\libc.a(lib_a-fstatr.o)
 .data          0x0000000000012d5c        0x0 f:/quartus-lite-18.1.0.625-windows/nios2eds/bin/gnu/h-x86_64-mingw32/bin/../lib/gcc/nios2-elf/5.3.0/../../../../../H-x86_64-mingw32/nios2-elf/lib/mno-hw-mul\libc.a(lib_a-int_errno.o)
 .data          0x0000000000012d5c        0x0 f:/quartus-lite-18.1.0.625-windows/nios2eds/bin/gnu/h-x86_64-mingw32/bin/../lib/gcc/nios2-elf/5.3.0/../../../../../H-x86_64-mingw32/nios2-elf/lib/mno-hw-mul\libc.a(lib_a-isattyr.o)
 .data          0x0000000000012d5c        0x0 f:/quartus-lite-18.1.0.625-windows/nios2eds/bin/gnu/h-x86_64-mingw32/bin/../lib/gcc/nios2-elf/5.3.0/../../../../../H-x86_64-mingw32/nios2-elf/lib/mno-hw-mul\libc.a(lib_a-lseekr.o)
 .data          0x0000000000012d5c        0x0 f:/quartus-lite-18.1.0.625-windows/nios2eds/bin/gnu/h-x86_64-mingw32/bin/../lib/gcc/nios2-elf/5.3.0/../../../../../H-x86_64-mingw32/nios2-elf/lib/mno-hw-mul\libc.a(lib_a-readr.o)
 .data          0x0000000000012d5c        0x0 f:/quartus-lite-18.1.0.625-windows/nios2eds/bin/gnu/h-x86_64-mingw32/bin/../lib/gcc/nios2-elf/5.3.0/../../../../../H-x86_64-mingw32/nios2-elf/lib/mno-hw-mul\libc.a(lib_a-wbuf.o)
 .data          0x0000000000012d5c        0x0 f:/quartus-lite-18.1.0.625-windows/nios2eds/bin/gnu/h-x86_64-mingw32/bin/../lib/gcc/nios2-elf/5.3.0/../../../../../H-x86_64-mingw32/nios2-elf/lib/mno-hw-mul\libc.a(lib_a-wcrtomb.o)
 .data          0x0000000000012d5c        0x0 f:/quartus-lite-18.1.0.625-windows/nios2eds/bin/gnu/h-x86_64-mingw32/bin/../lib/gcc/nios2-elf/5.3.0/../../../../../H-x86_64-mingw32/nios2-elf/lib/mno-hw-mul\libc.a(lib_a-wctomb_r.o)
 .data          0x0000000000012d5c        0x0 f:/quartus-lite-18.1.0.625-windows/nios2eds/bin/gnu/h-x86_64-mingw32/bin/../lib/gcc/nios2-elf/5.3.0/mno-hw-mul\libgcc.a(_udivdi3.o)
 .data          0x0000000000012d5c        0x0 f:/quartus-lite-18.1.0.625-windows/nios2eds/bin/gnu/h-x86_64-mingw32/bin/../lib/gcc/nios2-elf/5.3.0/mno-hw-mul\libgcc.a(_umoddi3.o)
 .data          0x0000000000012d5c        0x0 f:/quartus-lite-18.1.0.625-windows/nios2eds/bin/gnu/h-x86_64-mingw32/bin/../lib/gcc/nios2-elf/5.3.0/mno-hw-mul\libgcc.a(lib2-divmod.o)
 .data          0x0000000000012d5c        0x0 f:/quartus-lite-18.1.0.625-windows/nios2eds/bin/gnu/h-x86_64-mingw32/bin/../lib/gcc/nios2-elf/5.3.0/mno-hw-mul\libgcc.a(lib2-mul.o)
 .data          0x0000000000012d5c        0x0 f:/quartus-lite-18.1.0.625-windows/nios2eds/bin/gnu/h-x86_64-mingw32/bin/../lib/gcc/nios2-elf/5.3.0/mno-hw-mul\libgcc.a(adddf3.o)
 .data          0x0000000000012d5c        0x0 f:/quartus-lite-18.1.0.625-windows/nios2eds/bin/gnu/h-x86_64-mingw32/bin/../lib/gcc/nios2-elf/5.3.0/mno-hw-mul\libgcc.a(divdf3.o)
 .data          0x0000000000012d5c        0x0 f:/quartus-lite-18.1.0.625-windows/nios2eds/bin/gnu/h-x86_64-mingw32/bin/../lib/gcc/nios2-elf/5.3.0/mno-hw-mul\libgcc.a(eqdf2.o)
 .data          0x0000000000012d5c        0x0 f:/quartus-lite-18.1.0.625-windows/nios2eds/bin/gnu/h-x86_64-mingw32/bin/../lib/gcc/nios2-elf/5.3.0/mno-hw-mul\libgcc.a(gedf2.o)
 .data          0x0000000000012d5c        0x0 f:/quartus-lite-18.1.0.625-windows/nios2eds/bin/gnu/h-x86_64-mingw32/bin/../lib/gcc/nios2-elf/5.3.0/mno-hw-mul\libgcc.a(ledf2.o)
 .data          0x0000000000012d5c        0x0 f:/quartus-lite-18.1.0.625-windows/nios2eds/bin/gnu/h-x86_64-mingw32/bin/../lib/gcc/nios2-elf/5.3.0/mno-hw-mul\libgcc.a(muldf3.o)
 .data          0x0000000000012d5c        0x0 f:/quartus-lite-18.1.0.625-windows/nios2eds/bin/gnu/h-x86_64-mingw32/bin/../lib/gcc/nios2-elf/5.3.0/mno-hw-mul\libgcc.a(subdf3.o)
 .data          0x0000000000012d5c        0x0 f:/quartus-lite-18.1.0.625-windows/nios2eds/bin/gnu/h-x86_64-mingw32/bin/../lib/gcc/nios2-elf/5.3.0/mno-hw-mul\libgcc.a(fixdfsi.o)
 .data          0x0000000000012d5c        0x0 f:/quartus-lite-18.1.0.625-windows/nios2eds/bin/gnu/h-x86_64-mingw32/bin/../lib/gcc/nios2-elf/5.3.0/mno-hw-mul\libgcc.a(floatsidf.o)
 .data          0x0000000000012d5c        0x0 f:/quartus-lite-18.1.0.625-windows/nios2eds/bin/gnu/h-x86_64-mingw32/bin/../lib/gcc/nios2-elf/5.3.0/mno-hw-mul\libgcc.a(floatunsidf.o)
 .data          0x0000000000012d5c        0x0 f:/quartus-lite-18.1.0.625-windows/nios2eds/bin/gnu/h-x86_64-mingw32/bin/../lib/gcc/nios2-elf/5.3.0/mno-hw-mul\libgcc.a(_clz.o)
 .data          0x0000000000012d5c        0x0 f:/quartus-lite-18.1.0.625-windows/nios2eds/bin/gnu/h-x86_64-mingw32/bin/../lib/gcc/nios2-elf/5.3.0/mno-hw-mul\libgcc.a(_clzsi2.o)
 .data          0x0000000000012d5c        0x0 ../usb_bsp/\libhal_bsp.a(alt_close.o)
 .data          0x0000000000012d5c      0x1a8 ../usb_bsp/\libhal_bsp.a(alt_dev.o)
                0x0000000000012d5c                alt_dev_null
                0x0000000000012d84                alt_fd_list
 .data          0x0000000000012f04        0x0 ../usb_bsp/\libhal_bsp.a(alt_errno.o)
 .data          0x0000000000012f04        0x0 ../usb_bsp/\libhal_bsp.a(alt_fstat.o)
 .data          0x0000000000012f04        0x0 ../usb_bsp/\libhal_bsp.a(alt_isatty.o)
 .data          0x0000000000012f04        0x0 ../usb_bsp/\libhal_bsp.a(alt_load.o)
 .data          0x0000000000012f04        0x0 ../usb_bsp/\libhal_bsp.a(alt_lseek.o)
 .data          0x0000000000012f04        0x0 ../usb_bsp/\libhal_bsp.a(alt_main.o)
 .data          0x0000000000012f04        0x0 ../usb_bsp/\libhal_bsp.a(alt_malloc_lock.o)
 .data          0x0000000000012f04        0x0 ../usb_bsp/\libhal_bsp.a(alt_read.o)
 .data          0x0000000000012f04        0x0 ../usb_bsp/\libhal_bsp.a(alt_release_fd.o)
 .data          0x0000000000012f04        0x0 ../usb_bsp/\libhal_bsp.a(alt_sbrk.o)
 .data          0x0000000000012f04        0x0 ../usb_bsp/\libhal_bsp.a(alt_usleep.o)
 .data          0x0000000000012f04        0x0 ../usb_bsp/\libhal_bsp.a(alt_write.o)
 .data          0x0000000000012f04     0x1060 ../usb_bsp/\libhal_bsp.a(alt_sys_init.o)
 .data          0x0000000000013f64        0x0 ../usb_bsp/\libhal_bsp.a(altera_avalon_jtag_uart_fd.o)
 .data          0x0000000000013f64        0x0 ../usb_bsp/\libhal_bsp.a(altera_avalon_jtag_uart_init.o)
 .data          0x0000000000013f64        0x0 ../usb_bsp/\libhal_bsp.a(altera_avalon_jtag_uart_ioctl.o)
 .data          0x0000000000013f64        0x0 ../usb_bsp/\libhal_bsp.a(altera_avalon_jtag_uart_read.o)
 .data          0x0000000000013f64        0x0 ../usb_bsp/\libhal_bsp.a(altera_avalon_jtag_uart_write.o)
 .data          0x0000000000013f64        0x0 ../usb_bsp/\libhal_bsp.a(alt_alarm_start.o)
 .data          0x0000000000013f64        0x0 ../usb_bsp/\libhal_bsp.a(alt_busy_sleep.o)
 .data          0x0000000000013f64        0x0 ../usb_bsp/\libhal_bsp.a(alt_dcache_flush_all.o)
 .data          0x0000000000013f64        0x0 ../usb_bsp/\libhal_bsp.a(alt_dev_llist_insert.o)
 .data          0x0000000000013f64        0x0 ../usb_bsp/\libhal_bsp.a(alt_do_ctors.o)
 .data          0x0000000000013f64        0x0 ../usb_bsp/\libhal_bsp.a(alt_do_dtors.o)
 .data          0x0000000000013f64        0x0 ../usb_bsp/\libhal_bsp.a(alt_icache_flush_all.o)
 .data          0x0000000000013f64        0x0 ../usb_bsp/\libhal_bsp.a(alt_iic.o)
 .data          0x0000000000013f64        0x0 ../usb_bsp/\libhal_bsp.a(alt_iic_isr_register.o)
 .data          0x0000000000013f64        0x0 ../usb_bsp/\libhal_bsp.a(alt_io_redirect.o)
 .data          0x0000000000013f64        0x0 ../usb_bsp/\libhal_bsp.a(alt_irq_entry.o)
 .data          0x0000000000013f64        0x0 ../usb_bsp/\libhal_bsp.a(alt_irq_handler.o)
 .data          0x0000000000013f64        0x0 ../usb_bsp/\libhal_bsp.a(alt_irq_vars.o)
 .data          0x0000000000013f64        0x0 ../usb_bsp/\libhal_bsp.a(alt_open.o)
 .data          0x0000000000013f64        0x0 ../usb_bsp/\libhal_bsp.a(alt_tick.o)
 .data          0x0000000000013f64        0x0 ../usb_bsp/\libhal_bsp.a(altera_nios2_gen2_irq.o)
 .data          0x0000000000013f64        0x0 ../usb_bsp/\libhal_bsp.a(alt_exception_entry.o)
 .data          0x0000000000013f64        0x0 ../usb_bsp/\libhal_bsp.a(alt_find_dev.o)
 .data          0x0000000000013f64        0x0 ../usb_bsp/\libhal_bsp.a(alt_find_file.o)
 .data          0x0000000000013f64        0x0 ../usb_bsp/\libhal_bsp.a(alt_get_fd.o)
 .data          0x0000000000013f64        0x0 ../usb_bsp/\libhal_bsp.a(alt_instruction_exception_entry.o)
 .data          0x0000000000013f64        0x0 f:/quartus-lite-18.1.0.625-windows/nios2eds/bin/gnu/h-x86_64-mingw32/bin/../lib/gcc/nios2-elf/5.3.0/../../../../../H-x86_64-mingw32/nios2-elf/lib/mno-hw-mul\libc.a(lib_a-atexit.o)
 .data          0x0000000000013f64        0x0 f:/quartus-lite-18.1.0.625-windows/nios2eds/bin/gnu/h-x86_64-mingw32/bin/../lib/gcc/nios2-elf/5.3.0/../../../../../H-x86_64-mingw32/nios2-elf/lib/mno-hw-mul\libc.a(lib_a-exit.o)
 .data          0x0000000000013f64        0x0 f:/quartus-lite-18.1.0.625-windows/nios2eds/bin/gnu/h-x86_64-mingw32/bin/../lib/gcc/nios2-elf/5.3.0/../../../../../H-x86_64-mingw32/nios2-elf/lib/mno-hw-mul\libc.a(lib_a-memcmp.o)
 .data          0x0000000000013f64        0x0 f:/quartus-lite-18.1.0.625-windows/nios2eds/bin/gnu/h-x86_64-mingw32/bin/../lib/gcc/nios2-elf/5.3.0/../../../../../H-x86_64-mingw32/nios2-elf/lib/mno-hw-mul\libc.a(lib_a-__atexit.o)
 .data          0x0000000000013f64        0x0 f:/quartus-lite-18.1.0.625-windows/nios2eds/bin/gnu/h-x86_64-mingw32/bin/../lib/gcc/nios2-elf/5.3.0/../../../../../H-x86_64-mingw32/nios2-elf/lib/mno-hw-mul\libc.a(lib_a-__call_atexit.o)
 .data          0x0000000000013f64        0x0 ../usb_bsp/\libhal_bsp.a(alt_exit.o)
                0x000000000001bf64                _gp = ABSOLUTE ((. + 0x8000))
                [!provide]                        PROVIDE (gp, _gp)
 *(.rwdata .rwdata.*)
 *(.sdata .sdata.* .gnu.linkonce.s.*)
 .sdata._global_impure_ptr
                0x0000000000013f64        0x4 f:/quartus-lite-18.1.0.625-windows/nios2eds/bin/gnu/h-x86_64-mingw32/bin/../lib/gcc/nios2-elf/5.3.0/../../../../../H-x86_64-mingw32/nios2-elf/lib/mno-hw-mul\libc.a(lib_a-impure.o)
                0x0000000000013f64                _global_impure_ptr
 .sdata._impure_ptr
                0x0000000000013f68        0x4 f:/quartus-lite-18.1.0.625-windows/nios2eds/bin/gnu/h-x86_64-mingw32/bin/../lib/gcc/nios2-elf/5.3.0/../../../../../H-x86_64-mingw32/nios2-elf/lib/mno-hw-mul\libc.a(lib_a-impure.o)
                0x0000000000013f68                _impure_ptr
 .sdata.__mb_cur_max
                0x0000000000013f6c        0x4 f:/quartus-lite-18.1.0.625-windows/nios2eds/bin/gnu/h-x86_64-mingw32/bin/../lib/gcc/nios2-elf/5.3.0/../../../../../H-x86_64-mingw32/nios2-elf/lib/mno-hw-mul\libc.a(lib_a-locale.o)
                0x0000000000013f6c                __mb_cur_max
 .sdata.__malloc_sbrk_base
                0x0000000000013f70        0x4 f:/quartus-lite-18.1.0.625-windows/nios2eds/bin/gnu/h-x86_64-mingw32/bin/../lib/gcc/nios2-elf/5.3.0/../../../../../H-x86_64-mingw32/nios2-elf/lib/mno-hw-mul\libc.a(lib_a-mallocr.o)
                0x0000000000013f70                __malloc_sbrk_base
 .sdata.__malloc_trim_threshold
                0x0000000000013f74        0x4 f:/quartus-lite-18.1.0.625-windows/nios2eds/bin/gnu/h-x86_64-mingw32/bin/../lib/gcc/nios2-elf/5.3.0/../../../../../H-x86_64-mingw32/nios2-elf/lib/mno-hw-mul\libc.a(lib_a-mallocr.o)
                0x0000000000013f74                __malloc_trim_threshold
 .sdata.__wctomb
                0x0000000000013f78        0x4 f:/quartus-lite-18.1.0.625-windows/nios2eds/bin/gnu/h-x86_64-mingw32/bin/../lib/gcc/nios2-elf/5.3.0/../../../../../H-x86_64-mingw32/nios2-elf/lib/mno-hw-mul\libc.a(lib_a-wctomb_r.o)
                0x0000000000013f78                __wctomb
 .sdata         0x0000000000013f7c       0x14 ../usb_bsp/\libhal_bsp.a(alt_dev.o)
                0x0000000000013f7c                alt_fs_list
                0x0000000000013f84                alt_dev_list
                0x0000000000013f8c                alt_max_fd
 .sdata         0x0000000000013f90        0x4 ../usb_bsp/\libhal_bsp.a(alt_errno.o)
                0x0000000000013f90                alt_errno
 .sdata         0x0000000000013f94        0x4 ../usb_bsp/\libhal_bsp.a(alt_sbrk.o)
 .sdata         0x0000000000013f98        0x4 ../usb_bsp/\libhal_bsp.a(alt_irq_vars.o)
                0x0000000000013f98                alt_priority_mask
 .sdata         0x0000000000013f9c        0x8 ../usb_bsp/\libhal_bsp.a(alt_tick.o)
                0x0000000000013f9c                alt_alarm_list
 *(.sdata2 .sdata2.* .gnu.linkonce.s2.*)
                0x0000000000013fa4                . = ALIGN (0x4)
                0x0000000000013fa4                _edata = ABSOLUTE (.)
                [!provide]                        PROVIDE (edata, ABSOLUTE (.))
                0x0000000000013fa4                PROVIDE (__ram_rwdata_end, ABSOLUTE (.))
                0x0000000000013fa4                PROVIDE (__flash_rwdata_start, LOADADDR (.rwdata))

.bss            0x0000000000015a90      0x164
                0x0000000000015a90                __bss_start = ABSOLUTE (.)
                [!provide]                        PROVIDE (__sbss_start, ABSOLUTE (.))
                [!provide]                        PROVIDE (___sbss_start, ABSOLUTE (.))
 *(.dynsbss)
 *(.sbss .sbss.* .gnu.linkonce.sb.*)
 .sbss          0x0000000000015a90        0x4 obj/default/main.o
 .sbss._PathLocale
                0x0000000000015a94        0x4 f:/quartus-lite-18.1.0.625-windows/nios2eds/bin/gnu/h-x86_64-mingw32/bin/../lib/gcc/nios2-elf/5.3.0/../../../../../H-x86_64-mingw32/nios2-elf/lib/mno-hw-mul\libc.a(lib_a-locale.o)
                0x0000000000015a94                _PathLocale
 .sbss.__mlocale_changed
                0x0000000000015a98        0x4 f:/quartus-lite-18.1.0.625-windows/nios2eds/bin/gnu/h-x86_64-mingw32/bin/../lib/gcc/nios2-elf/5.3.0/../../../../../H-x86_64-mingw32/nios2-elf/lib/mno-hw-mul\libc.a(lib_a-locale.o)
                0x0000000000015a98                __mlocale_changed
 .sbss.__nlocale_changed
                0x0000000000015a9c        0x4 f:/quartus-lite-18.1.0.625-windows/nios2eds/bin/gnu/h-x86_64-mingw32/bin/../lib/gcc/nios2-elf/5.3.0/../../../../../H-x86_64-mingw32/nios2-elf/lib/mno-hw-mul\libc.a(lib_a-locale.o)
                0x0000000000015a9c                __nlocale_changed
 .sbss.__malloc_max_total_mem
                0x0000000000015aa0        0x4 f:/quartus-lite-18.1.0.625-windows/nios2eds/bin/gnu/h-x86_64-mingw32/bin/../lib/gcc/nios2-elf/5.3.0/../../../../../H-x86_64-mingw32/nios2-elf/lib/mno-hw-mul\libc.a(lib_a-mallocr.o)
                0x0000000000015aa0                __malloc_max_total_mem
 .sbss.__malloc_max_sbrked_mem
                0x0000000000015aa4        0x4 f:/quartus-lite-18.1.0.625-windows/nios2eds/bin/gnu/h-x86_64-mingw32/bin/../lib/gcc/nios2-elf/5.3.0/../../../../../H-x86_64-mingw32/nios2-elf/lib/mno-hw-mul\libc.a(lib_a-mallocr.o)
                0x0000000000015aa4                __malloc_max_sbrked_mem
 .sbss.__malloc_top_pad
                0x0000000000015aa8        0x4 f:/quartus-lite-18.1.0.625-windows/nios2eds/bin/gnu/h-x86_64-mingw32/bin/../lib/gcc/nios2-elf/5.3.0/../../../../../H-x86_64-mingw32/nios2-elf/lib/mno-hw-mul\libc.a(lib_a-mallocr.o)
                0x0000000000015aa8                __malloc_top_pad
 .sbss          0x0000000000015aac        0x4 f:/quartus-lite-18.1.0.625-windows/nios2eds/bin/gnu/h-x86_64-mingw32/bin/../lib/gcc/nios2-elf/5.3.0/../../../../../H-x86_64-mingw32/nios2-elf/lib/mno-hw-mul\libc.a(lib_a-int_errno.o)
                0x0000000000015aac                errno
 .sbss          0x0000000000015ab0        0xc ../usb_bsp/\libhal_bsp.a(alt_main.o)
                0x0000000000015ab0                alt_argc
                0x0000000000015ab4                alt_argv
                0x0000000000015ab8                alt_envp
 .sbss          0x0000000000015abc        0x4 ../usb_bsp/\libhal_bsp.a(alt_irq_vars.o)
                0x0000000000015abc                alt_irq_active
 .sbss          0x0000000000015ac0        0x8 ../usb_bsp/\libhal_bsp.a(alt_tick.o)
                0x0000000000015ac0                _alt_tick_rate
                0x0000000000015ac4                _alt_nticks
 .sbss          0x0000000000015ac8        0x4 ../usb_bsp/\libhal_bsp.a(alt_instruction_exception_entry.o)
                0x0000000000015ac8                alt_instruction_exception_handler
 *(.sbss2 .sbss2.* .gnu.linkonce.sb2.*)
 *(.scommon)
                [!provide]                        PROVIDE (__sbss_end, ABSOLUTE (.))
                [!provide]                        PROVIDE (___sbss_end, ABSOLUTE (.))
 *(.dynbss)
 *(.bss .bss.* .gnu.linkonce.b.*)
 .bss           0x0000000000015acc        0x0 ../usb_bsp//obj/HAL/src/crt0.o
 .bss           0x0000000000015acc        0x0 obj/default/io_handler.o
 .bss           0x0000000000015acc        0x0 obj/default/main.o
 .bss           0x0000000000015acc        0x0 obj/default/usb.o
 .bss           0x0000000000015acc        0x0 f:/quartus-lite-18.1.0.625-windows/nios2eds/bin/gnu/h-x86_64-mingw32/bin/../lib/gcc/nios2-elf/5.3.0/../../../../../H-x86_64-mingw32/nios2-elf/lib/mno-hw-mul\libc.a(lib_a-printf.o)
 .bss           0x0000000000015acc        0x0 f:/quartus-lite-18.1.0.625-windows/nios2eds/bin/gnu/h-x86_64-mingw32/bin/../lib/gcc/nios2-elf/5.3.0/../../../../../H-x86_64-mingw32/nios2-elf/lib/mno-hw-mul\libc.a(lib_a-puts.o)
 .bss           0x0000000000015acc        0x0 f:/quartus-lite-18.1.0.625-windows/nios2eds/bin/gnu/h-x86_64-mingw32/bin/../lib/gcc/nios2-elf/5.3.0/../../../../../H-x86_64-mingw32/nios2-elf/lib/mno-hw-mul\libc.a(lib_a-strlen.o)
 .bss           0x0000000000015acc        0x0 f:/quartus-lite-18.1.0.625-windows/nios2eds/bin/gnu/h-x86_64-mingw32/bin/../lib/gcc/nios2-elf/5.3.0/../../../../../H-x86_64-mingw32/nios2-elf/lib/mno-hw-mul\libc.a(lib_a-vfprintf.o)
 .bss           0x0000000000015acc        0x0 f:/quartus-lite-18.1.0.625-windows/nios2eds/bin/gnu/h-x86_64-mingw32/bin/../lib/gcc/nios2-elf/5.3.0/../../../../../H-x86_64-mingw32/nios2-elf/lib/mno-hw-mul\libc.a(lib_a-wsetup.o)
 .bss           0x0000000000015acc        0x0 f:/quartus-lite-18.1.0.625-windows/nios2eds/bin/gnu/h-x86_64-mingw32/bin/../lib/gcc/nios2-elf/5.3.0/../../../../../H-x86_64-mingw32/nios2-elf/lib/mno-hw-mul\libc.a(lib_a-dtoa.o)
 .bss           0x0000000000015acc        0x0 f:/quartus-lite-18.1.0.625-windows/nios2eds/bin/gnu/h-x86_64-mingw32/bin/../lib/gcc/nios2-elf/5.3.0/../../../../../H-x86_64-mingw32/nios2-elf/lib/mno-hw-mul\libc.a(lib_a-fflush.o)
 .bss           0x0000000000015acc        0x0 f:/quartus-lite-18.1.0.625-windows/nios2eds/bin/gnu/h-x86_64-mingw32/bin/../lib/gcc/nios2-elf/5.3.0/../../../../../H-x86_64-mingw32/nios2-elf/lib/mno-hw-mul\libc.a(lib_a-findfp.o)
 .bss           0x0000000000015acc        0x0 f:/quartus-lite-18.1.0.625-windows/nios2eds/bin/gnu/h-x86_64-mingw32/bin/../lib/gcc/nios2-elf/5.3.0/../../../../../H-x86_64-mingw32/nios2-elf/lib/mno-hw-mul\libc.a(lib_a-freer.o)
 .bss           0x0000000000015acc        0x0 f:/quartus-lite-18.1.0.625-windows/nios2eds/bin/gnu/h-x86_64-mingw32/bin/../lib/gcc/nios2-elf/5.3.0/../../../../../H-x86_64-mingw32/nios2-elf/lib/mno-hw-mul\libc.a(lib_a-fvwrite.o)
 .bss           0x0000000000015acc        0x0 f:/quartus-lite-18.1.0.625-windows/nios2eds/bin/gnu/h-x86_64-mingw32/bin/../lib/gcc/nios2-elf/5.3.0/../../../../../H-x86_64-mingw32/nios2-elf/lib/mno-hw-mul\libc.a(lib_a-fwalk.o)
 .bss           0x0000000000015acc        0x0 f:/quartus-lite-18.1.0.625-windows/nios2eds/bin/gnu/h-x86_64-mingw32/bin/../lib/gcc/nios2-elf/5.3.0/../../../../../H-x86_64-mingw32/nios2-elf/lib/mno-hw-mul\libc.a(lib_a-impure.o)
 .bss           0x0000000000015acc        0x0 f:/quartus-lite-18.1.0.625-windows/nios2eds/bin/gnu/h-x86_64-mingw32/bin/../lib/gcc/nios2-elf/5.3.0/../../../../../H-x86_64-mingw32/nios2-elf/lib/mno-hw-mul\libc.a(lib_a-locale.o)
 .bss           0x0000000000015acc        0x0 f:/quartus-lite-18.1.0.625-windows/nios2eds/bin/gnu/h-x86_64-mingw32/bin/../lib/gcc/nios2-elf/5.3.0/../../../../../H-x86_64-mingw32/nios2-elf/lib/mno-hw-mul\libc.a(lib_a-makebuf.o)