Archive member included to satisfy reference by file (symbol)

f:/quartus-lite-18.1.0.625-windows/nios2eds/bin/gnu/h-x86_64-mingw32/bin/../lib/gcc/nios2-elf/5.3.0/mno-hw-mul\libgcc.a(lib2-divmod.o)
                              obj/default/text_mode_vga_color.o (__modsi3)
f:/quartus-lite-18.1.0.625-windows/nios2eds/bin/gnu/h-x86_64-mingw32/bin/../lib/gcc/nios2-elf/5.3.0/mno-hw-mul\libgcc.a(lib2-mul.o)
                              obj/default/text_mode_vga_color.o (__mulsi3)
f:/quartus-lite-18.1.0.625-windows/nios2eds/bin/gnu/h-x86_64-mingw32/bin/../lib/gcc/nios2-elf/5.3.0/../../../../../H-x86_64-mingw32/nios2-elf/lib/mno-hw-mul\libc.a(lib_a-rand.o)
                              obj/default/palette_test.o (rand)
f:/quartus-lite-18.1.0.625-windows/nios2eds/bin/gnu/h-x86_64-mingw32/bin/../lib/gcc/nios2-elf/5.3.0/../../../../../H-x86_64-mingw32/nios2-elf/lib/mno-hw-mul\libc.a(lib_a-sprintf.o)
                              obj/default/text_mode_vga_color.o (sprintf)
f:/quartus-lite-18.1.0.625-windows/nios2eds/bin/gnu/h-x86_64-mingw32/bin/../lib/gcc/nios2-elf/5.3.0/../../../../../H-x86_64-mingw32/nios2-elf/lib/mno-hw-mul\libc.a(lib_a-strlen.o)
                              obj/default/text_mode_vga_color.o (strlen)
f:/quartus-lite-18.1.0.625-windows/nios2eds/bin/gnu/h-x86_64-mingw32/bin/../lib/gcc/nios2-elf/5.3.0/../../../../../H-x86_64-mingw32/nios2-elf/lib/mno-hw-mul\libc.a(lib_a-svfprintf.o)
                              f:/quartus-lite-18.1.0.625-windows/nios2eds/bin/gnu/h-x86_64-mingw32/bin/../lib/gcc/nios2-elf/5.3.0/../../../../../H-x86_64-mingw32/nios2-elf/lib/mno-hw-mul\libc.a(lib_a-sprintf.o) (___svfprintf_internal_r)
f:/quartus-lite-18.1.0.625-windows/nios2eds/bin/gnu/h-x86_64-mingw32/bin/../lib/gcc/nios2-elf/5.3.0/../../../../../H-x86_64-mingw32/nios2-elf/lib/mno-hw-mul\libc.a(lib_a-dtoa.o)
                              f:/quartus-lite-18.1.0.625-windows/nios2eds/bin/gnu/h-x86_64-mingw32/bin/../lib/gcc/nios2-elf/5.3.0/../../../../../H-x86_64-mingw32/nios2-elf/lib/mno-hw-mul\libc.a(lib_a-svfprintf.o) (_dtoa_r)
f:/quartus-lite-18.1.0.625-windows/nios2eds/bin/gnu/h-x86_64-mingw32/bin/../lib/gcc/nios2-elf/5.3.0/../../../../../H-x86_64-mingw32/nios2-elf/lib/mno-hw-mul\libc.a(lib_a-impure.o)
                              f:/quartus-lite-18.1.0.625-windows/nios2eds/bin/gnu/h-x86_64-mingw32/bin/../lib/gcc/nios2-elf/5.3.0/../../../../../H-x86_64-mingw32/nios2-elf/lib/mno-hw-mul\libc.a(lib_a-rand.o) (_impure_ptr)
f:/quartus-lite-18.1.0.625-windows/nios2eds/bin/gnu/h-x86_64-mingw32/bin/../lib/gcc/nios2-elf/5.3.0/../../../../../H-x86_64-mingw32/nios2-elf/lib/mno-hw-mul\libc.a(lib_a-locale.o)
                              f:/quartus-lite-18.1.0.625-windows/nios2eds/bin/gnu/h-x86_64-mingw32/bin/../lib/gcc/nios2-elf/5.3.0/../../../../../H-x86_64-mingw32/nios2-elf/lib/mno-hw-mul\libc.a(lib_a-svfprintf.o) (_localeconv_r)
f:/quartus-lite-18.1.0.625-windows/nios2eds/bin/gnu/h-x86_64-mingw32/bin/../lib/gcc/nios2-elf/5.3.0/../../../../../H-x86_64-mingw32/nios2-elf/lib/mno-hw-mul\libc.a(lib_a-mallocr.o)
                              f:/quartus-lite-18.1.0.625-windows/nios2eds/bin/gnu/h-x86_64-mingw32/bin/../lib/gcc/nios2-elf/5.3.0/../../../../../H-x86_64-mingw32/nios2-elf/lib/mno-hw-mul\libc.a(lib_a-svfprintf.o) (_malloc_r)
f:/quartus-lite-18.1.0.625-windows/nios2eds/bin/gnu/h-x86_64-mingw32/bin/../lib/gcc/nios2-elf/5.3.0/../../../../../H-x86_64-mingw32/nios2-elf/lib/mno-hw-mul\libc.a(lib_a-memchr.o)
                              f:/quartus-lite-18.1.0.625-windows/nios2eds/bin/gnu/h-x86_64-mingw32/bin/../lib/gcc/nios2-elf/5.3.0/../../../../../H-x86_64-mingw32/nios2-elf/lib/mno-hw-mul\libc.a(lib_a-svfprintf.o) (memchr)
f:/quartus-lite-18.1.0.625-windows/nios2eds/bin/gnu/h-x86_64-mingw32/bin/../lib/gcc/nios2-elf/5.3.0/../../../../../H-x86_64-mingw32/nios2-elf/lib/mno-hw-mul\libc.a(lib_a-memcpy.o)
                              f:/quartus-lite-18.1.0.625-windows/nios2eds/bin/gnu/h-x86_64-mingw32/bin/../lib/gcc/nios2-elf/5.3.0/../../../../../H-x86_64-mingw32/nios2-elf/lib/mno-hw-mul\libc.a(lib_a-dtoa.o) (memcpy)
f:/quartus-lite-18.1.0.625-windows/nios2eds/bin/gnu/h-x86_64-mingw32/bin/../lib/gcc/nios2-elf/5.3.0/../../../../../H-x86_64-mingw32/nios2-elf/lib/mno-hw-mul\libc.a(lib_a-mprec.o)
                              f:/quartus-lite-18.1.0.625-windows/nios2eds/bin/gnu/h-x86_64-mingw32/bin/../lib/gcc/nios2-elf/5.3.0/../../../../../H-x86_64-mingw32/nios2-elf/lib/mno-hw-mul\libc.a(lib_a-dtoa.o) (_Balloc)
f:/quartus-lite-18.1.0.625-windows/nios2eds/bin/gnu/h-x86_64-mingw32/bin/../lib/gcc/nios2-elf/5.3.0/../../../../../H-x86_64-mingw32/nios2-elf/lib/mno-hw-mul\libc.a(lib_a-s_fpclassify.o)
                              f:/quartus-lite-18.1.0.625-windows/nios2eds/bin/gnu/h-x86_64-mingw32/bin/../lib/gcc/nios2-elf/5.3.0/../../../../../H-x86_64-mingw32/nios2-elf/lib/mno-hw-mul\libc.a(lib_a-svfprintf.o) (__fpclassifyd)
[...]
Memory Configuration

Name             Origin             Length             Attributes
reset            0x0000000000000000 0x0000000000000020
sdram            0x0000000000000020 0x0000000007ffffe0
onchip_memory2_0 0x0000000009000000 0x0000000000002000
*default*        0x0000000000000000 0xffffffffffffffff

Linker script and memory map

LOAD ../lab92_bsp//obj/HAL/src/crt0.o
LOAD obj/default/main.o
LOAD obj/default/palette_test.o
LOAD obj/default/text_mode_vga_color.o
LOAD f:/quartus-lite-18.1.0.625-windows/nios2eds/bin/gnu/h-x86_64-mingw32/bin/../lib/gcc/nios2-elf/5.3.0/../../../../../H-x86_64-mingw32/nios2-elf/lib/mno-hw-mul\libstdc++.a
LOAD f:/quartus-lite-18.1.0.625-windows/nios2eds/bin/gnu/h-x86_64-mingw32/bin/../lib/gcc/nios2-elf/5.3.0/../../../../../H-x86_64-mingw32/nios2-elf/lib/mno-hw-mul\libm.a
LOAD f:/quartus-lite-18.1.0.625-windows/nios2eds/bin/gnu/h-x86_64-mingw32/bin/../lib/gcc/nios2-elf/5.3.0/mno-hw-mul\libgcc.a
START GROUP
LOAD f:/quartus-lite-18.1.0.625-windows/nios2eds/bin/gnu/h-x86_64-mingw32/bin/../lib/gcc/nios2-elf/5.3.0/../../../../../H-x86_64-mingw32/nios2-elf/lib/mno-hw-mul\libc.a
LOAD f:/quartus-lite-18.1.0.625-windows/nios2eds/bin/gnu/h-x86_64-mingw32/bin/../lib/gcc/nios2-elf/5.3.0/mno-hw-mul\libgcc.a
LOAD ../lab92_bsp/\libhal_bsp.a
LOAD f:/quartus-lite-18.1.0.625-windows/nios2eds/bin/gnu/h-x86_64-mingw32/bin/../lib/gcc/nios2-elf/5.3.0/../../../../../H-x86_64-mingw32/nios2-elf/lib/mno-hw-mul\libm.a
END GROUP
LOAD f:/quartus-lite-18.1.0.625-windows/nios2eds/bin/gnu/h-x86_64-mingw32/bin/../lib/gcc/nios2-elf/5.3.0/mno-hw-mul\libgcc.a
                0x0000000000000000                __alt_mem_sdram = 0x0
                0x0000000009000000                __alt_mem_onchip_memory2_0 = 0x9000000

.entry          0x0000000000000000       0x20
 *(.entry)
 .entry         0x0000000000000000       0x20 ../lab92_bsp//obj/HAL/src/crt0.o
                0x0000000000000000                __reset

.exceptions     0x0000000000000020      0x210
                0x0000000000000020                PROVIDE (__ram_exceptions_start, ABSOLUTE (.))
                0x0000000000000020                . = ALIGN (0x20)
 *(.irq)
 *(.exceptions.entry.label)
 .exceptions.entry.label
                0x0000000000000020        0x0 ../lab92_bsp/\libhal_bsp.a(alt_irq_entry.o)
                0x0000000000000020                alt_irq_entry
 .exceptions.entry.label
                0x0000000000000020        0x0 ../lab92_bsp/\libhal_bsp.a(alt_exception_entry.o)
                0x0000000000000020                alt_exception
 *(.exceptions.entry.user)
 *(.exceptions.entry.ecc_fatal)
 *(.exceptions.entry)
 .exceptions.entry
                0x0000000000000020       0x54 ../lab92_bsp/\libhal_bsp.a(alt_exception_entry.o)
 *(.exceptions.irqtest.user)
 *(.exceptions.irqtest)
 .exceptions.irqtest
                0x0000000000000074       0x10 ../lab92_bsp/\libhal_bsp.a(alt_irq_entry.o)
 *(.exceptions.irqhandler.user)
 *(.exceptions.irqhandler)
 .exceptions.irqhandler
                0x0000000000000084        0x4 ../lab92_bsp/\libhal_bsp.a(alt_irq_entry.o)
 *(.exceptions.irqreturn.user)
 *(.exceptions.irqreturn)
 .exceptions.irqreturn
                0x0000000000000088        0x4 ../lab92_bsp/\libhal_bsp.a(alt_irq_entry.o)
 *(.exceptions.notirq.label)
 .exceptions.notirq.label
                0x000000000000008c        0x0 ../lab92_bsp/\libhal_bsp.a(alt_irq_entry.o)
 *(.exceptions.notirq.user)
 *(.exceptions.notirq)
 .exceptions.notirq
                0x000000000000008c        0x8 ../lab92_bsp/\libhal_bsp.a(alt_exception_entry.o)
 *(.exceptions.soft.user)
 *(.exceptions.soft)
 *(.exceptions.unknown.user)
 *(.exceptions.unknown)
 .exceptions.unknown
                0x0000000000000094       0x14 ../lab92_bsp/\libhal_bsp.a(alt_exception_entry.o)
 *(.exceptions.exit.label)
 .exceptions.exit.label
                0x00000000000000a8        0x0 ../lab92_bsp/\libhal_bsp.a(alt_irq_entry.o)
 .exceptions.exit.label
                0x00000000000000a8        0x0 ../lab92_bsp/\libhal_bsp.a(alt_exception_entry.o)
 *(.exceptions.exit.user)
 *(.exceptions.exit)
 .exceptions.exit
                0x00000000000000a8       0x54 ../lab92_bsp/\libhal_bsp.a(alt_exception_entry.o)
 *(.exceptions)
 .exceptions    0x00000000000000fc       0xd4 ../lab92_bsp/\libhal_bsp.a(alt_irq_handler.o)
                0x00000000000000fc                alt_irq_handler
 .exceptions    0x00000000000001d0       0x60 ../lab92_bsp/\libhal_bsp.a(alt_instruction_exception_entry.o)
                0x00000000000001d0                alt_instruction_exception_entry
                0x0000000000000230                PROVIDE (__ram_exceptions_end, ABSOLUTE (.))
                0x0000000000000020                PROVIDE (__flash_exceptions_start, LOADADDR (.exceptions))

.text           0x0000000000000230     0xdec8
                [!provide]                        PROVIDE (stext, ABSOLUTE (.))
 *(.interp)
 *(.hash)
 *(.dynsym)
 *(.dynstr)
 *(.gnu.version)
 *(.gnu.version_d)
 *(.gnu.version_r)
 *(.rel.init)
 *(.rela.init)
 *(.rel.text .rel.text.* .rel.gnu.linkonce.t.*)
 *(.rela.text .rela.text.* .rela.gnu.linkonce.t.*)
 *(.rel.fini)
 *(.rela.fini)
 *(.rel.rodata .rel.rodata.* .rel.gnu.linkonce.r.*)
 *(.rela.rodata .rela.rodata.* .rela.gnu.linkonce.r.*)
 *(.rel.data .rel.data.* .rel.gnu.linkonce.d.*)
 *(.rela.data .rela.data.* .rela.gnu.linkonce.d.*)
 *(.rel.tdata .rel.tdata.* .rel.gnu.linkonce.td.*)
 *(.rela.tdata .rela.tdata.* .rela.gnu.linkonce.td.*)
 *(.rel.tbss .rel.tbss.* .rel.gnu.linkonce.tb.*)
 *(.rela.tbss .rela.tbss.* .rela.gnu.linkonce.tb.*)
 *(.rel.ctors)
 *(.rela.ctors)
 *(.rel.dtors)
 *(.rela.dtors)
 *(.rel.got)
 *(.rela.got)
 *(.rel.sdata .rel.sdata.* .rel.gnu.linkonce.s.*)
 *(.rela.sdata .rela.sdata.* .rela.gnu.linkonce.s.*)
 *(.rel.sbss .rel.sbss.* .rel.gnu.linkonce.sb.*)
 *(.rela.sbss .rela.sbss.* .rela.gnu.linkonce.sb.*)
 *(.rel.sdata2 .rel.sdata2.* .rel.gnu.linkonce.s2.*)
 *(.rela.sdata2 .rela.sdata2.* .rela.gnu.linkonce.s2.*)
 *(.rel.sbss2 .rel.sbss2.* .rel.gnu.linkonce.sb2.*)
 *(.rela.sbss2 .rela.sbss2.* .rela.gnu.linkonce.sb2.*)
 *(.rel.bss .rel.bss.* .rel.gnu.linkonce.b.*)
 *(.rela.bss .rela.bss.* .rela.gnu.linkonce.b.*)
 *(.rel.plt)
 *(.rela.plt)
 *(.rel.dyn)
 *(.init)
 *(.plt)
 *(.text .stub .text.* .gnu.linkonce.t.*)
 .text          0x0000000000000230       0x3c ../lab92_bsp//obj/HAL/src/crt0.o
                0x0000000000000230                _start
 .text          0x000000000000026c       0x1c obj/default/main.o
                0x000000000000026c                main
 .text          0x0000000000000288      0x1b4 obj/default/palette_test.o
                0x0000000000000288                paletteTest
 .text          0x000000000000043c      0x5a4 obj/default/text_mode_vga_color.o
                0x000000000000043c                textVGAColorClr
                0x000000000000048c                textVGADrawColorText
                0x000000000000059c                setColorPalette
                0x0000000000000774                textVGAColorScreenSaver
 .text          0x00000000000009e0      0x1b4 f:/quartus-lite-18.1.0.625-windows/nios2eds/bin/gnu/h-x86_64-mingw32/bin/../lib/gcc/nios2-elf/5.3.0/mno-hw-mul\libgcc.a(lib2-divmod.o)
                0x00000000000009e0                __divsi3
                0x0000000000000a64                __modsi3
                0x0000000000000ad8                __udivsi3
                0x0000000000000b3c                __umodsi3
 .text          0x0000000000000b94       0x28 f:/quartus-lite-18.1.0.625-windows/nios2eds/bin/gnu/h-x86_64-mingw32/bin/../lib/gcc/nios2-elf/5.3.0/mno-hw-mul\libgcc.a(lib2-mul.o)
                0x0000000000000b94                __mulsi3
 .text          0x0000000000000bbc        0x0 f:/quartus-lite-18.1.0.625-windows/nios2eds/bin/gnu/h-x86_64-mingw32/bin/../lib/gcc/nios2-elf/5.3.0/../../../../../H-x86_64-mingw32/nios2-elf/lib/mno-hw-mul\libc.a(lib_a-rand.o)
 .text.srand    0x0000000000000bbc       0x18 f:/quartus-lite-18.1.0.625-windows/nios2eds/bin/gnu/h-x86_64-mingw32/bin/../lib/gcc/nios2-elf/5.3.0/../../../../../H-x86_64-mingw32/nios2-elf/lib/mno-hw-mul\libc.a(lib_a-rand.o)
                0x0000000000000bbc                srand
 .text.rand     0x0000000000000bd4       0x64 f:/quartus-lite-18.1.0.625-windows/nios2eds/bin/gnu/h-x86_64-mingw32/bin/../lib/gcc/nios2-elf/5.3.0/../../../../../H-x86_64-mingw32/nios2-elf/lib/mno-hw-mul\libc.a(lib_a-rand.o)
                0x0000000000000bd4                rand
 .text          0x0000000000000c38        0x0 f:/quartus-lite-18.1.0.625-windows/nios2eds/bin/gnu/h-x86_64-mingw32/bin/../lib/gcc/nios2-elf/5.3.0/../../../../../H-x86_64-mingw32/nios2-elf/lib/mno-hw-mul\libc.a(lib_a-sprintf.o)
 .text._sprintf_r
                0x0000000000000c38       0x58 f:/quartus-lite-18.1.0.625-windows/nios2eds/bin/gnu/h-x86_64-mingw32/bin/../lib/gcc/nios2-elf/5.3.0/../../../../../H-x86_64-mingw32/nios2-elf/lib/mno-hw-mul\libc.a(lib_a-sprintf.o)
                0x0000000000000c38                _sprintf_r
 .text.sprintf  0x0000000000000c90       0x6c f:/quartus-lite-18.1.0.625-windows/nios2eds/bin/gnu/h-x86_64-mingw32/bin/../lib/gcc/nios2-elf/5.3.0/../../../../../H-x86_64-mingw32/nios2-elf/lib/mno-hw-mul\libc.a(lib_a-sprintf.o)
                0x0000000000000c90                sprintf
 .text          0x0000000000000cfc        0x0 f:/quartus-lite-18.1.0.625-windows/nios2eds/bin/gnu/h-x86_64-mingw32/bin/../lib/gcc/nios2-elf/5.3.0/../../../../../H-x86_64-mingw32/nios2-elf/lib/mno-hw-mul\libc.a(lib_a-strlen.o)
 .text.strlen   0x0000000000000cfc       0x98 f:/quartus-lite-18.1.0.625-windows/nios2eds/bin/gnu/h-x86_64-mingw32/bin/../lib/gcc/nios2-elf/5.3.0/../../../../../H-x86_64-mingw32/nios2-elf/lib/mno-hw-mul\libc.a(lib_a-strlen.o)
                0x0000000000000cfc                strlen
 .text          0x0000000000000d94        0x0 f:/quartus-lite-18.1.0.625-windows/nios2eds/bin/gnu/h-x86_64-mingw32/bin/../lib/gcc/nios2-elf/5.3.0/../../../../../H-x86_64-mingw32/nios2-elf/lib/mno-hw-mul\libc.a(lib_a-svfprintf.o)
 .text.___svfprintf_internal_r
                0x0000000000000d94     0x22bc f:/quartus-lite-18.1.0.625-windows/nios2eds/bin/gnu/h-x86_64-mingw32/bin/../lib/gcc/nios2-elf/5.3.0/../../../../../H-x86_64-mingw32/nios2-elf/lib/mno-hw-mul\libc.a(lib_a-svfprintf.o)
                0x0000000000000d94                ___svfprintf_internal_r
 .text          0x0000000000003050        0x0 f:/quartus-lite-18.1.0.625-windows/nios2eds/bin/gnu/h-x86_64-mingw32/bin/../lib/gcc/nios2-elf/5.3.0/../../../../../H-x86_64-mingw32/nios2-elf/lib/mno-hw-mul\libc.a(lib_a-dtoa.o)
 .text.quorem   0x0000000000003050      0x228 f:/quartus-lite-18.1.0.625-windows/nios2eds/bin/gnu/h-x86_64-mingw32/bin/../lib/gcc/nios2-elf/5.3.0/../../../../../H-x86_64-mingw32/nios2-elf/lib/mno-hw-mul\libc.a(lib_a-dtoa.o)
 .text._dtoa_r  0x0000000000003278     0x1688 f:/quartus-lite-18.1.0.625-windows/nios2eds/bin/gnu/h-x86_64-mingw32/bin/../lib/gcc/nios2-elf/5.3.0/../../../../../H-x86_64-mingw32/nios2-elf/lib/mno-hw-mul\libc.a(lib_a-dtoa.o)
                0x0000000000003278                _dtoa_r
 .text          0x0000000000004900        0x0 f:/quartus-lite-18.1.0.625-windows/nios2eds/bin/gnu/h-x86_64-mingw32/bin/../lib/gcc/nios2-elf/5.3.0/../../../../../H-x86_64-mingw32/nios2-elf/lib/mno-hw-mul\libc.a(lib_a-impure.o)
 .text          0x0000000000004900        0x0 f:/quartus-lite-18.1.0.625-windows/nios2eds/bin/gnu/h-x86_64-mingw32/bin/../lib/gcc/nios2-elf/5.3.0/../../../../../H-x86_64-mingw32/nios2-elf/lib/mno-hw-mul\libc.a(lib_a-locale.o)
 .text._setlocale_r
                0x0000000000004900       0x7c f:/quartus-lite-18.1.0.625-windows/nios2eds/bin/gnu/h-x86_64-mingw32/bin/../lib/gcc/nios2-elf/5.3.0/../../../../../H-x86_64-mingw32/nios2-elf/lib/mno-hw-mul\libc.a(lib_a-locale.o)
                0x0000000000004900                _setlocale_r
 .text.__locale_charset
                0x000000000000497c        0xc f:/quartus-lite-18.1.0.625-windows/nios2eds/bin/gnu/h-x86_64-mingw32/bin/../lib/gcc/nios2-elf/5.3.0/../../../../../H-x86_64-mingw32/nios2-elf/lib/mno-hw-mul\libc.a(lib_a-locale.o)
                0x000000000000497c                __locale_charset
 .text.__locale_mb_cur_max
                0x0000000000004988       0x10 f:/quartus-lite-18.1.0.625-windows/nios2eds/bin/gnu/h-x86_64-mingw32/bin/../lib/gcc/nios2-elf/5.3.0/../../../../../H-x86_64-mingw32/nios2-elf/lib/mno-hw-mul\libc.a(lib_a-locale.o)
                0x0000000000004988                __locale_mb_cur_max
 .text.__locale_msgcharset
                0x0000000000004998        0xc f:/quartus-lite-18.1.0.625-windows/nios2eds/bin/gnu/h-x86_64-mingw32/bin/../lib/gcc/nios2-elf/5.3.0/../../../../../H-x86_64-mingw32/nios2-elf/lib/mno-hw-mul\libc.a(lib_a-locale.o)
                0x0000000000004998                __locale_msgcharset
 .text.__locale_cjk_lang
                0x00000000000049a4        0x8 f:/quartus-lite-18.1.0.625-windows/nios2eds/bin/gnu/h-x86_64-mingw32/bin/../lib/gcc/nios2-elf/5.3.0/../../../../../H-x86_64-mingw32/nios2-elf/lib/mno-hw-mul\libc.a(lib_a-locale.o)
                0x00000000000049a4                __locale_cjk_lang
 .text._localeconv_r
                0x00000000000049ac        0xc f:/quartus-lite-18.1.0.625-windows/nios2eds/bin/gnu/h-x86_64-mingw32/bin/../lib/gcc/nios2-elf/5.3.0/../../../../../H-x86_64-mingw32/nios2-elf/lib/mno-hw-mul\libc.a(lib_a-locale.o)
                0x00000000000049ac                _localeconv_r
 .text.setlocale
                0x00000000000049b8       0x18 f:/quartus-lite-18.1.0.625-windows/nios2eds/bin/gnu/h-x86_64-mingw32/bin/../lib/gcc/nios2-elf/5.3.0/../../../../../H-x86_64-mingw32/nios2-elf/lib/mno-hw-mul\libc.a(lib_a-locale.o)
                0x00000000000049b8                setlocale
 .text.localeconv
                0x00000000000049d0        0xc f:/quartus-lite-18.1.0.625-windows/nios2eds/bin/gnu/h-x86_64-mingw32/bin/../lib/gcc/nios2-elf/5.3.0/../../../../../H-x86_64-mingw32/nios2-elf/lib/mno-hw-mul\libc.a(lib_a-locale.o)
                0x00000000000049d0                localeconv
 .text          0x00000000000049dc        0x0 f:/quartus-lite-18.1.0.625-windows/nios2eds/bin/gnu/h-x86_64-mingw32/bin/../lib/gcc/nios2-elf/5.3.0/../../../../../H-x86_64-mingw32/nios2-elf/lib/mno-hw-mul\libc.a(lib_a-mallocr.o)
 .text._malloc_r
                0x00000000000049dc      0x80c f:/quartus-lite-18.1.0.625-windows/nios2eds/bin/gnu/h-x86_64-mingw32/bin/../lib/gcc/nios2-elf/5.3.0/../../../../../H-x86_64-mingw32/nios2-elf/lib/mno-hw-mul\libc.a(lib_a-mallocr.o)
                0x00000000000049dc                _malloc_r
 .text          0x00000000000051e8        0x0 f:/quartus-lite-18.1.0.625-windows/nios2eds/bin/gnu/h-x86_64-mingw32/bin/../lib/gcc/nios2-elf/5.3.0/../../../../../H-x86_64-mingw32/nios2-elf/lib/mno-hw-mul\libc.a(lib_a-memchr.o)
 .text.memchr   0x00000000000051e8       0xe4 f:/quartus-lite-18.1.0.625-windows/nios2eds/bin/gnu/h-x86_64-mingw32/bin/../lib/gcc/nios2-elf/5.3.0/../../../../../H-x86_64-mingw32/nios2-elf/lib/mno-hw-mul\libc.a(lib_a-memchr.o)
                0x00000000000051e8                memchr
 .text          0x00000000000052cc        0x0 f:/quartus-lite-18.1.0.625-windows/nios2eds/bin/gnu/h-x86_64-mingw32/bin/../lib/gcc/nios2-elf/5.3.0/../../../../../H-x86_64-mingw32/nios2-elf/lib/mno-hw-mul\libc.a(lib_a-memcpy.o)
 .text.memcpy   0x00000000000052cc      0x148 f:/quartus-lite-18.1.0.625-windows/nios2eds/bin/gnu/h-x86_64-mingw32/bin/../lib/gcc/nios2-elf/5.3.0/../../../../../H-x86_64-mingw32/nios2-elf/lib/mno-hw-mul\libc.a(lib_a-memcpy.o)
                0x00000000000052cc                memcpy
 .text          0x0000000000005414        0x0 f:/quartus-lite-18.1.0.625-windows/nios2eds/bin/gnu/h-x86_64-mingw32/bin/../lib/gcc/nios2-elf/5.3.0/../../../../../H-x86_64-mingw32/nios2-elf/lib/mno-hw-mul\libc.a(lib_a-mprec.o)
 .text._Balloc  0x0000000000005414       0xa8 f:/quartus-lite-18.1.0.625-windows/nios2eds/bin/gnu/h-x86_64-mingw32/bin/../lib/gcc/nios2-elf/5.3.0/../../../../../H-x86_64-mingw32/nios2-elf/lib/mno-hw-mul\libc.a(lib_a-mprec.o)
                0x0000000000005414                _Balloc
 .text._Bfree   0x00000000000054bc       0x28 f:/quartus-lite-18.1.0.625-windows/nios2eds/bin/gnu/h-x86_64-mingw32/bin/../lib/gcc/nios2-elf/5.3.0/../../../../../H-x86_64-mingw32/nios2-elf/lib/mno-hw-mul\libc.a(lib_a-mprec.o)
                0x00000000000054bc                _Bfree
 .text.__multadd
                0x00000000000054e4      0x148 f:/quartus-lite-18.1.0.625-windows/nios2eds/bin/gnu/h-x86_64-mingw32/bin/../lib/gcc/nios2-elf/5.3.0/../../../../../H-x86_64-mingw32/nios2-elf/lib/mno-hw-mul\libc.a(lib_a-mprec.o)
                0x00000000000054e4                __multadd
 .text.__s2b    0x000000000000562c      0x104 f:/quartus-lite-18.1.0.625-windows/nios2eds/bin/gnu/h-x86_64-mingw32/bin/../lib/gcc/nios2-elf/5.3.0/../../../../../H-x86_64-mingw32/nios2-elf/lib/mno-hw-mul\libc.a(lib_a-mprec.o)
                0x000000000000562c                __s2b
 .text.__hi0bits
                0x0000000000005730       0x68 f:/quartus-lite-18.1.0.625-windows/nios2eds/bin/gnu/h-x86_64-mingw32/bin/../lib/gcc/nios2-elf/5.3.0/../../../../../H-x86_64-mingw32/nios2-elf/lib/mno-hw-mul\libc.a(lib_a-mprec.o)
                0x0000000000005730                __hi0bits
 .text.__lo0bits
                0x0000000000005798       0xb0 f:/quartus-lite-18.1.0.625-windows/nios2eds/bin/gnu/h-x86_64-mingw32/bin/../lib/gcc/nios2-elf/5.3.0/../../../../../H-x86_64-mingw32/nios2-elf/lib/mno-hw-mul\libc.a(lib_a-mprec.o)
                0x0000000000005798                __lo0bits
 .text.__i2b    0x0000000000005848       0x3c f:/quartus-lite-18.1.0.625-windows/nios2eds/bin/gnu/h-x86_64-mingw32/bin/../lib/gcc/nios2-elf/5.3.0/../../../../../H-x86_64-mingw32/nios2-elf/lib/mno-hw-mul\libc.a(lib_a-mprec.o)
                0x0000000000005848                __i2b
 .text.__multiply
                0x0000000000005884      0x28c f:/quartus-lite-18.1.0.625-windows/nios2eds/bin/gnu/h-x86_64-mingw32/bin/../lib/gcc/nios2-elf/5.3.0/../../../../../H-x86_64-mingw32/nios2-elf/lib/mno-hw-mul\libc.a(lib_a-mprec.o)
                0x0000000000005884                __multiply
 .text.__pow5mult
                0x0000000000005b10      0x140 f:/quartus-lite-18.1.0.625-windows/nios2eds/bin/gnu/h-x86_64-mingw32/bin/../lib/gcc/nios2-elf/5.3.0/../../../../../H-x86_64-mingw32/nios2-elf/lib/mno-hw-mul\libc.a(lib_a-mprec.o)
                0x0000000000005b10                __pow5mult
 .text.__lshift
                0x0000000000005c50      0x148 f:/quartus-lite-18.1.0.625-windows/nios2eds/bin/gnu/h-x86_64-mingw32/bin/../lib/gcc/nios2-elf/5.3.0/../../../../../H-x86_64-mingw32/nios2-elf/lib/mno-hw-mul\libc.a(lib_a-mprec.o)
                0x0000000000005c50                __lshift
 .text.__mcmp   0x0000000000005d98       0x60 f:/quartus-lite-18.1.0.625-windows/nios2eds/bin/gnu/h-x86_64-mingw32/bin/../lib/gcc/nios2-elf/5.3.0/../../../../../H-x86_64-mingw32/nios2-elf/lib/mno-hw-mul\libc.a(lib_a-mprec.o)
                0x0000000000005d98                __mcmp
 .text.__mdiff  0x0000000000005df8      0x1fc f:/quartus-lite-18.1.0.625-windows/nios2eds/bin/gnu/h-x86_64-mingw32/bin/../lib/gcc/nios2-elf/5.3.0/../../../../../H-x86_64-mingw32/nios2-elf/lib/mno-hw-mul\libc.a(lib_a-mprec.o)
                0x0000000000005df8                __mdiff
 .text.__ulp    0x0000000000005ff4       0x64 f:/quartus-lite-18.1.0.625-windows/nios2eds/bin/gnu/h-x86_64-mingw32/bin/../lib/gcc/nios2-elf/5.3.0/../../../../../H-x86_64-mingw32/nios2-elf/lib/mno-hw-mul\libc.a(lib_a-mprec.o)
                0x0000000000005ff4                __ulp
 .text.__b2d    0x0000000000006058      0x10c f:/quartus-lite-18.1.0.625-windows/nios2eds/bin/gnu/h-x86_64-mingw32/bin/../lib/gcc/nios2-elf/5.3.0/../../../../../H-x86_64-mingw32/nios2-elf/lib/mno-hw-mul\libc.a(lib_a-mprec.o)
                0x0000000000006058                __b2d
 .text.__d2b    0x0000000000006164      0x14c f:/quartus-lite-18.1.0.625-windows/nios2eds/bin/gnu/h-x86_64-mingw32/bin/../lib/gcc/nios2-elf/5.3.0/../../../../../H-x86_64-mingw32/nios2-elf/lib/mno-hw-mul\libc.a(lib_a-mprec.o)
                0x0000000000006164                __d2b
 .text.__ratio  0x00000000000062b0       0xa4 f:/quartus-lite-18.1.0.625-windows/nios2eds/bin/gnu/h-x86_64-mingw32/bin/../lib/gcc/nios2-elf/5.3.0/../../../../../H-x86_64-mingw32/nios2-elf/lib/mno-hw-mul\libc.a(lib_a-mprec.o)
                0x00000000000062b0                __ratio
 .text._mprec_log10
                0x0000000000006354       0x74 f:/quartus-lite-18.1.0.625-windows/nios2eds/bin/gnu/h-x86_64-mingw32/bin/../lib/gcc/nios2-elf/5.3.0/../../../../../H-x86_64-mingw32/nios2-elf/lib/mno-hw-mul\libc.a(lib_a-mprec.o)
                0x0000000000006354                _mprec_log10
 .text.__copybits
                0x00000000000063c8       0x78 f:/quartus-lite-18.1.0.625-windows/nios2eds/bin/gnu/h-x86_64-mingw32/bin/../lib/gcc/nios2-elf/5.3.0/../../../../../H-x86_64-mingw32/nios2-elf/lib/mno-hw-mul\libc.a(lib_a-mprec.o)
                0x00000000000063c8                __copybits
 .text.__any_on
                0x0000000000006440       0x8c f:/quartus-lite-18.1.0.625-windows/nios2eds/bin/gnu/h-x86_64-mingw32/bin/../lib/gcc/nios2-elf/5.3.0/../../../../../H-x86_64-mingw32/nios2-elf/lib/mno-hw-mul\libc.a(lib_a-mprec.o)
                0x0000000000006440                __any_on
 .text          0x00000000000064cc        0x0 f:/quartus-lite-18.1.0.625-windows/nios2eds/bin/gnu/h-x86_64-mingw32/bin/../lib/gcc/nios2-elf/5.3.0/../../../../../H-x86_64-mingw32/nios2-elf/lib/mno-hw-mul\libc.a(lib_a-s_fpclassify.o)
 .text.__fpclassifyd
                0x00000000000064cc       0x74 f:/quartus-lite-18.1.0.625-windows/nios2eds/bin/gnu/h-x86_64-mingw32/bin/../lib/gcc/nios2-elf/5.3.0/../../../../../H-x86_64-mingw32/nios2-elf/lib/mno-hw-mul\libc.a(lib_a-s_fpclassify.o)
                0x00000000000064cc                __fpclassifyd
 .text          0x0000000000006540        0x0 f:/quartus-lite-18.1.0.625-windows/nios2eds/bin/gnu/h-x86_64-mingw32/bin/../lib/gcc/nios2-elf/5.3.0/../../../../../H-x86_64-mingw32/nios2-elf/lib/mno-hw-mul\libc.a(lib_a-sbrkr.o)
 .text._sbrk_r  0x0000000000006540       0x54 f:/quartus-lite-18.1.0.625-windows/nios2eds/bin/gnu/h-x86_64-mingw32/bin/../lib/gcc/nios2-elf/5.3.0/../../../../../H-x86_64-mingw32/nios2-elf/lib/mno-hw-mul\libc.a(lib_a-sbrkr.o)
                0x0000000000006540                _sbrk_r
 .text          0x0000000000006594        0x0 f:/quartus-lite-18.1.0.625-windows/nios2eds/bin/gnu/h-x86_64-mingw32/bin/../lib/gcc/nios2-elf/5.3.0/../../../../../H-x86_64-mingw32/nios2-elf/lib/mno-hw-mul\libc.a(lib_a-strcmp.o)
 .text.strcmp   0x0000000000006594       0xdc f:/quartus-lite-18.1.0.625-windows/nios2eds/bin/gnu/h-x86_64-mingw32/bin/../lib/gcc/nios2-elf/5.3.0/../../../../../H-x86_64-mingw32/nios2-elf/lib/mno-hw-mul\libc.a(lib_a-strcmp.o)
                0x0000000000006594                strcmp
 .text          0x0000000000006670        0x0 f:/quartus-lite-18.1.0.625-windows/nios2eds/bin/gnu/h-x86_64-mingw32/bin/../lib/gcc/nios2-elf/5.3.0/../../../../../H-x86_64-mingw32/nios2-elf/lib/mno-hw-mul\libc.a(lib_a-svfiprintf.o)
 .text.__ssprint_r
                0x0000000000006670      0x1d0 f:/quartus-lite-18.1.0.625-windows/nios2eds/bin/gnu/h-x86_64-mingw32/bin/../lib/gcc/nios2-elf/5.3.0/../../../../../H-x86_64-mingw32/nios2-elf/lib/mno-hw-mul\libc.a(lib_a-svfiprintf.o)
                0x0000000000006670                __ssprint_r
 .text.___svfiprintf_internal_r
                0x0000000000006840     0x13a0 f:/quartus-lite-18.1.0.625-windows/nios2eds/bin/gnu/h-x86_64-mingw32/bin/../lib/gcc/nios2-elf/5.3.0/../../../../../H-x86_64-mingw32/nios2-elf/lib/mno-hw-mul\libc.a(lib_a-svfiprintf.o)
                0x0000000000006840                ___svfiprintf_internal_r
 .text          0x0000000000007be0        0x0 f:/quartus-lite-18.1.0.625-windows/nios2eds/bin/gnu/h-x86_64-mingw32/bin/../lib/gcc/nios2-elf/5.3.0/../../../../../H-x86_64-mingw32/nios2-elf/lib/mno-hw-mul\libc.a(lib_a-callocr.o)
 .text._calloc_r
                0x0000000000007be0       0xdc f:/quartus-lite-18.1.0.625-windows/nios2eds/bin/gnu/h-x86_64-mingw32/bin/../lib/gcc/nios2-elf/5.3.0/../../../../../H-x86_64-mingw32/nios2-elf/lib/mno-hw-mul\libc.a(lib_a-callocr.o)
                0x0000000000007be0                _calloc_r
 .text          0x0000000000007cbc        0x0 f:/quartus-lite-18.1.0.625-windows/nios2eds/bin/gnu/h-x86_64-mingw32/bin/../lib/gcc/nios2-elf/5.3.0/../../../../../H-x86_64-mingw32/nios2-elf/lib/mno-hw-mul\libc.a(lib_a-freer.o)
 .text._malloc_trim_r
                0x0000000000007cbc      0x124 f:/quartus-lite-18.1.0.625-windows/nios2eds/bin/gnu/h-x86_64-mingw32/bin/../lib/gcc/nios2-elf/5.3.0/../../../../../H-x86_64-mingw32/nios2-elf/lib/mno-hw-mul\libc.a(lib_a-freer.o)
                0x0000000000007cbc                _malloc_trim_r
 .text._free_r  0x0000000000007de0      0x310 f:/quartus-lite-18.1.0.625-windows/nios2eds/bin/gnu/h-x86_64-mingw32/bin/../lib/gcc/nios2-elf/5.3.0/../../../../../H-x86_64-mingw32/nios2-elf/lib/mno-hw-mul\libc.a(lib_a-freer.o)
                0x0000000000007de0                _free_r
 .text          0x00000000000080f0        0x0 f:/quartus-lite-18.1.0.625-windows/nios2eds/bin/gnu/h-x86_64-mingw32/bin/../lib/gcc/nios2-elf/5.3.0/../../../../../H-x86_64-mingw32/nios2-elf/lib/mno-hw-mul\libc.a(lib_a-int_errno.o)
 .text          0x00000000000080f0        0x0 f:/quartus-lite-18.1.0.625-windows/nios2eds/bin/gnu/h-x86_64-mingw32/bin/../lib/gcc/nios2-elf/5.3.0/../../../../../H-x86_64-mingw32/nios2-elf/lib/mno-hw-mul\libc.a(lib_a-memmove.o)
 .text.memmove  0x00000000000080f0      0x15c f:/quartus-lite-18.1.0.625-windows/nios2eds/bin/gnu/h-x86_64-mingw32/bin/../lib/gcc/nios2-elf/5.3.0/../../../../../H-x86_64-mingw32/nios2-elf/lib/mno-hw-mul\libc.a(lib_a-memmove.o)
                0x00000000000080f0                memmove
 .text          0x000000000000824c        0x0 f:/quartus-lite-18.1.0.625-windows/nios2eds/bin/gnu/h-x86_64-mingw32/bin/../lib/gcc/nios2-elf/5.3.0/../../../../../H-x86_64-mingw32/nios2-elf/lib/mno-hw-mul\libc.a(lib_a-memset.o)
 .text.memset   0x000000000000824c      0x128 f:/quartus-lite-18.1.0.625-windows/nios2eds/bin/gnu/h-x86_64-mingw32/bin/../lib/gcc/nios2-elf/5.3.0/../../../../../H-x86_64-mingw32/nios2-elf/lib/mno-hw-mul\libc.a(lib_a-memset.o)
                0x000000000000824c                memset
 .text          0x0000000000008374        0x0 f:/quartus-lite-18.1.0.625-windows/nios2eds/bin/gnu/h-x86_64-mingw32/bin/../lib/gcc/nios2-elf/5.3.0/../../../../../H-x86_64-mingw32/nios2-elf/lib/mno-hw-mul\libc.a(lib_a-reallocr.o)
 .text._realloc_r
                0x0000000000008374      0x564 f:/quartus-lite-18.1.0.625-windows/nios2eds/bin/gnu/h-x86_64-mingw32/bin/../lib/gcc/nios2-elf/5.3.0/../../../../../H-x86_64-mingw32/nios2-elf/lib/mno-hw-mul\libc.a(lib_a-reallocr.o)
                0x0000000000008374                _realloc_r
 .text          0x00000000000088d8      0x10c f:/quartus-lite-18.1.0.625-windows/nios2eds/bin/gnu/h-x86_64-mingw32/bin/../lib/gcc/nios2-elf/5.3.0/mno-hw-mul\libgcc.a(_muldi3.o)
                0x00000000000088d8                __muldi3
 .text          0x00000000000089e4      0x5fc f:/quartus-lite-18.1.0.625-windows/nios2eds/bin/gnu/h-x86_64-mingw32/bin/../lib/gcc/nios2-elf/5.3.0/mno-hw-mul\libgcc.a(_udivdi3.o)
                0x00000000000089e4                __udivdi3
 .text          0x0000000000008fe0      0x5c4 f:/quartus-lite-18.1.0.625-windows/nios2eds/bin/gnu/h-x86_64-mingw32/bin/../lib/gcc/nios2-elf/5.3.0/mno-hw-mul\libgcc.a(_umoddi3.o)
                0x0000000000008fe0                __umoddi3
 .text          0x00000000000095a4      0x8ac f:/quartus-lite-18.1.0.625-windows/nios2eds/bin/gnu/h-x86_64-mingw32/bin/../lib/gcc/nios2-elf/5.3.0/mno-hw-mul\libgcc.a(adddf3.o)
                0x00000000000095a4                __adddf3
 .text          0x0000000000009e50      0x9d0 f:/quartus-lite-18.1.0.625-windows/nios2eds/bin/gnu/h-x86_64-mingw32/bin/../lib/gcc/nios2-elf/5.3.0/mno-hw-mul\libgcc.a(divdf3.o)
                0x0000000000009e50                __divdf3
 .text          0x000000000000a820       0x88 f:/quartus-lite-18.1.0.625-windows/nios2eds/bin/gnu/h-x86_64-mingw32/bin/../lib/gcc/nios2-elf/5.3.0/mno-hw-mul\libgcc.a(eqdf2.o)
                0x000000000000a820                __nedf2
                0x000000000000a820                __eqdf2
 .text          0x000000000000a8a8       0xdc f:/quartus-lite-18.1.0.625-windows/nios2eds/bin/gnu/h-x86_64-mingw32/bin/../lib/gcc/nios2-elf/5.3.0/mno-hw-mul\libgcc.a(gedf2.o)
                0x000000000000a8a8                __gedf2
                0x000000000000a8a8                __gtdf2
 .text          0x000000000000a984       0xf4 f:/quartus-lite-18.1.0.625-windows/nios2eds/bin/gnu/h-x86_64-mingw32/bin/../lib/gcc/nios2-elf/5.3.0/mno-hw-mul\libgcc.a(ledf2.o)
                0x000000000000a984                __ledf2
                0x000000000000a984                __ltdf2
 .text          0x000000000000aa78      0x86c f:/quartus-lite-18.1.0.625-windows/nios2eds/bin/gnu/h-x86_64-mingw32/bin/../lib/gcc/nios2-elf/5.3.0/mno-hw-mul\libgcc.a(muldf3.o)
                0x000000000000aa78                __muldf3
 .text          0x000000000000b2e4      0x8fc f:/quartus-lite-18.1.0.625-windows/nios2eds/bin/gnu/h-x86_64-mingw32/bin/../lib/gcc/nios2-elf/5.3.0/mno-hw-mul\libgcc.a(subdf3.o)
                0x000000000000b2e4                __subdf3
 .text          0x000000000000bbe0       0x80 f:/quartus-lite-18.1.0.625-windows/nios2eds/bin/gnu/h-x86_64-mingw32/bin/../lib/gcc/nios2-elf/5.3.0/mno-hw-mul\libgcc.a(fixdfsi.o)
                0x000000000000bbe0                __fixdfsi
 .text          0x000000000000bc60       0xdc f:/quartus-lite-18.1.0.625-windows/nios2eds/bin/gnu/h-x86_64-mingw32/bin/../lib/gcc/nios2-elf/5.3.0/mno-hw-mul\libgcc.a(floatsidf.o)
                0x000000000000bc60                __floatsidf
 .text          0x000000000000bd3c       0xa8 f:/quartus-lite-18.1.0.625-windows/nios2eds/bin/gnu/h-x86_64-mingw32/bin/../lib/gcc/nios2-elf/5.3.0/mno-hw-mul\libgcc.a(floatunsidf.o)
                0x000000000000bd3c                __floatunsidf
 .text          0x000000000000bde4        0x0 f:/quartus-lite-18.1.0.625-windows/nios2eds/bin/gnu/h-x86_64-mingw32/bin/../lib/gcc/nios2-elf/5.3.0/mno-hw-mul\libgcc.a(_clz.o)
 .text          0x000000000000bde4       0x64 f:/quartus-lite-18.1.0.625-windows/nios2eds/bin/gnu/h-x86_64-mingw32/bin/../lib/gcc/nios2-elf/5.3.0/mno-hw-mul\libgcc.a(_clzsi2.o)
                0x000000000000bde4                __clzsi2
 .text          0x000000000000be48       0xec ../lab92_bsp/\libhal_bsp.a(alt_load.o)
                0x000000000000beb0                alt_load
 .text          0x000000000000bf34       0x7c ../lab92_bsp/\libhal_bsp.a(alt_main.o)
                0x000000000000bf34                alt_main
 .text          0x000000000000bfb0       0x48 ../lab92_bsp/\libhal_bsp.a(alt_malloc_lock.o)
                0x000000000000bfb0                __malloc_lock
                0x000000000000bfd4                __malloc_unlock
 .text          0x000000000000bff8       0xb0 ../lab92_bsp/\libhal_bsp.a(alt_sbrk.o)
                0x000000000000bff8                sbrk
 .text          0x000000000000c0a8       0x30 ../lab92_bsp/\libhal_bsp.a(alt_usleep.o)
                0x000000000000c0a8                usleep
 .text          0x000000000000c0d8       0xb8 ../lab92_bsp/\libhal_bsp.a(alt_sys_init.o)
                0x000000000000c10c                alt_irq_init
                0x000000000000c144                alt_sys_init
 .text          0x000000000000c190      0x164 ../lab92_bsp/\libhal_bsp.a(altera_avalon_jtag_uart_fd.o)
                0x000000000000c190                altera_avalon_jtag_uart_read_fd
                0x000000000000c1f0                altera_avalon_jtag_uart_write_fd
                0x000000000000c250                altera_avalon_jtag_uart_close_fd
                0x000000000000c2a0                altera_avalon_jtag_uart_ioctl_fd
 .text          0x000000000000c2f4      0x3d4 ../lab92_bsp/\libhal_bsp.a(altera_avalon_jtag_uart_init.o)
                0x000000000000c2f4                altera_avalon_jtag_uart_init
                0x000000000000c660                altera_avalon_jtag_uart_close
 .text          0x000000000000c6c8       0xf0 ../lab92_bsp/\libhal_bsp.a(altera_avalon_jtag_uart_ioctl.o)
                0x000000000000c6c8                altera_avalon_jtag_uart_ioctl
 .text          0x000000000000c7b8      0x21c ../lab92_bsp/\libhal_bsp.a(altera_avalon_jtag_uart_read.o)
                0x000000000000c7b8                altera_avalon_jtag_uart_read
 .text          0x000000000000c9d4      0x224 ../lab92_bsp/\libhal_bsp.a(altera_avalon_jtag_uart_write.o)
                0x000000000000c9d4                altera_avalon_jtag_uart_write
 .text          0x000000000000cbf8      0x12c ../lab92_bsp/\libhal_bsp.a(alt_alarm_start.o)
                0x000000000000cbf8                alt_alarm_start
 .text          0x000000000000cd24      0x158 ../lab92_bsp/\libhal_bsp.a(alt_busy_sleep.o)
                0x000000000000cd24                alt_busy_sleep
 .text          0x000000000000ce7c      0x114 ../lab92_bsp/\libhal_bsp.a(alt_close.o)
                0x000000000000ceb8                close
 .text          0x000000000000cf90       0x20 ../lab92_bsp/\libhal_bsp.a(alt_dcache_flush_all.o)
                0x000000000000cf90                alt_dcache_flush_all
 .text          0x000000000000cfb0       0x2c ../lab92_bsp/\libhal_bsp.a(alt_dev.o)
 .text          0x000000000000cfdc       0xe0 ../lab92_bsp/\libhal_bsp.a(alt_dev_llist_insert.o)
                0x000000000000d018                alt_dev_llist_insert
 .text          0x000000000000d0bc       0x60 ../lab92_bsp/\libhal_bsp.a(alt_do_ctors.o)
                0x000000000000d0bc                _do_ctors
 .text          0x000000000000d11c       0x60 ../lab92_bsp/\libhal_bsp.a(alt_do_dtors.o)
                0x000000000000d11c                _do_dtors
 .text          0x000000000000d17c        0x0 ../lab92_bsp/\libhal_bsp.a(alt_errno.o)
 .text          0x000000000000d17c       0x20 ../lab92_bsp/\libhal_bsp.a(alt_icache_flush_all.o)
                0x000000000000d17c                alt_icache_flush_all
 .text          0x000000000000d19c      0x1b0 ../lab92_bsp/\libhal_bsp.a(alt_iic.o)
                0x000000000000d19c                alt_ic_isr_register
                0x000000000000d1ec                alt_ic_irq_enable
                0x000000000000d274                alt_ic_irq_disable
                0x000000000000d300                alt_ic_irq_enabled
 .text          0x000000000000d34c       0xf0 ../lab92_bsp/\libhal_bsp.a(alt_iic_isr_register.o)
                0x000000000000d34c                alt_iic_isr_register
 .text          0x000000000000d43c      0x160 ../lab92_bsp/\libhal_bsp.a(alt_io_redirect.o)
                0x000000000000d520                alt_io_redirect
 .text          0x000000000000d59c        0x0 ../lab92_bsp/\libhal_bsp.a(alt_irq_entry.o)
 .text          0x000000000000d59c        0x0 ../lab92_bsp/\libhal_bsp.a(alt_irq_handler.o)
 .text          0x000000000000d59c        0x0 ../lab92_bsp/\libhal_bsp.a(alt_irq_vars.o)
 .text          0x000000000000d59c      0x284 ../lab92_bsp/\libhal_bsp.a(alt_open.o)
                0x000000000000d6c4                open
 .text          0x000000000000d820       0x84 ../lab92_bsp/\libhal_bsp.a(alt_release_fd.o)
                0x000000000000d820                alt_release_fd
 .text          0x000000000000d8a4      0x1a4 ../lab92_bsp/\libhal_bsp.a(alt_tick.o)
                0x000000000000d8a4                alt_alarm_stop
                0x000000000000d940                alt_tick
 .text          0x000000000000da48       0x24 ../lab92_bsp/\libhal_bsp.a(altera_nios2_gen2_irq.o)
                0x000000000000da48                altera_nios2_gen2_irq_init
 .text          0x000000000000da6c        0x0 ../lab92_bsp/\libhal_bsp.a(alt_exception_entry.o)
 .text          0x000000000000da6c       0x90 ../lab92_bsp/\libhal_bsp.a(alt_find_dev.o)
                0x000000000000da6c                alt_find_dev
 .text          0x000000000000dafc      0x108 ../lab92_bsp/\libhal_bsp.a(alt_find_file.o)
                0x000000000000dafc                alt_find_file
 .text          0x000000000000dc04       0xc4 ../lab92_bsp/\libhal_bsp.a(alt_get_fd.o)
                0x000000000000dc04                alt_get_fd
 .text          0x000000000000dcc8       0x9c ../lab92_bsp/\libhal_bsp.a(alt_instruction_exception_entry.o)
                0x000000000000dcc8                alt_exception_cause_generated_bad_addr
 .text          0x000000000000dd64        0x0 f:/quartus-lite-18.1.0.625-windows/nios2eds/bin/gnu/h-x86_64-mingw32/bin/../lib/gcc/nios2-elf/5.3.0/../../../../../H-x86_64-mingw32/nios2-elf/lib/mno-hw-mul\libc.a(lib_a-atexit.o)
 .text.atexit   0x000000000000dd64       0x14 f:/quartus-lite-18.1.0.625-windows/nios2eds/bin/gnu/h-x86_64-mingw32/bin/../lib/gcc/nios2-elf/5.3.0/../../../../../H-x86_64-mingw32/nios2-elf/lib/mno-hw-mul\libc.a(lib_a-atexit.o)
                0x000000000000dd64                atexit
 .text          0x000000000000dd78        0x0 f:/quartus-lite-18.1.0.625-windows/nios2eds/bin/gnu/h-x86_64-mingw32/bin/../lib/gcc/nios2-elf/5.3.0/../../../../../H-x86_64-mingw32/nios2-elf/lib/mno-hw-mul\libc.a(lib_a-exit.o)
 .text.exit     0x000000000000dd78       0x38 f:/quartus-lite-18.1.0.625-windows/nios2eds/bin/gnu/h-x86_64-mingw32/bin/../lib/gcc/nios2-elf/5.3.0/../../../../../H-x86_64-mingw32/nios2-elf/lib/mno-hw-mul\libc.a(lib_a-exit.o)
                0x000000000000dd78                exit
 .text          0x000000000000ddb0        0x0 f:/quartus-lite-18.1.0.625-windows/nios2eds/bin/gnu/h-x86_64-mingw32/bin/../lib/gcc/nios2-elf/5.3.0/../../../../../H-x86_64-mingw32/nios2-elf/lib/mno-hw-mul\libc.a(lib_a-memcmp.o)
 .text.memcmp   0x000000000000ddb0       0x7c f:/quartus-lite-18.1.0.625-windows/nios2eds/bin/gnu/h-x86_64-mingw32/bin/../lib/gcc/nios2-elf/5.3.0/../../../../../H-x86_64-mingw32/nios2-elf/lib/mno-hw-mul\libc.a(lib_a-memcmp.o)
                0x000000000000ddb0                memcmp
 .text          0x000000000000de2c        0x0 f:/quartus-lite-18.1.0.625-windows/nios2eds/bin/gnu/h-x86_64-mingw32/bin/../lib/gcc/nios2-elf/5.3.0/../../../../../H-x86_64-mingw32/nios2-elf/lib/mno-hw-mul\libc.a(lib_a-__atexit.o)
 .text.__register_exitproc
                0x000000000000de2c      0x118 f:/quartus-lite-18.1.0.625-windows/nios2eds/bin/gnu/h-x86_64-mingw32/bin/../lib/gcc/nios2-elf/5.3.0/../../../../../H-x86_64-mingw32/nios2-elf/lib/mno-hw-mul\libc.a(lib_a-__atexit.o)
                0x000000000000de2c                __register_exitproc
 .text          0x000000000000df44        0x0 f:/quartus-lite-18.1.0.625-windows/nios2eds/bin/gnu/h-x86_64-mingw32/bin/../lib/gcc/nios2-elf/5.3.0/../../../../../H-x86_64-mingw32/nios2-elf/lib/mno-hw-mul\libc.a(lib_a-__call_atexit.o)
 .text.__call_exitprocs
                0x000000000000df44      0x180 f:/quartus-lite-18.1.0.625-windows/nios2eds/bin/gnu/h-x86_64-mingw32/bin/../lib/gcc/nios2-elf/5.3.0/../../../../../H-x86_64-mingw32/nios2-elf/lib/mno-hw-mul\libc.a(lib_a-__call_atexit.o)
                0x000000000000df44                __call_exitprocs
 .text          0x000000000000e0c4       0x34 ../lab92_bsp/\libhal_bsp.a(alt_exit.o)
                0x000000000000e0c4                _exit
 *(.gnu.warning.*)
 *(.fini)
                [!provide]                        PROVIDE (__etext, ABSOLUTE (.))
                [!provide]                        PROVIDE (_etext, ABSOLUTE (.))
                [!provide]                        PROVIDE (etext, ABSOLUTE (.))
 *(.eh_frame_hdr)
                0x000000000000e0f8                . = ALIGN (0x4)
                [!provide]                        PROVIDE (__preinit_array_start, ABSOLUTE (.))
 *(.preinit_array)
                [!provide]                        PROVIDE (__preinit_array_end, ABSOLUTE (.))
                [!provide]                        PROVIDE (__init_array_start, ABSOLUTE (.))
 *(.init_array)
                [!provide]                        PROVIDE (__init_array_end, ABSOLUTE (.))
                [!provide]                        PROVIDE (__fini_array_start, ABSOLUTE (.))
 *(.fini_array)
                [!provide]                        PROVIDE (__fini_array_end, ABSOLUTE (.))
 *(.eh_frame)
 *(.gcc_except_table .gcc_except_table.*)
 *(.dynamic)
                0x000000000000e0f8                PROVIDE (__CTOR_LIST__, ABSOLUTE (.))
 *(.ctors)
 *(SORT(.ctors.*))
                0x000000000000e0f8                PROVIDE (__CTOR_END__, ABSOLUTE (.))
                0x000000000000e0f8                PROVIDE (__DTOR_LIST__, ABSOLUTE (.))
 *(.dtors)
 *(SORT(.dtors.*))
                0x000000000000e0f8                PROVIDE (__DTOR_END__, ABSOLUTE (.))
 *(.jcr)
                0x000000000000e0f8                . = ALIGN (0x4)

.rodata         0x000000000000e0f8      0x350
                0x000000000000e0f8                PROVIDE (__ram_rodata_start, ABSOLUTE (.))
                0x000000000000e0f8                . = ALIGN (0x4)
 *(.rodata .rodata.* .gnu.linkonce.r.*)
 .rodata        0x000000000000e0f8       0x2d obj/default/palette_test.o
 *fill*         0x000000000000e125        0x3 
 .rodata        0x000000000000e128       0x23 obj/default/text_mode_vga_color.o
 *fill*         0x000000000000e14b        0x1 
 .rodata.str1.4
                0x000000000000e14c       0x42 f:/quartus-lite-18.1.0.625-windows/nios2eds/bin/gnu/h-x86_64-mingw32/bin/../lib/gcc/nios2-elf/5.3.0/../../../../../H-x86_64-mingw32/nios2-elf/lib/mno-hw-mul\libc.a(lib_a-svfprintf.o)
 .rodata.zeroes.4389
                0x000000000000e18e       0x10 f:/quartus-lite-18.1.0.625-windows/nios2eds/bin/gnu/h-x86_64-mingw32/bin/../lib/gcc/nios2-elf/5.3.0/../../../../../H-x86_64-mingw32/nios2-elf/lib/mno-hw-mul\libc.a(lib_a-svfprintf.o)
 .rodata.blanks.4388
                0x000000000000e19e       0x10 f:/quartus-lite-18.1.0.625-windows/nios2eds/bin/gnu/h-x86_64-mingw32/bin/../lib/gcc/nios2-elf/5.3.0/../../../../../H-x86_64-mingw32/nios2-elf/lib/mno-hw-mul\libc.a(lib_a-svfprintf.o)
 *fill*         0x000000000000e1ae        0x2 
 .rodata.str1.4
                0x000000000000e1b0       0x10 f:/quartus-lite-18.1.0.625-windows/nios2eds/bin/gnu/h-x86_64-mingw32/bin/../lib/gcc/nios2-elf/5.3.0/../../../../../H-x86_64-mingw32/nios2-elf/lib/mno-hw-mul\libc.a(lib_a-dtoa.o)
                                         0x12 (size before relaxing)
 .rodata.str1.4
                0x000000000000e1c0        0x2 f:/quartus-lite-18.1.0.625-windows/nios2eds/bin/gnu/h-x86_64-mingw32/bin/../lib/gcc/nios2-elf/5.3.0/../../../../../H-x86_64-mingw32/nios2-elf/lib/mno-hw-mul\libc.a(lib_a-impure.o)
 *fill*         0x000000000000e1c2        0x2 
 .rodata.str1.4
                0x000000000000e1c4        0xc f:/quartus-lite-18.1.0.625-windows/nios2eds/bin/gnu/h-x86_64-mingw32/bin/../lib/gcc/nios2-elf/5.3.0/../../../../../H-x86_64-mingw32/nios2-elf/lib/mno-hw-mul\libc.a(lib_a-locale.o)
                                         0x12 (size before relaxing)
 .rodata.p05.2768
                0x000000000000e1d0        0xc f:/quartus-lite-18.1.0.625-windows/nios2eds/bin/gnu/h-x86_64-mingw32/bin/../lib/gcc/nios2-elf/5.3.0/../../../../../H-x86_64-mingw32/nios2-elf/lib/mno-hw-mul\libc.a(lib_a-mprec.o)
 .rodata.__mprec_tinytens
                0x000000000000e1dc       0x28 f:/quartus-lite-18.1.0.625-windows/nios2eds/bin/gnu/h-x86_64-mingw32/bin/../lib/gcc/nios2-elf/5.3.0/../../../../../H-x86_64-mingw32/nios2-elf/lib/mno-hw-mul\libc.a(lib_a-mprec.o)
                0x000000000000e1dc                __mprec_tinytens
 .rodata.__mprec_bigtens
                0x000000000000e204       0x28 f:/quartus-lite-18.1.0.625-windows/nios2eds/bin/gnu/h-x86_64-mingw32/bin/../lib/gcc/nios2-elf/5.3.0/../../../../../H-x86_64-mingw32/nios2-elf/lib/mno-hw-mul\libc.a(lib_a-mprec.o)
                0x000000000000e204                __mprec_bigtens
 .rodata.__mprec_tens
                0x000000000000e22c       0xc8 f:/quartus-lite-18.1.0.625-windows/nios2eds/bin/gnu/h-x86_64-mingw32/bin/../lib/gcc/nios2-elf/5.3.0/../../../../../H-x86_64-mingw32/nios2-elf/lib/mno-hw-mul\libc.a(lib_a-mprec.o)
                0x000000000000e22c                __mprec_tens
 .rodata.str1.4
                0x000000000000e2f4       0x2f f:/quartus-lite-18.1.0.625-windows/nios2eds/bin/gnu/h-x86_64-mingw32/bin/../lib/gcc/nios2-elf/5.3.0/../../../../../H-x86_64-mingw32/nios2-elf/lib/mno-hw-mul\libc.a(lib_a-svfiprintf.o)
 .rodata.zeroes.4333
                0x000000000000e2f4       0x10 f:/quartus-lite-18.1.0.625-windows/nios2eds/bin/gnu/h-x86_64-mingw32/bin/../lib/gcc/nios2-elf/5.3.0/../../../../../H-x86_64-mingw32/nios2-elf/lib/mno-hw-mul\libc.a(lib_a-svfiprintf.o)
 .rodata.blanks.4332
                0x000000000000e304       0x10 f:/quartus-lite-18.1.0.625-windows/nios2eds/bin/gnu/h-x86_64-mingw32/bin/../lib/gcc/nios2-elf/5.3.0/../../../../../H-x86_64-mingw32/nios2-elf/lib/mno-hw-mul\libc.a(lib_a-svfiprintf.o)
 .rodata        0x000000000000e314      0x100 f:/quartus-lite-18.1.0.625-windows/nios2eds/bin/gnu/h-x86_64-mingw32/bin/../lib/gcc/nios2-elf/5.3.0/mno-hw-mul\libgcc.a(_clz.o)
                0x000000000000e314                __clz_tab
 .rodata        0x000000000000e414       0x11 ../lab92_bsp/\libhal_bsp.a(alt_main.o)
 *fill*         0x000000000000e425        0x3 
 .rodata        0x000000000000e428       0x11 ../lab92_bsp/\libhal_bsp.a(alt_sys_init.o)
 *fill*         0x000000000000e439        0x3 
 .rodata        0x000000000000e43c        0xa ../lab92_bsp/\libhal_bsp.a(alt_dev.o)
 *(.rodata1)
                0x000000000000e448                . = ALIGN (0x4)
 *fill*         0x000000000000e446        0x2 
                0x000000000000e448                PROVIDE (__ram_rodata_end, ABSOLUTE (.))
                0x000000000000e0f8                PROVIDE (__flash_rodata_start, LOADADDR (.rodata))

.rwdata         0x000000000000e448     0x1f44 load address 0x000000000001038c
                0x000000000000e448                PROVIDE (__ram_rwdata_start, ABSOLUTE (.))
                0x000000000000e448                . = ALIGN (0x4)
 *(.got.plt)
 *(.got)
 *(.data1)
 *(.data .data.* .gnu.linkonce.d.*)
 .data          0x000000000000e448        0x0 ../lab92_bsp//obj/HAL/src/crt0.o
 .data          0x000000000000e448      0x170 obj/default/main.o
 .data          0x000000000000e5b8      0x170 obj/default/palette_test.o
 .data          0x000000000000e728      0x170 obj/default/text_mode_vga_color.o
 .data          0x000000000000e898        0x0 f:/quartus-lite-18.1.0.625-windows/nios2eds/bin/gnu/h-x86_64-mingw32/bin/../lib/gcc/nios2-elf/5.3.0/mno-hw-mul\libgcc.a(lib2-divmod.o)
 .data          0x000000000000e898        0x0 f:/quartus-lite-18.1.0.625-windows/nios2eds/bin/gnu/h-x86_64-mingw32/bin/../lib/gcc/nios2-elf/5.3.0/mno-hw-mul\libgcc.a(lib2-mul.o)
 .data          0x000000000000e898        0x0 f:/quartus-lite-18.1.0.625-windows/nios2eds/bin/gnu/h-x86_64-mingw32/bin/../lib/gcc/nios2-elf/5.3.0/../../../../../H-x86_64-mingw32/nios2-elf/lib/mno-hw-mul\libc.a(lib_a-rand.o)
 .data          0x000000000000e898        0x0 f:/quartus-lite-18.1.0.625-windows/nios2eds/bin/gnu/h-x86_64-mingw32/bin/../lib/gcc/nios2-elf/5.3.0/../../../../../H-x86_64-mingw32/nios2-elf/lib/mno-hw-mul\libc.a(lib_a-sprintf.o)
 .data          0x000000000000e898        0x0 f:/quartus-lite-18.1.0.625-windows/nios2eds/bin/gnu/h-x86_64-mingw32/bin/../lib/gcc/nios2-elf/5.3.0/../../../../../H-x86_64-mingw32/nios2-elf/lib/mno-hw-mul\libc.a(lib_a-strlen.o)
 .data          0x000000000000e898        0x0 f:/quartus-lite-18.1.0.625-windows/nios2eds/bin/gnu/h-x86_64-mingw32/bin/../lib/gcc/nios2-elf/5.3.0/../../../../../H-x86_64-mingw32/nios2-elf/lib/mno-hw-mul\libc.a(lib_a-svfprintf.o)
 .data          0x000000000000e898        0x0 f:/quartus-lite-18.1.0.625-windows/nios2eds/bin/gnu/h-x86_64-mingw32/bin/../lib/gcc/nios2-elf/5.3.0/../../../../../H-x86_64-mingw32/nios2-elf/lib/mno-hw-mul\libc.a(lib_a-dtoa.o)
 .data          0x000000000000e898        0x0 f:/quartus-lite-18.1.0.625-windows/nios2eds/bin/gnu/h-x86_64-mingw32/bin/../lib/gcc/nios2-elf/5.3.0/../../../../../H-x86_64-mingw32/nios2-elf/lib/mno-hw-mul\libc.a(lib_a-impure.o)
 .data.impure_data
                0x000000000000e898      0x424 f:/quartus-lite-18.1.0.625-windows/nios2eds/bin/gnu/h-x86_64-mingw32/bin/../lib/gcc/nios2-elf/5.3.0/../../../../../H-x86_64-mingw32/nios2-elf/lib/mno-hw-mul\libc.a(lib_a-impure.o)
 .data          0x000000000000ecbc        0x0 f:/quartus-lite-18.1.0.625-windows/nios2eds/bin/gnu/h-x86_64-mingw32/bin/../lib/gcc/nios2-elf/5.3.0/../../../../../H-x86_64-mingw32/nios2-elf/lib/mno-hw-mul\libc.a(lib_a-locale.o)
 .data.lc_message_charset
                0x000000000000ecbc       0x20 f:/quartus-lite-18.1.0.625-windows/nios2eds/bin/gnu/h-x86_64-mingw32/bin/../lib/gcc/nios2-elf/5.3.0/../../../../../H-x86_64-mingw32/nios2-elf/lib/mno-hw-mul\libc.a(lib_a-locale.o)
 .data.lc_ctype_charset
                0x000000000000ecdc       0x20 f:/quartus-lite-18.1.0.625-windows/nios2eds/bin/gnu/h-x86_64-mingw32/bin/../lib/gcc/nios2-elf/5.3.0/../../../../../H-x86_64-mingw32/nios2-elf/lib/mno-hw-mul\libc.a(lib_a-locale.o)
 .data.lconv    0x000000000000ecfc       0x38 f:/quartus-lite-18.1.0.625-windows/nios2eds/bin/gnu/h-x86_64-mingw32/bin/../lib/gcc/nios2-elf/5.3.0/../../../../../H-x86_64-mingw32/nios2-elf/lib/mno-hw-mul\libc.a(lib_a-locale.o)
 .data          0x000000000000ed34        0x0 f:/quartus-lite-18.1.0.625-windows/nios2eds/bin/gnu/h-x86_64-mingw32/bin/../lib/gcc/nios2-elf/5.3.0/../../../../../H-x86_64-mingw32/nios2-elf/lib/mno-hw-mul\libc.a(lib_a-mallocr.o)
 .data.__malloc_av_
                0x000000000000ed34      0x408 f:/quartus-lite-18.1.0.625-windows/nios2eds/bin/gnu/h-x86_64-mingw32/bin/../lib/gcc/nios2-elf/5.3.0/../../../../../H-x86_64-mingw32/nios2-elf/lib/mno-hw-mul\libc.a(lib_a-mallocr.o)
                0x000000000000ed34                __malloc_av_
 .data          0x000000000000f13c        0x0 f:/quartus-lite-18.1.0.625-windows/nios2eds/bin/gnu/h-x86_64-mingw32/bin/../lib/gcc/nios2-elf/5.3.0/../../../../../H-x86_64-mingw32/nios2-elf/lib/mno-hw-mul\libc.a(lib_a-memchr.o)
 .data          0x000000000000f13c        0x0 f:/quartus-lite-18.1.0.625-windows/nios2eds/bin/gnu/h-x86_64-mingw32/bin/../lib/gcc/nios2-elf/5.3.0/../../../../../H-x86_64-mingw32/nios2-elf/lib/mno-hw-mul\libc.a(lib_a-memcpy.o)
 .data          0x000000000000f13c        0x0 f:/quartus-lite-18.1.0.625-windows/nios2eds/bin/gnu/h-x86_64-mingw32/bin/../lib/gcc/nios2-elf/5.3.0/../../../../../H-x86_64-mingw32/nios2-elf/lib/mno-hw-mul\libc.a(lib_a-mprec.o)
 .data          0x000000000000f13c        0x0 f:/quartus-lite-18.1.0.625-windows/nios2eds/bin/gnu/h-x86_64-mingw32/bin/../lib/gcc/nios2-elf/5.3.0/../../../../../H-x86_64-mingw32/nios2-elf/lib/mno-hw-mul\libc.a(lib_a-s_fpclassify.o)
 .data          0x000000000000f13c        0x0 f:/quartus-lite-18.1.0.625-windows/nios2eds/bin/gnu/h-x86_64-mingw32/bin/../lib/gcc/nios2-elf/5.3.0/../../../../../H-x86_64-mingw32/nios2-elf/lib/mno-hw-mul\libc.a(lib_a-sbrkr.o)
 .data          0x000000000000f13c        0x0 f:/quartus-lite-18.1.0.625-windows/nios2eds/bin/gnu/h-x86_64-mingw32/bin/../lib/gcc/nios2-elf/5.3.0/../../../../../H-x86_64-mingw32/nios2-elf/lib/mno-hw-mul\libc.a(lib_a-strcmp.o)
 .data          0x000000000000f13c        0x0 f:/quartus-lite-18.1.0.625-windows/nios2eds/bin/gnu/h-x86_64-mingw32/bin/../lib/gcc/nios2-elf/5.3.0/../../../../../H-x86_64-mingw32/nios2-elf/lib/mno-hw-mul\libc.a(lib_a-svfiprintf.o)
 .data          0x000000000000f13c        0x0 f:/quartus-lite-18.1.0.625-windows/nios2eds/bin/gnu/h-x86_64-mingw32/bin/../lib/gcc/nios2-elf/5.3.0/../../../../../H-x86_64-mingw32/nios2-elf/lib/mno-hw-mul\libc.a(lib_a-callocr.o)
 .data          0x000000000000f13c        0x0 f:/quartus-lite-18.1.0.625-windows/nios2eds/bin/gnu/h-x86_64-mingw32/bin/../lib/gcc/nios2-elf/5.3.0/../../../../../H-x86_64-mingw32/nios2-elf/lib/mno-hw-mul\libc.a(lib_a-freer.o)
 .data          0x000000000000f13c        0x0 f:/quartus-lite-18.1.0.625-windows/nios2eds/bin/gnu/h-x86_64-mingw32/bin/../lib/gcc/nios2-elf/5.3.0/../../../../../H-x86_64-mingw32/nios2-elf/lib/mno-hw-mul\libc.a(lib_a-int_errno.o)
 .data          0x000000000000f13c        0x0 f:/quartus-lite-18.1.0.625-windows/nios2eds/bin/gnu/h-x86_64-mingw32/bin/../lib/gcc/nios2-elf/5.3.0/../../../../../H-x86_64-mingw32/nios2-elf/lib/mno-hw-mul\libc.a(lib_a-memmove.o)
 .data          0x000000000000f13c        0x0 f:/quartus-lite-18.1.0.625-windows/nios2eds/bin/gnu/h-x86_64-mingw32/bin/../lib/gcc/nios2-elf/5.3.0/../../../../../H-x86_64-mingw32/nios2-elf/lib/mno-hw-mul\libc.a(lib_a-memset.o)
 .data          0x000000000000f13c        0x0 f:/quartus-lite-18.1.0.625-windows/nios2eds/bin/gnu/h-x86_64-mingw32/bin/../lib/gcc/nios2-elf/5.3.0/../../../../../H-x86_64-mingw32/nios2-elf/lib/mno-hw-mul\libc.a(lib_a-reallocr.o)
 .data          0x000000000000f13c        0x0 f:/quartus-lite-18.1.0.625-windows/nios2eds/bin/gnu/h-x86_64-mingw32/bin/../lib/gcc/nios2-elf/5.3.0/mno-hw-mul\libgcc.a(_muldi3.o)
 .data          0x000000000000f13c        0x0 f:/quartus-lite-18.1.0.625-windows/nios2eds/bin/gnu/h-x86_64-mingw32/bin/../lib/gcc/nios2-elf/5.3.0/mno-hw-mul\libgcc.a(_udivdi3.o)
 .data          0x000000000000f13c        0x0 f:/quartus-lite-18.1.0.625-windows/nios2eds/bin/gnu/h-x86_64-mingw32/bin/../lib/gcc/nios2-elf/5.3.0/mno-hw-mul\libgcc.a(_umoddi3.o)
 .data          0x000000000000f13c        0x0 f:/quartus-lite-18.1.0.625-windows/nios2eds/bin/gnu/h-x86_64-mingw32/bin/../lib/gcc/nios2-elf/5.3.0/mno-hw-mul\libgcc.a(adddf3.o)
 .data          0x000000000000f13c        0x0 f:/quartus-lite-18.1.0.625-windows/nios2eds/bin/gnu/h-x86_64-mingw32/bin/../lib/gcc/nios2-elf/5.3.0/mno-hw-mul\libgcc.a(divdf3.o)
 .data          0x000000000000f13c        0x0 f:/quartus-lite-18.1.0.625-windows/nios2eds/bin/gnu/h-x86_64-mingw32/bin/../lib/gcc/nios2-elf/5.3.0/mno-hw-mul\libgcc.a(eqdf2.o)
 .data          0x000000000000f13c        0x0 f:/quartus-lite-18.1.0.625-windows/nios2eds/bin/gnu/h-x86_64-mingw32/bin/../lib/gcc/nios2-elf/5.3.0/mno-hw-mul\libgcc.a(gedf2.o)
 .data          0x000000000000f13c        0x0 f:/quartus-lite-18.1.0.625-windows/nios2eds/bin/gnu/h-x86_64-mingw32/bin/../lib/gcc/nios2-elf/5.3.0/mno-hw-mul\libgcc.a(ledf2.o)
 .data          0x000000000000f13c        0x0 f:/quartus-lite-18.1.0.625-windows/nios2eds/bin/gnu/h-x86_64-mingw32/bin/../lib/gcc/nios2-elf/5.3.0/mno-hw-mul\libgcc.a(muldf3.o)
 .data          0x000000000000f13c        0x0 f:/quartus-lite-18.1.0.625-windows/nios2eds/bin/gnu/h-x86_64-mingw32/bin/../lib/gcc/nios2-elf/5.3.0/mno-hw-mul\libgcc.a(subdf3.o)
 .data          0x000000000000f13c        0x0 f:/quartus-lite-18.1.0.625-windows/nios2eds/bin/gnu/h-x86_64-mingw32/bin/../lib/gcc/nios2-elf/5.3.0/mno-hw-mul\libgcc.a(fixdfsi.o)
 .data          0x000000000000f13c        0x0 f:/quartus-lite-18.1.0.625-windows/nios2eds/bin/gnu/h-x86_64-mingw32/bin/../lib/gcc/nios2-elf/5.3.0/mno-hw-mul\libgcc.a(floatsidf.o)
 .data          0x000000000000f13c        0x0 f:/quartus-lite-18.1.0.625-windows/nios2eds/bin/gnu/h-x86_64-mingw32/bin/../lib/gcc/nios2-elf/5.3.0/mno-hw-mul\libgcc.a(floatunsidf.o)
 .data          0x000000000000f13c        0x0 f:/quartus-lite-18.1.0.625-windows/nios2eds/bin/gnu/h-x86_64-mingw32/bin/../lib/gcc/nios2-elf/5.3.0/mno-hw-mul\libgcc.a(_clz.o)
 .data          0x000000000000f13c        0x0 f:/quartus-lite-18.1.0.625-windows/nios2eds/bin/gnu/h-x86_64-mingw32/bin/../lib/gcc/nios2-elf/5.3.0/mno-hw-mul\libgcc.a(_clzsi2.o)
 .data          0x000000000000f13c        0x0 ../lab92_bsp/\libhal_bsp.a(alt_load.o)
 .data          0x000000000000f13c        0x0 ../lab92_bsp/\libhal_bsp.a(alt_main.o)
 .data          0x000000000000f13c        0x0 ../lab92_bsp/\libhal_bsp.a(alt_malloc_lock.o)
 .data          0x000000000000f13c        0x0 ../lab92_bsp/\libhal_bsp.a(alt_sbrk.o)
 .data          0x000000000000f13c        0x0 ../lab92_bsp/\libhal_bsp.a(alt_usleep.o)
 .data          0x000000000000f13c     0x1060 ../lab92_bsp/\libhal_bsp.a(alt_sys_init.o)
 .data          0x000000000001019c        0x0 ../lab92_bsp/\libhal_bsp.a(altera_avalon_jtag_uart_fd.o)
 .data          0x000000000001019c        0x0 ../lab92_bsp/\libhal_bsp.a(altera_avalon_jtag_uart_init.o)
 .data          0x000000000001019c        0x0 ../lab92_bsp/\libhal_bsp.a(altera_avalon_jtag_uart_ioctl.o)
 .data          0x000000000001019c        0x0 ../lab92_bsp/\libhal_bsp.a(altera_avalon_jtag_uart_read.o)
 .data          0x000000000001019c        0x0 ../lab92_bsp/\libhal_bsp.a(altera_avalon_jtag_uart_write.o)
 .data          0x000000000001019c        0x0 ../lab92_bsp/\libhal_bsp.a(alt_alarm_start.o)
 .data          0x000000000001019c        0x0 ../lab92_bsp/\libhal_bsp.a(alt_busy_sleep.o)
 .data          0x000000000001019c        0x0 ../lab92_bsp/\libhal_bsp.a(alt_close.o)
 .data          0x000000000001019c        0x0 ../lab92_bsp/\libhal_bsp.a(alt_dcache_flush_all.o)
 .data          0x000000000001019c      0x1a8 ../lab92_bsp/\libhal_bsp.a(alt_dev.o)
                0x000000000001019c                alt_dev_null
                0x00000000000101c4                alt_fd_list
 .data          0x0000000000010344        0x0 ../lab92_bsp/\libhal_bsp.a(alt_dev_llist_insert.o)
 .data          0x0000000000010344        0x0 ../lab92_bsp/\libhal_bsp.a(alt_do_ctors.o)
 .data          0x0000000000010344        0x0 ../lab92_bsp/\libhal_bsp.a(alt_do_dtors.o)
 .data          0x0000000000010344        0x0 ../lab92_bsp/\libhal_bsp.a(alt_errno.o)
 .data          0x0000000000010344        0x0 ../lab92_bsp/\libhal_bsp.a(alt_icache_flush_all.o)
 .data          0x0000000000010344        0x0 ../lab92_bsp/\libhal_bsp.a(alt_iic.o)
 .data          0x0000000000010344        0x0 ../lab92_bsp/\libhal_bsp.a(alt_iic_isr_register.o)
 .data          0x0000000000010344        0x0 ../lab92_bsp/\libhal_bsp.a(alt_io_redirect.o)
 .data          0x0000000000010344        0x0 ../lab92_bsp/\libhal_bsp.a(alt_irq_entry.o)
 .data          0x0000000000010344        0x0 ../lab92_bsp/\libhal_bsp.a(alt_irq_handler.o)
 .data          0x0000000000010344        0x0 ../lab92_bsp/\libhal_bsp.a(alt_irq_vars.o)
 .data          0x0000000000010344        0x0 ../lab92_bsp/\libhal_bsp.a(alt_open.o)
 .data          0x0000000000010344        0x0 ../lab92_bsp/\libhal_bsp.a(alt_release_fd.o)
 .data          0x0000000000010344        0x0 ../lab92_bsp/\libhal_bsp.a(alt_tick.o)
 .data          0x0000000000010344        0x0 ../lab92_bsp/\libhal_bsp.a(altera_nios2_gen2_irq.o)
 .data          0x0000000000010344        0x0 ../lab92_bsp/\libhal_bsp.a(alt_exception_entry.o)
 .data          0x0000000000010344        0x0 ../lab92_bsp/\libhal_bsp.a(alt_find_dev.o)
 .data          0x0000000000010344        0x0 ../lab92_bsp/\libhal_bsp.a(alt_find_file.o)
 .data          0x0000000000010344        0x0 ../lab92_bsp/\libhal_bsp.a(alt_get_fd.o)
 .data          0x0000000000010344        0x0 ../lab92_bsp/\libhal_bsp.a(alt_instruction_exception_entry.o)
 .data          0x0000000000010344        0x0 f:/quartus-lite-18.1.0.625-windows/nios2eds/bin/gnu/h-x86_64-mingw32/bin/../lib/gcc/nios2-elf/5.3.0/../../../../../H-x86_64-mingw32/nios2-elf/lib/mno-hw-mul\libc.a(lib_a-atexit.o)
 .data          0x0000000000010344        0x0 f:/quartus-lite-18.1.0.625-windows/nios2eds/bin/gnu/h-x86_64-mingw32/bin/../lib/gcc/nios2-elf/5.3.0/../../../../../H-x86_64-mingw32/nios2-elf/lib/mno-hw-mul\libc.a(lib_a-exit.o)
 .data          0x0000000000010344        0x0 f:/quartus-lite-18.1.0.625-windows/nios2eds/bin/gnu/h-x86_64-mingw32/bin/../lib/gcc/nios2-elf/5.3.0/../../../../../H-x86_64-mingw32/nios2-elf/lib/mno-hw-mul\libc.a(lib_a-memcmp.o)
 .data          0x0000000000010344        0x0 f:/quartus-lite-18.1.0.625-windows/nios2eds/bin/gnu/h-x86_64-mingw32/bin/../lib/gcc/nios2-elf/5.3.0/../../../../../H-x86_64-mingw32/nios2-elf/lib/mno-hw-mul\libc.a(lib_a-__atexit.o)
 .data          0x0000000000010344        0x0 f:/quartus-lite-18.1.0.625-windows/nios2eds/bin/gnu/h-x86_64-mingw32/bin/../lib/gcc/nios2-elf/5.3.0/../../../../../H-x86_64-mingw32/nios2-elf/lib/mno-hw-mul\libc.a(lib_a-__call_atexit.o)
 .data          0x0000000000010344        0x0 ../lab92_bsp/\libhal_bsp.a(alt_exit.o)
                0x0000000000018344                _gp = ABSOLUTE ((. + 0x8000))
                [!provide]                        PROVIDE (gp, _gp)
 *(.rwdata .rwdata.*)
 *(.sdata .sdata.* .gnu.linkonce.s.*)
 .sdata         0x0000000000010344        0x4 obj/default/main.o
 .sdata         0x0000000000010348        0x4 obj/default/palette_test.o
 .sdata         0x000000000001034c        0x4 obj/default/text_mode_vga_color.o
 .sdata._global_impure_ptr
                0x0000000000010350        0x4 f:/quartus-lite-18.1.0.625-windows/nios2eds/bin/gnu/h-x86_64-mingw32/bin/../lib/gcc/nios2-elf/5.3.0/../../../../../H-x86_64-mingw32/nios2-elf/lib/mno-hw-mul\libc.a(lib_a-impure.o)
                0x0000000000010350                _global_impure_ptr
 .sdata._impure_ptr
                0x0000000000010354        0x4 f:/quartus-lite-18.1.0.625-windows/nios2eds/bin/gnu/h-x86_64-mingw32/bin/../lib/gcc/nios2-elf/5.3.0/../../../../../H-x86_64-mingw32/nios2-elf/lib/mno-hw-mul\libc.a(lib_a-impure.o)
                0x0000000000010354                _impure_ptr
 .sdata.__mb_cur_max
                0x0000000000010358        0x4 f:/quartus-lite-18.1.0.625-windows/nios2eds/bin/gnu/h-x86_64-mingw32/bin/../lib/gcc/nios2-elf/5.3.0/../../../../../H-x86_64-mingw32/nios2-elf/lib/mno-hw-mul\libc.a(lib_a-locale.o)
                0x0000000000010358                __mb_cur_max
 .sdata.__malloc_sbrk_base
                0x000000000001035c        0x4 f:/quartus-lite-18.1.0.625-windows/nios2eds/bin/gnu/h-x86_64-mingw32/bin/../lib/gcc/nios2-elf/5.3.0/../../../../../H-x86_64-mingw32/nios2-elf/lib/mno-hw-mul\libc.a(lib_a-mallocr.o)
                0x000000000001035c                __malloc_sbrk_base
 .sdata.__malloc_trim_threshold
                0x0000000000010360        0x4 f:/quartus-lite-18.1.0.625-windows/nios2eds/bin/gnu/h-x86_64-mingw32/bin/../lib/gcc/nios2-elf/5.3.0/../../../../../H-x86_64-mingw32/nios2-elf/lib/mno-hw-mul\libc.a(lib_a-mallocr.o)
                0x0000000000010360                __malloc_trim_threshold
 .sdata         0x0000000000010364        0x4 ../lab92_bsp/\libhal_bsp.a(alt_sbrk.o)
 .sdata         0x0000000000010368       0x14 ../lab92_bsp/\libhal_bsp.a(alt_dev.o)
                0x0000000000010368                alt_fs_list
                0x0000000000010370                alt_dev_list
                0x0000000000010378                alt_max_fd
 .sdata         0x000000000001037c        0x4 ../lab92_bsp/\libhal_bsp.a(alt_errno.o)
                0x000000000001037c                alt_errno
 .sdata         0x0000000000010380        0x4 ../lab92_bsp/\libhal_bsp.a(alt_irq_vars.o)
                0x0000000000010380                alt_priority_mask
 .sdata         0x0000000000010384        0x8 ../lab92_bsp/\libhal_bsp.a(alt_tick.o)
                0x0000000000010384                alt_alarm_list
 *(.sdata2 .sdata2.* .gnu.linkonce.s2.*)
                0x000000000001038c                . = ALIGN (0x4)
                0x000000000001038c                _edata = ABSOLUTE (.)
                [!provide]                        PROVIDE (edata, ABSOLUTE (.))
                0x000000000001038c                PROVIDE (__ram_rwdata_end, ABSOLUTE (.))
                0x000000000001038c                PROVIDE (__flash_rwdata_start, LOADADDR (.rwdata))

.bss            0x00000000000122d0      0x160
                0x00000000000122d0                __bss_start = ABSOLUTE (.)
                [!provide]                        PROVIDE (__sbss_start, ABSOLUTE (.))
                [!provide]                        PROVIDE (___sbss_start, ABSOLUTE (.))
 *(.dynsbss)
 *(.sbss .sbss.* .gnu.linkonce.sb.*)
 .sbss._PathLocale
                0x00000000000122d0        0x4 f:/quartus-lite-18.1.0.625-windows/nios2eds/bin/gnu/h-x86_64-mingw32/bin/../lib/gcc/nios2-elf/5.3.0/../../../../../H-x86_64-mingw32/nios2-elf/lib/mno-hw-mul\libc.a(lib_a-locale.o)
                0x00000000000122d0                _PathLocale
 .sbss.__mlocale_changed
                0x00000000000122d4        0x4 f:/quartus-lite-18.1.0.625-windows/nios2eds/bin/gnu/h-x86_64-mingw32/bin/../lib/gcc/nios2-elf/5.3.0/../../../../../H-x86_64-mingw32/nios2-elf/lib/mno-hw-mul\libc.a(lib_a-locale.o)
                0x00000000000122d4                __mlocale_changed
 .sbss.__nlocale_changed
                0x00000000000122d8        0x4 f:/quartus-lite-18.1.0.625-windows/nios2eds/bin/gnu/h-x86_64-mingw32/bin/../lib/gcc/nios2-elf/5.3.0/../../../../../H-x86_64-mingw32/nios2-elf/lib/mno-hw-mul\libc.a(lib_a-locale.o)
                0x00000000000122d8                __nlocale_changed
 .sbss.__malloc_max_total_mem
                0x00000000000122dc        0x4 f:/quartus-lite-18.1.0.625-windows/nios2eds/bin/gnu/h-x86_64-mingw32/bin/../lib/gcc/nios2-elf/5.3.0/../../../../../H-x86_64-mingw32/nios2-elf/lib/mno-hw-mul\libc.a(lib_a-mallocr.o)
                0x00000000000122dc                __malloc_max_total_mem
 .sbss.__malloc_max_sbrked_mem
                0x00000000000122e0        0x4 f:/quartus-lite-18.1.0.625-windows/nios2eds/bin/gnu/h-x86_64-mingw32/bin/../lib/gcc/nios2-elf/5.3.0/../../../../../H-x86_64-mingw32/nios2-elf/lib/mno-hw-mul\libc.a(lib_a-mallocr.o)
                0x00000000000122e0                __malloc_max_sbrked_mem
 .sbss.__malloc_top_pad
                0x00000000000122e4        0x4 f:/quartus-lite-18.1.0.625-windows/nios2eds/bin/gnu/h-x86_64-mingw32/bin/../lib/gcc/nios2-elf/5.3.0/../../../../../H-x86_64-mingw32/nios2-elf/lib/mno-hw-mul\libc.a(lib_a-mallocr.o)
                0x00000000000122e4                __malloc_top_pad
 .sbss          0x00000000000122e8        0x4 f:/quartus-lite-18.1.0.625-windows/nios2eds/bin/gnu/h-x86_64-mingw32/bin/../lib/gcc/nios2-elf/5.3.0/../../../../../H-x86_64-mingw32/nios2-elf/lib/mno-hw-mul\libc.a(lib_a-int_errno.o)
                0x00000000000122e8                errno
 .sbss          0x00000000000122ec        0xc ../lab92_bsp/\libhal_bsp.a(alt_main.o)
                0x00000000000122ec                alt_argc
                0x00000000000122f0                alt_argv
                0x00000000000122f4                alt_envp
 .sbss          0x00000000000122f8        0x4 ../lab92_bsp/\libhal_bsp.a(alt_irq_vars.o)
                0x00000000000122f8                alt_irq_active
 .sbss          0x00000000000122fc        0x8 ../lab92_bsp/\libhal_bsp.a(alt_tick.o)
                0x00000000000122fc                _alt_tick_rate
                0x0000000000012300                _alt_nticks
 .sbss          0x0000000000012304        0x4 ../lab92_bsp/\libhal_bsp.a(alt_instruction_exception_entry.o)
                0x0000000000012304                alt_instruction_exception_handler
 *(.sbss2 .sbss2.* .gnu.linkonce.sb2.*)
 *(.scommon)
                [!provide]                        PROVIDE (__sbss_end, ABSOLUTE (.))
                [!provide]                        PROVIDE (___sbss_end, ABSOLUTE (.))
 *(.dynbss)
 *(.bss .bss.* .gnu.linkonce.b.*)
 .bss           0x0000000000012308        0x0 ../lab92_bsp//obj/HAL/src/crt0.o
 .bss           0x0000000000012308        0x0 obj/default/main.o
 .bss           0x0000000000012308        0x0 obj/default/palette_test.o
 .bss           0x0000000000012308        0x0 obj/default/text_mode_vga_color.o
 .bss           0x0000000000012308        0x0 f:/quartus-lite-18.1.0.625-windows/nios2eds/bin/gnu/h-x86_64-mingw32/bin/../lib/gcc/nios2-elf/5.3.0/mno-hw-mul\libgcc.a(lib2-divmod.o)
 .bss           0x0000000000012308        0x0 f:/quartus-lite-18.1.0.625-windows/nios2eds/bin/gnu/h-x86_64-mingw32/bin/../lib/gcc/nios2-elf/5.3.0/mno-hw-mul\libgcc.a(lib2-mul.o)
 .bss           0x0000000000012308        0x0 f:/quartus-lite-18.1.0.625-windows/nios2eds/bin/gnu/h-x86_64-mingw32/bin/../lib/gcc/nios2-elf/5.3.0/../../../../../H-x86_64-mingw32/nios2-elf/lib/mno-hw-mul\libc.a(lib_a-rand.o)
 .bss           0x0000000000012308        0x0 f:/quartus-lite-18.1.0.625-windows/nios2eds/bin/gnu/h-x86_64-mingw32/bin/../lib/gcc/nios2-elf/5.3.0/../../../../../H-x86_64-mingw32/nios2-elf/lib/mno-hw-mul\libc.a(lib_a-sprintf.o)
 .bss           0x0000000000012308        0x0 f:/quartus-lite-18.1.0.625-windows/nios2eds/bin/gnu/h-x86_64-mingw32/bin/../lib/gcc/nios2-elf/5.3.0/../../../../../H-x86_64-mingw32/nios2-elf/lib/mno-hw-mul\libc.a(lib_a-strlen.o)
 .bss           0x0000000000012308        0x0 f:/quartus-lite-18.1.0.625-windows/nios2eds/bin/gnu/h-x86_64-mingw32/bin/../lib/gcc/nios2-elf/5.3.0/../../../../../H-x86_64-mingw32/nios2-elf/lib/mno-hw-mul\libc.a(lib_a-svfprintf.o)
 .bss           0x0000000000012308        0x0 f:/quartus-lite-18.1.0.625-windows/nios2eds/bin/gnu/h-x86_64-mingw32/bin/../lib/gcc/nios2-elf/5.3.0/../../../../../H-x86_64-mingw32/nios2-elf/lib/mno-hw-mul\libc.a(lib_a-dtoa.o)
 .bss           0x0000000000012308        0x0 f:/quartus-lite-18.1.0.625-windows/nios2eds/bin/gnu/h-x86_64-mingw32/bin/../lib/gcc/nios2-elf/5.3.0/../../../../../H-x86_64-mingw32/nios2-elf/lib/mno-hw-mul\libc.a(lib_a-impure.o)
 .bss           0x0000000000012308        0x0 f:/quartus-lite-18.1.0.625-windows/nios2eds/bin/gnu/h-x86_64-mingw32/bin/../lib/gcc/nios2-elf/5.3.0/../../../../../H-x86_64-mingw32/nios2-elf/lib/mno-hw-mul\libc.a(lib_a-locale.o)
 .bss           0x0000000000012308        0x0 f:/quartus-lite-18.1.0.625-windows/nios2eds/bin/gnu/h-x86_64-mingw32/bin/../lib/gcc/nios2-elf/5.3.0/../../../../../H-x86_64-mingw32/nios2-elf/lib/mno-hw-mul\libc.a(lib_a-mallocr.o)
 .bss.__malloc_current_mallinfo
                0x0000000000012308       0x28 f:/quartus-lite-18.1.0.625-windows/nios2eds/bin/gnu/h-x86_64-mingw32/bin/../lib/gcc/nios2-elf/5.3.0/../../../../../H-x86_64-mingw32/nios2-elf/lib/mno-hw-mul\libc.a(lib_a-mallocr.o)
                0x0000000000012308                __malloc_current_mallinfo
 .bss           0x0000000000012330        0x0 f:/quartus-lite-18.1.0.625-windows/nios2eds/bin/gnu/h-x86_64-mingw32/bin/../lib/gcc/nios2-elf/5.3.0/../../../../../H-x86_64-mingw32/nios2-elf/lib/mno-hw-mul\libc.a(lib_a-memchr.o)
 .bss           0x0000000000012330        0x0 f:/quartus-lite-18.1.0.625-windows/nios2eds/bin/gnu/h-x86_64-mingw32/bin/../lib/gcc/nios2-elf/5.3.0/../../../../../H-x86_64-mingw32/nios2-elf/lib/mno-hw-mul\libc.a(lib_a-memcpy.o)
 .bss           0x0000000000012330        0x0 f:/quartus-lite-18.1.0.625-windows/nios2eds/bin/gnu/h-x86_64-mingw32/bin/../lib/gcc/nios2-elf/5.3.0/../../../../../H-x86_64-mingw32/nios2-elf/lib/mno-hw-mul\libc.a(lib_a-mprec.o)
 .bss           0x0000000000012330        0x0 f:/quartus-lite-18.1.0.625-windows/nios2eds/bin/gnu/h-x86_64-mingw32/bin/../lib/gcc/nios2-elf/5.3.0/../../../../../H-x86_64-mingw32/nios2-elf/lib/mno-hw-mul\libc.a(lib_a-s_fpclassify.o)
 .bss           0x0000000000012330        0x0 f:/quartus-lite-18.1.0.625-windows/nios2eds/bin/gnu/h-x86_64-mingw32/bin/../lib/gcc/nios2-elf/5.3.0/../../../../../H-x86_64-mingw32/nios2-elf/lib/mno-hw-mul\libc.a(lib_a-sbrkr.o)
 .bss           0x0000000000012330        0x0 f:/quartus-lite-18.1.0.625-windows/nios2eds/bin/gnu/h-x86_64-mingw32/bin/../lib/gcc/nios2-elf/5.3.0/../../../../../H-x86_64-mingw32/nios2-elf/lib/mno-hw-mul\libc.a(lib_a-strcmp.o)
 .bss           0x0000000000012330        0x0 f:/quartus-lite-18.1.0.625-windows/nios2eds/bin/gnu/h-x86_64-mingw32/bin/../lib/gcc/nios2-elf/5.3.0/../../../../../H-x86_64-mingw32/nios2-elf/lib/mno-hw-mul\libc.a(lib_a-svfiprintf.o)
 .bss           0x0000000000012330        0x0 f:/quartus-lite-18.1.0.625-windows/nios2eds/bin/gnu/h-x86_64-mingw32/bin/../lib/gcc/nios2-elf/5.3.0/../../../../../H-x86_64-mingw32/nios2-elf/lib/mno-hw-mul\libc.a(lib_a-callocr.o)
 .bss           0x0000000000012330        0x0 f:/quartus-lite-18.1.0.625-windows/nios2eds/bin/gnu/h-x86_64-mingw32/bin/../lib/gcc/nios2-elf/5.3.0/../../../../../H-x86_64-mingw32/nios2-elf/lib/mno-hw-mul\libc.a(lib_a-freer.o)
 .bss           0x0000000000012330        0x0 f:/quartus-lite-18.1.0.625-windows/nios2eds/bin/gnu/h-x86_64-mingw32/bin/../lib/gcc/nios2-elf/5.3.0/../../../../../H-x86_64-mingw32/nios2-elf/lib/mno-hw-mul\libc.a(lib_a-int_errno.o)
 .bss           0x0000000000012330        0x0 f:/quartus-lite-18.1.0.625-windows/nios2eds/bin/gnu/h-x86_64-mingw32/bin/../lib/gcc/nios2-elf/5.3.0/../../../../../H-x86_64-mingw32/nios2-elf/lib/mno-hw-mul\libc.a(lib_a-memmove.o)
 .bss           0x0000000000012330        0x0 f:/quartus-lite-18.1.0.625-windows/nios2eds/bin/gnu/h-x86_64-mingw32/bin/../lib/gcc/nios2-elf/5.3.0/../../../../../H-x86_64-mingw32/nios2-elf/lib/mno-hw-mul\libc.a(lib_a-memset.o)
 .bss           0x0000000000012330        0x0 f:/quartus-lite-18.1.0.625-windows/nios2eds/bin/gnu/h-x86_64-mingw32/bin/../lib/gcc/nios2-elf/5.3.0/../../../../../H-x86_64-mingw32/nios2-elf/lib/mno-hw-mul\libc.a(lib_a-reallocr.o)
 .bss           0x0000000000012330        0x0 f:/quartus-lite-18.1.0.625-windows/nios2eds/bin/gnu/h-x86_64-mingw32/bin/../lib/gcc/nios2-elf/5.3.0/mno-hw-mul\libgcc.a(_muldi3.o)
 .bss           0x0000000000012330        0x0 f:/quartus-lite-18.1.0.625-windows/nios2eds/bin/gnu/h-x86_64-mingw32/bin/../lib/gcc/nios2-elf/5.3.0/mno-hw-mul\libgcc.a(_udivdi3.o)
 .bss           0x0000000000012330        0x0 f:/quartus-lite-18.1.0.625-windows/nios2eds/bin/gnu/h-x86_64-mingw32/bin/../lib/gcc/nios2-elf/5.3.0/mno-hw-mul\libgcc.a(_umoddi3.o)
 .bss           0x0000000000012330        0x0 f:/quartus-lite-18.1.0.625-windows/nios2eds/bin/gnu/h-x86_64-mingw32/bin/../lib/gcc/nios2-elf/5.3.0/mno-hw-mul\libgcc.a(adddf3.o)
 .bss           0x0000000000012330        0x0 f:/quartus-lite-18.1.0.625-windows/nios2eds/bin/gnu/h-x86_64-mingw32/bin/../lib/gcc/nios2-elf/5.3.0/mno-hw-mul\libgcc.a(divdf3.o)
 .bss           0x0000000000012330        0x0 f:/quartus-lite-18.1.0.625-windows/nios2eds/bin/gnu/h-x86_64-mingw32/bin/../lib/gcc/nios2-elf/5.3.0/mno-hw-mul\libgcc.a(eqdf2.o)
 .bss           0x0000000000012330        0x0 f:/quartus-lite-18.1.0.625-windows/nios2eds/bin/gnu/h-x86_64-mingw32/bin/../lib/gcc/nios2-elf/5.3.0/mno-hw-mul\libgcc.a(gedf2.o)
 .bss           0x0000000000012330        0x0 f:/quartus-lite-18.1.0.625-windows/nios2eds/bin/gnu/h-x86_64-mingw32/bin/../lib/gcc/nios2-elf/5.3.0/mno-hw-mul\libgcc.a(ledf2.o)
 .bss           0x0000000000012330        0x0 f:/quartus-lite-18.1.0.625-windows/nios2eds/bin/gnu/h-x86_64-mingw32/bin/../lib/gcc/nios2-elf/5.3.0/mno-hw-mul\libgcc.a(muldf3.o)
 .bss           0x0000000000012330        0x0 f:/quartus-lite-18.1.0.625-windows/nios2eds/bin/gnu/h-x86_64-mingw32/bin/../lib/gcc/nios2-elf/5.3.0/mno-hw-mul\libgcc.a(subdf3.o)
 .bss           0x0000000000012330        0x0 f:/quartus-lite-18.1.0.625-windows/nios2eds/bin/gnu/h-x86_64-mingw32/bin/../lib/gcc/nios2-elf/5.3.0/mno-hw-mul\libgcc.a(fixdfsi.o)
 .bss           0x0000000000012330        0x0 f:/quartus-lite-18.1.0.625-windows/nios2eds/bin/gnu/h-x86_64-mingw32/bin/../lib/gcc/nios2-elf/5.3.0/mno-hw-mul\libgcc.a(floatsidf.o)
 .bss           0x0000000000012330        0x0 f:/quartus-lite-18.1.0.625-windows/nios2eds/bin/gnu/h-x86_64-mingw32/bin/../lib/gcc/nios2-elf/5.3.0/mno-hw-mul\libgcc.a(floatunsidf.o)
 .bss           0x0000000000012330        0x0 f:/quartus-lite-18.1.0.625-windows/nios2eds/bin/gnu/h-x86_64-mingw32/bin/../lib/gcc/nios2-elf/5.3.0/mno-hw-mul\libgcc.a(_clz.o)
 .bss           0x0000000000012330        0x0 f:/quartus-lite-18.1.0.625-windows/nios2eds/bin/gnu/h-x86_64-mingw32/bin/../lib/gcc/nios2-elf/5.3.0/mno-hw-mul\libgcc.a(_clzsi2.o)
 .bss           0x0000000000012330        0x0 ../lab92_bsp/\libhal_bsp.a(alt_load.o)
 .bss           0x0000000000012330        0x0 ../lab92_bsp/\libhal_bsp.a(alt_main.o)
 .bss           0x0000000000012330        0x0 ../lab92_bsp/\libhal_bsp.a(alt_malloc_lock.o)
 .bss           0x0000000000012330        0x0 ../lab92_bsp/\libhal_bsp.a(alt_sbrk.o)
 .bss           0x0000000000012330        0x0 ../lab92_bsp/\libhal_bsp.a(alt_usleep.o)
 .bss           0x0000000000012330        0x0 ../lab92_bsp/\libhal_bsp.a(alt_sys_init.o)
 .bss           0x0000000000012330        0x0 ../lab92_bsp/\libhal_bsp.a(altera_avalon_jtag_uart_fd.o)
 .bss           0x0000000000012330        0x0 ../lab92_bsp/\libhal_bsp.a(altera_avalon_jtag_uart_init.o)
 .bss           0x0000000000012330        0x0 ../lab92_bsp/\libhal_bsp.a(altera_avalon_jtag_uart_ioctl.o)
 .bss           0x0000000000012330        0x0 ../lab92_bsp/\libhal_bsp.a(altera_avalon_jtag_uart_read.o)
 .bss           0x0000000000012330        0x0 ../lab92_bsp/\libhal_bsp.a(altera_avalon_jtag_uart_write.o)
 .bss           0x0000000000012330        0x0 ../lab92_bsp/\libhal_bsp.a(alt_alarm_start.o)
 .bss           0x0000000000012330        0x0 ../lab92_bsp/\libhal_bsp.a(alt_busy_sleep.o)
 .bss           0x0000000000012330        0x0 ../lab92_bsp/\libhal_bsp.a(alt_close.o)
 .bss           0x0000000000012330        0x0 ../lab92_bsp/\libhal_bsp.a(alt_dcache_flush_all.o)
 .bss           0x0000000000012330        0x0 ../lab92_bsp/\libhal_bsp.a(alt_dev.o)
 .bss           0x0000000000012330        0x0 ../lab92_bsp/\libhal_bsp.a(alt_dev_llist_insert.o)
 .bss           0x0000000000012330        0x0 ../lab92_bsp/\libhal_bsp.a(alt_do_ctors.o)
 .bss           0x0000000000012330        0x0 ../lab92_bsp/\libhal_bsp.a(alt_do_dtors.o)
 .bss           0x0000000000012330        0x0 ../lab92_bsp/\libhal_bsp.a(alt_errno.o)
 .bss           0x0000000000012330        0x0 ../lab92_bsp/\libhal_bsp.a(alt_icache_flush_all.o)
 .bss           0x0000000000012330        0x0 ../lab92_bsp/\libhal_bsp.a(alt_iic.o)
 .bss           0x0000000000012330        0x0 ../lab92_bsp/\libhal_bsp.a(alt_iic_isr_register.o)
 .bss           0x0000000000012330        0x0 ../lab92_bsp/\libhal_bsp.a(alt_io_redirect.o)
 .bss           0x0000000000012330        0x0 ../lab92_bsp/\libhal_bsp.a(alt_irq_entry.o)
 .bss           0x0000000000012330        0x0 ../lab92_bsp/\libhal_bsp.a(alt_irq_handler.o)
 .bss           0x0000000000012330        0x0 ../lab92_bsp/\libhal_bsp.a(alt_irq_vars.o)
 .bss           0x0000000000012330        0x0 ../lab92_bsp/\libhal_bsp.a(alt_open.o)
 .bss           0x0000000000012330        0x0 ../lab92_bsp/\libhal_bsp.a(alt_release_fd.o)
 .bss           0x0000000000012330        0x0 ../lab92_bsp/\libhal_bsp.a(alt_tick.o)
 .bss           0x0000000000012330        0x0 ../lab92_bsp/\libhal_bsp.a(altera_nios2_gen2_irq.o)
 .bss           0x0000000000012330        0x0 ../lab92_bsp/\libhal_bsp.a(alt_exception_entry.o)
 .bss           0x0000000000012330        0x0 ../lab92_bsp/\libhal_bsp.a(alt_find_dev.o)
 .bss           0x0000000000012330        0x0 ../lab92_bsp/\libhal_bsp.a(alt_find_file.o)
 .bss           0x0000000000012330        0x0 ../lab92_bsp/\libhal_bsp.a(alt_get_fd.o)
 .bss           0x0000000000012330        0x0 ../lab92_bsp/\libhal_bsp.a(alt_instruction_exception_entry.o)
 .bss           0x0000000000012330        0x0 f:/quartus-lite-18.1.0.625-windows/nios2eds/bin/gnu/h-x86_64-mingw32/bin/../lib/gcc/nios2-elf/5.3.0/../../../../../H-x86_64-mingw32/nios2-elf/lib/mno-hw-mul\libc.a(lib_a-atexit.o)
 .bss           0x0000000000012330        0x0 f:/quartus-lite-18.1.0.625-windows/nios2eds/bin/gnu/h-x86_64-mingw32/bin/../lib/gcc/nios2-elf/5.3.0/../../../../../H-x86_64-mingw32/nios2-elf/lib/mno-hw-mul\libc.a(lib_a-exit.o)
 .bss           0x0000000000012330        0x0 f:/quartus-lite-18.1.0.625-windows/nios2eds/bin/gnu/h-x86_64-mingw32/bin/../lib/gcc/nios2-elf/5.3.0/../../../../../H-x86_64-mingw32/nios2-elf/lib/mno-hw-mul\libc.a(lib_a-memcmp.o)
 .bss           0x0000000000012330        0x0 f:/quartus-lite-18.1.0.625-windows/nios2eds/bin/gnu/h-x86_64-mingw32/bin/../lib/gcc/nios2-elf/5.3.0/../../../../../H-x86_64-mingw32/nios2-elf/lib/mno-hw-mul\libc.a(lib_a-__atexit.o)
 .bss           0x0000000000012330        0x0 f:/quartus-lite-18.1.0.625-windows/nios2eds/bin/gnu/h-x86_64-mingw32/bin/../lib/gcc/nios2-elf/5.3.0/../../../../../H-x86_64-mingw32/nios2-elf/lib/mno-hw-mul\libc.a(lib_a-__call_atexit.o)
 .bss           0x0000000000012330        0x0 ../lab92_bsp/\libhal_bsp.a(alt_exit.o)
 *(COMMON)
 COMMON         0x0000000000012330      0x100 ../lab92_bsp/\libhal_bsp.a(alt_irq_handler.o)
                0x0000000000012330                alt_irq
                0x0000000000012430                . = ALIGN (0x4)
                0x0000000000012430                __bss_end = ABSOLUTE (.)

.sdram          0x0000000000012430        0x0
                [!provide]                        PROVIDE (_alt_partition_sdram_start, ABSOLUTE (.))
 *(.sdram .sdram. sdram.*)
                0x0000000000012430                . = ALIGN (0x4)
                [!provide]                        PROVIDE (_alt_partition_sdram_end, ABSOLUTE (.))
                0x0000000000012430                _end = ABSOLUTE (.)
                0x0000000000012430                end = ABSOLUTE (.)
                0x0000000000012430                __alt_stack_base = ABSOLUTE (.)
                [!provide]                        PROVIDE (_alt_partition_sdram_load_addr, LOADADDR (.sdram))

.onchip_memory2_0
                0x0000000009000000        0x0 load address 0x0000000000012430
                [!provide]                        PROVIDE (_alt_partition_onchip_memory2_0_start, ABSOLUTE (.))
 *(.onchip_memory2_0 .onchip_memory2_0. onchip_memory2_0.*)
                0x0000000009000000                . = ALIGN (0x4)
                [!provide]                        PROVIDE (_alt_partition_onchip_memory2_0_end, ABSOLUTE (.))
                [!provide]                        PROVIDE (_alt_partition_onchip_memory2_0_load_addr, LOADADDR (.onchip_memory2_0))

.stab
 *(.stab)

.stabstr
 *(.stabstr)

.stab.excl
 *(.stab.excl)

.stab.exclstr
 *(.stab.exclstr)

.stab.index
 *(.stab.index)

.stab.indexstr
 *(.stab.indexstr)

.comment        0x0000000000000000       0x23
 *(.comment)
 .comment       0x0000000000000000       0x23 obj/default/main.o
                                         0x24 (size before relaxing)
 .comment       0x0000000000000023       0x24 obj/default/palette_test.o
 .comment       0x0000000000000023       0x24 obj/default/text_mode_vga_color.o
 .comment       0x0000000000000023       0x24 f:/quartus-lite-18.1.0.625-windows/nios2eds/bin/gnu/h-x86_64-mingw32/bin/../lib/gcc/nios2-elf/5.3.0/mno-hw-mul\libgcc.a(lib2-divmod.o)
 .comment       0x0000000000000023       0x24 f:/quartus-lite-18.1.0.625-windows/nios2eds/bin/gnu/h-x86_64-mingw32/bin/../lib/gcc/nios2-elf/5.3.0/mno-hw-mul\libgcc.a(lib2-mul.o)
 .comment       0x0000000000000023       0x24 f:/quartus-lite-18.1.0.625-windows/nios2eds/bin/gnu/h-x86_64-mingw32/bin/../lib/gcc/nios2-elf/5.3.0/../../../../../H-x86_64-mingw32/nios2-elf/lib/mno-hw-mul\libc.a(lib_a-rand.o)
 .comment       0x0000000000000023       0x24 f:/quartus-lite-18.1.0.625-windows/nios2eds/bin/gnu/h-x86_64-mingw32/bin/../lib/gcc/nios2-elf/5.3.0/../../../../../H-x86_64-mingw32/nios2-elf/lib/mno-hw-mul\libc.a(lib_a-sprintf.o)
 .comment       0x0000000000000023       0x24 f:/quartus-lite-18.1.0.625-windows/nios2eds/bin/gnu/h-x86_64-mingw32/bin/../lib/gcc/nios2-elf/5.3.0/../../../../../H-x86_64-mingw32/nios2-elf/lib/mno-hw-mul\libc.a(lib_a-strlen.o)
 .comment       0x0000000000000023       0x24 f:/quartus-lite-18.1.0.625-windows/nios2eds/bin/gnu/h-x86_64-mingw32/bin/../lib/gcc/nios2-elf/5.3.0/../../../../../H-x86_64-mingw32/nios2-elf/lib/mno-hw-mul\libc.a(lib_a-svfprintf.o)
 .comment       0x0000000000000023       0x24 f:/quartus-lite-18.1.0.625-windows/nios2eds/bin/gnu/h-x86_64-mingw32/bin/../lib/gcc/nios2-elf/5.3.0/../../../../../H-x86_64-mingw32/nios2-elf/lib/mno-hw-mul\libc.a(lib_a-dtoa.o)
 .comment       0x0000000000000023       0x24 f:/quartus-lite-18.1.0.625-windows/nios2eds/bin/gnu/h-x86_64-mingw32/bin/../lib/gcc/nios2-elf/5.3.0/../../../../../H-x86_64-mingw32/nios2-elf/lib/mno-hw-mul\libc.a(lib_a-impure.o)
 .comment       0x0000000000000023       0x24 f:/quartus-lite-18.1.0.625-windows/nios2eds/bin/gnu/h-x86_64-mingw32/bin/../lib/gcc/nios2-elf/5.3.0/../../../../../H-x86_64-mingw32/nios2-elf/lib/mno-hw-mul\libc.a(lib_a-locale.o)
 .comment       0x0000000000000023       0x24 f:/quartus-lite-18.1.0.625-windows/nios2eds/bin/gnu/h-x86_64-mingw32/bin/../lib/gcc/nios2-elf/5.3.0/../../../../../H-x86_64-mingw32/nios2-elf/lib/mno-hw-mul\libc.a(lib_a-mallocr.o)
 .comment       0x0000000000000023       0x24 f:/quartus-lite-18.1.0.625-windows/nios2eds/bin/gnu/h-x86_64-mingw32/bin/../lib/gcc/nios2-elf/5.3.0/../../../../../H-x86_64-mingw32/nios2-elf/lib/mno-hw-mul\libc.a(lib_a-memchr.o)
 .comment       0x0000000000000023       0x24 f:/quartus-lite-18.1.0.625-windows/nios2eds/bin/gnu/h-x86_64-mingw32/bin/../lib/gcc/nios2-elf/5.3.0/../../../../../H-x86_64-mingw32/nios2-elf/lib/mno-hw-mul\libc.a(lib_a-memcpy.o)
 .comment       0x0000000000000023       0x24 f:/quartus-lite-18.1.0.625-windows/nios2eds/bin/gnu/h-x86_64-mingw32/bin/../lib/gcc/nios2-elf/5.3.0/../../../../../H-x86_64-mingw32/nios2-elf/lib/mno-hw-mul\libc.a(lib_a-mprec.o)
 .comment       0x0000000000000023       0x24 f:/quartus-lite-18.1.0.625-windows/nios2eds/bin/gnu/h-x86_64-mingw32/bin/../lib/gcc/nios2-elf/5.3.0/../../../../../H-x86_64-mingw32/nios2-elf/lib/mno-hw-mul\libc.a(lib_a-s_fpclassify.o)
 .comment       0x0000000000000023       0x24 f:/quartus-lite-18.1.0.625-windows/nios2eds/bin/gnu/h-x86_64-mingw32/bin/../lib/gcc/nios2-elf/5.3.0/../../../../../H-x86_64-mingw32/nios2-elf/lib/mno-hw-mul\libc.a(lib_a-sbrkr.o)
 .comment       0x0000000000000023       0x24 f:/quartus-lite-18.1.0.625-windows/nios2eds/bin/gnu/h-x86_64-mingw32/bin/../lib/gcc/nios2-elf/5.3.0/../../../../../H-x86_64-mingw32/nios2-elf/lib/mno-hw-mul\libc.a(lib_a-strcmp.o)
 .comment       0x0000000000000023       0x24 f:/quartus-lite-18.1.0.625-windows/nios2eds/bin/gnu/h-x86_64-mingw32/bin/../lib/gcc/nios2-elf/5.3.0/../../../../../H-x86_64-mingw32/nios2-elf/lib/mno-hw-mul\libc.a(lib_a-svfiprintf.o)
 .comment       0x0000000000000023       0x24 f:/quartus-lite-18.1.0.625-windows/nios2eds/bin/gnu/h-x86_64-mingw32/bin/../lib/gcc/nios2-elf/5.3.0/../../../../../H-x86_64-mingw32/nios2-elf/lib/mno-hw-mul\libc.a(lib_a-callocr.o)
 .comment       0x0000000000000023       0x24 f:/quartus-lite-18.1.0.625-windows/nios2eds/bin/gnu/h-x86_64-mingw32/bin/../lib/gcc/nios2-elf/5.3.0/../../../../../H-x86_64-mingw32/nios2-elf/lib/mno-hw-mul\libc.a(lib_a-freer.o)
 .comment       0x0000000000000023       0x24 f:/quartus-lite-18.1.0.625-windows/nios2eds/bin/gnu/h-x86_64-mingw32/bin/../lib/gcc/nios2-elf/5.3.0/../../../../../H-x86_64-mingw32/nios2-elf/lib/mno-hw-mul\libc.a(lib_a-int_errno.o)
 .comment       0x0000000000000023       0x24 f:/quartus-lite-18.1.0.625-windows/nios2eds/bin/gnu/h-x86_64-mingw32/bin/../lib/gcc/nios2-elf/5.3.0/../../../../../H-x86_64-mingw32/nios2-elf/lib/mno-hw-mul\libc.a(lib_a-memmove.o)
 .comment       0x0000000000000023       0x24 f:/quartus-lite-18.1.0.625-windows/nios2eds/bin/gnu/h-x86_64-mingw32/bin/../lib/gcc/nios2-elf/5.3.0/../../../../../H-x86_64-mingw32/nios2-elf/lib/mno-hw-mul\libc.a(lib_a-memset.o)
 .comment       0x0000000000000023       0x24 f:/quartus-lite-18.1.0.625-windows/nios2eds/bin/gnu/h-x86_64-mingw32/bin/../lib/gcc/nios2-elf/5.3.0/../../../../../H-x86_64-mingw32/nios2-elf/lib/mno-hw-mul\libc.a(lib_a-reallocr.o)
 .comment       0x0000000000000023       0x24 f:/quartus-lite-18.1.0.625-windows/nios2eds/bin/gnu/h-x86_64-mingw32/bin/../lib/gcc/nios2-elf/5.3.0/mno-hw-mul\libgcc.a(_muldi3.o)
 .comment       0x0000000000000023       0x24 f:/quartus-lite-18.1.0.625-windows/nios2eds/bin/gnu/h-x86_64-mingw32/bin/../lib/gcc/nios2-elf/5.3.0/mno-hw-mul\libgcc.a(_udivdi3.o)
 .comment       0x0000000000000023       0x24 f:/quartus-lite-18.1.0.625-windows/nios2eds/bin/gnu/h-x86_64-mingw32/bin/../lib/gcc/nios2-elf/5.3.0/mno-hw-mul\libgcc.a(_umoddi3.o)
 .comment       0x0000000000000023       0x24 f:/quartus-lite-18.1.0.625-windows/nios2eds/bin/gnu/h-x86_64-mingw32/bin/../lib/gcc/nios2-elf/5.3.0/mno-hw-mul\libgcc.a(adddf3.o)
 .comment       0x0000000000000023       0x24 f:/quartus-lite-18.1.0.625-windows/nios2eds/bin/gnu/h-x86_64-mingw32/bin/../lib/gcc/nios2-elf/5.3.0/mno-hw-mul\libgcc.a(divdf3.o)
 .comment       0x0000000000000023       0x24 f:/quartus-lite-18.1.0.625-windows/nios2eds/bin/gnu/h-x86_64-mingw32/bin/../lib/gcc/nios2-elf/5.3.0/mno-hw-mul\libgcc.a(eqdf2.o)
 .comment       0x0000000000000023       0x24 f:/quartus-lite-18.1.0.625-windows/nios2eds/bin/gnu/h-x86_64-mingw32/bin/../lib/gcc/nios2-elf/5.3.0/mno-hw-mul\libgcc.a(gedf2.o)
 .comment       0x0000000000000023       0x24 f:/quartus-lite-18.1.0.625-windows/nios2eds/bin/gnu/h-x86_64-mingw32/bin/../lib/gcc/nios2-elf/5.3.0/mno-hw-mul\libgcc.a(ledf2.o)
 .comment       0x0000000000000023       0x24 f:/quartus-lite-18.1.0.625-windows/nios2eds/bin/gnu/h-x86_64-mingw32/bin/../lib/gcc/nios2-elf/5.3.0/mno-hw-mul\libgcc.a(muldf3.o)
 .comment       0x0000000000000023       0x24 f:/quartus-lite-18.1.0.625-windows/nios2eds/bin/gnu/h-x86_64-mingw32/bin/../lib/gcc/nios2-elf/5.3.0/mno-hw-mul\libgcc.a(subdf3.o)
 .comment       0x0000000000000023       0x24 f:/quartus-lite-18.1.0.625-windows/nios2eds/bin/gnu/h-x86_64-mingw32/bin/../lib/gcc/nios2-elf/5.3.0/mno-hw-mul\libgcc.a(fixdfsi.o)
 .comment       0x0000000000000023       0x24 f:/quartus-lite-18.1.0.625-windows/nios2eds/bin/gnu/h-x86_64-mingw32/bin/../lib/gcc/nios2-elf/5.3.0/mno-hw-mul\libgcc.a(floatsidf.o)
 .comment       0x0000000000000023       0x24 f:/quartus-lite-18.1.0.625-windows/nios2eds/bin/gnu/h-x86_64-mingw32/bin/../lib/gcc/nios2-elf/5.3.0/mno-hw-mul\libgcc.a(floatunsidf.o)
 .comment       0x0000000000000023       0x24 f:/quartus-lite-18.1.0.625-windows/nios2eds/bin/gnu/h-x86_64-mingw32/bin/../lib/gcc/nios2-elf/5.3.0/mno-hw-mul\libgcc.a(_clz.o)
 .comment       0x0000000000000023       0x24 f:/quartus-lite-18.1.0.625-windows/nios2eds/bin/gnu/h-x86_64-mingw32/bin/../lib/gcc/nios2-elf/5.3.0/mno-hw-mul\libgcc.a(_clzsi2.o)
 .comment       0x0000000000000023       0x24 ../lab92_bsp/\libhal_bsp.a(alt_load.o)
 .comment       0x0000000000000023       0x24 ../lab92_bsp/\libhal_bsp.a(alt_main.o)
 .comment       0x0000000000000023       0x24 ../lab92_bsp/\libhal_bsp.a(alt_malloc_lock.o)
 .comment       0x0000000000000023       0x24 ../lab92_bsp/\libhal_bsp.a(alt_sbrk.o)
 .comment       0x0000000000000023       0x24 ../lab92_bsp/\libhal_bsp.a(alt_usleep.o)
 .comment       0x0000000000000023       0x24 ../lab92_bsp/\libhal_bsp.a(alt_sys_init.o)
 .comment       0x0000000000000023       0x24 ../lab92_bsp/\libhal_bsp.a(altera_avalon_jtag_uart_fd.o)
 .comment       0x0000000000000023       0x24 ../lab92_bsp/\libhal_bsp.a(altera_avalon_jtag_uart_init.o)
 .comment       0x0000000000000023       0x24 ../lab92_bsp/\libhal_bsp.a(altera_avalon_jtag_uart_ioctl.o)
 .comment       0x0000000000000023       0x24 ../lab92_bsp/\libhal_bsp.a(altera_avalon_jtag_uart_read.o)
 .comment       0x0000000000000023       0x24 ../lab92_bsp/\libhal_bsp.a(altera_avalon_jtag_uart_write.o)
 .comment       0x0000000000000023       0x24 ../lab92_bsp/\libhal_bsp.a(alt_alarm_start.o)
 .comment       0x0000000000000023       0x24 ../lab92_bsp/\libhal_bsp.a(alt_busy_sleep.o)
 .comment       0x0000000000000023       0x24 ../lab92_bsp/\libhal_bsp.a(alt_close.o)
 .comment       0x0000000000000023       0x24 ../lab92_bsp/\libhal_bsp.a(alt_dcache_flush_all.o)
 .comment       0x0000000000000023       0x24 ../lab92_bsp/\libhal_bsp.a(alt_dev.o)
 .comment       0x0000000000000023       0x24 ../lab92_bsp/\libhal_bsp.a(alt_dev_llist_insert.o)
 .comment       0x0000000000000023       0x24 ../lab92_bsp/\libhal_bsp.a(alt_do_ctors.o)
 .comment       0x0000000000000023       0x24 ../lab92_bsp/\libhal_bsp.a(alt_do_dtors.o)
 .comment       0x0000000000000023       0x24 ../lab92_bsp/\libhal_bsp.a(alt_errno.o)
 .comment       0x0000000000000023       0x24 ../lab92_bsp/\libhal_bsp.a(alt_icache_flush_all.o)
 .comment       0x0000000000000023       0x24 ../lab92_bsp/\libhal_bsp.a(alt_iic.o)
 .comment       0x0000000000000023       0x24 ../lab92_bsp/\libhal_bsp.a(alt_iic_isr_register.o)
 .comment       0x0000000000000023       0x24 ../lab92_bsp/\libhal_bsp.a(alt_io_redirect.o)
 .comment       0x0000000000000023       0x24 ../lab92_bsp/\libhal_bsp.a(alt_irq_handler.o)
 .comment       0x0000000000000023       0x24 ../lab92_bsp/\libhal_bsp.a(alt_irq_vars.o)
 .comment       0x0000000000000023       0x24 ../lab92_bsp/\libhal_bsp.a(alt_open.o)
 .comment       0x0000000000000023       0x24 ../lab92_bsp/\libhal_bsp.a(alt_release_fd.o)
 .comment       0x0000000000000023       0x24 ../lab92_bsp/\libhal_bsp.a(alt_tick.o)
 .comment       0x0000000000000023       0x24 ../lab92_bsp/\libhal_bsp.a(altera_nios2_gen2_irq.o)
 .comment       0x0000000000000023       0x24 ../lab92_bsp/\libhal_bsp.a(alt_find_dev.o)
 .comment       0x0000000000000023       0x24 ../lab92_bsp/\libhal_bsp.a(alt_find_file.o)
 .comment       0x0000000000000023       0x24 ../lab92_bsp/\libhal_bsp.a(alt_get_fd.o)
 .comment       0x0000000000000023       0x24 ../lab92_bsp/\libhal_bsp.a(alt_instruction_exception_entry.o)
 .comment       0x0000000000000023       0x24 f:/quartus-lite-18.1.0.625-windows/nios2eds/bin/gnu/h-x86_64-mingw32/bin/../lib/gcc/nios2-elf/5.3.0/../../../../../H-x86_64-mingw32/nios2-elf/lib/mno-hw-mul\libc.a(lib_a-atexit.o)
 .comment       0x0000000000000023       0x24 f:/quartus-lite-18.1.0.625-windows/nios2eds/bin/gnu/h-x86_64-mingw32/bin/../lib/gcc/nios2-elf/5.3.0/../../../../../H-x86_64-mingw32/nios2-elf/lib/mno-hw-mul\libc.a(lib_a-exit.o)
 .comment       0x0000000000000023       0x24 f:/quartus-lite-18.1.0.625-windows/nios2eds/bin/gnu/h-x86_64-mingw32/bin/../lib/gcc/nios2-elf/5.3.0/../../../../../H-x86_64-mingw32/nios2-elf/lib/mno-hw-mul\libc.a(lib_a-memcmp.o)
 .comment       0x0000000000000023       0x24 f:/quartus-lite-18.1.0.625-windows/nios2eds/bin/gnu/h-x86_64-mingw32/bin/../lib/gcc/nios2-elf/5.3.0/../../../../../H-x86_64-mingw32/nios2-elf/lib/mno-hw-mul\libc.a(lib_a-__atexit.o)
 .comment       0x0000000000000023       0x24 f:/quartus-lite-18.1.0.625-windows/nios2eds/bin/gnu/h-x86_64-mingw32/bin/../lib/gcc/nios2-elf/5.3.0/../../../../../H-x86_64-mingw32/nios2-elf/lib/mno-hw-mul\libc.a(lib_a-__call_atexit.o)
 .comment       0x0000000000000023       0x24 ../lab92_bsp/\libhal_bsp.a(alt_exit.o)

.debug
 *(.debug)

.line
 *(.line)

.debug_srcinfo
 *(.debug_srcinfo)

.debug_sfnames
 *(.debug_sfnames)

.debug_aranges  0x0000000000000000      0xb80
 *(.debug_aranges)
 .debug_aranges
                0x0000000000000000       0x28 ../lab92_bsp//obj/HAL/src/crt0.o
 .debug_aranges
                0x0000000000000028       0x20 obj/default/main.o
 .debug_aranges
                0x0000000000000048       0x20 obj/default/palette_test.o
 .debug_aranges
                0x0000000000000068       0x20 obj/default/text_mode_vga_color.o
 .debug_aranges